Archive member included to satisfy reference by file (symbol)

d:/ac6/systemworkbench/plugins/fr.ac6.mcu.externaltools.arm-none.win32_1.15.0.201708311556/tools/compiler/bin/../lib/gcc/arm-none-eabi/6.3.1/thumb/v7e-m/fpv4-sp/hard\libgcc.a(_aeabi_uldivmod.o)
                              Drivers/STM32F4xx_HAL_Driver/Src/stm32f4xx_hal_rcc.o (__aeabi_uldivmod)
d:/ac6/systemworkbench/plugins/fr.ac6.mcu.externaltools.arm-none.win32_1.15.0.201708311556/tools/compiler/bin/../lib/gcc/arm-none-eabi/6.3.1/thumb/v7e-m/fpv4-sp/hard\libgcc.a(_udivmoddi4.o)
                              d:/ac6/systemworkbench/plugins/fr.ac6.mcu.externaltools.arm-none.win32_1.15.0.201708311556/tools/compiler/bin/../lib/gcc/arm-none-eabi/6.3.1/thumb/v7e-m/fpv4-sp/hard\libgcc.a(_aeabi_uldivmod.o) (__udivmoddi4)
d:/ac6/systemworkbench/plugins/fr.ac6.mcu.externaltools.arm-none.win32_1.15.0.201708311556/tools/compiler/bin/../lib/gcc/arm-none-eabi/6.3.1/thumb/v7e-m/fpv4-sp/hard\libgcc.a(_dvmd_tls.o)
                              d:/ac6/systemworkbench/plugins/fr.ac6.mcu.externaltools.arm-none.win32_1.15.0.201708311556/tools/compiler/bin/../lib/gcc/arm-none-eabi/6.3.1/thumb/v7e-m/fpv4-sp/hard\libgcc.a(_aeabi_uldivmod.o) (__aeabi_ldiv0)
d:/ac6/systemworkbench/plugins/fr.ac6.mcu.externaltools.arm-none.win32_1.15.0.201708311556/tools/compiler/bin/../lib/gcc/arm-none-eabi/6.3.1/../../../../arm-none-eabi/lib/thumb/v7e-m/fpv4-sp/hard\libc_nano.a(lib_a-exit.o)
                              d:/ac6/systemworkbench/plugins/fr.ac6.mcu.externaltools.arm-none.win32_1.15.0.201708311556/tools/compiler/bin/../lib/gcc/arm-none-eabi/6.3.1/../../../../arm-none-eabi/lib/thumb/v7e-m/fpv4-sp/hard/crt0.o (exit)
d:/ac6/systemworkbench/plugins/fr.ac6.mcu.externaltools.arm-none.win32_1.15.0.201708311556/tools/compiler/bin/../lib/gcc/arm-none-eabi/6.3.1/../../../../arm-none-eabi/lib/thumb/v7e-m/fpv4-sp/hard\libc_nano.a(lib_a-impure.o)
                              d:/ac6/systemworkbench/plugins/fr.ac6.mcu.externaltools.arm-none.win32_1.15.0.201708311556/tools/compiler/bin/../lib/gcc/arm-none-eabi/6.3.1/../../../../arm-none-eabi/lib/thumb/v7e-m/fpv4-sp/hard\libc_nano.a(lib_a-exit.o) (_global_impure_ptr)
d:/ac6/systemworkbench/plugins/fr.ac6.mcu.externaltools.arm-none.win32_1.15.0.201708311556/tools/compiler/bin/../lib/gcc/arm-none-eabi/6.3.1/../../../../arm-none-eabi/lib/thumb/v7e-m/fpv4-sp/hard\libc_nano.a(lib_a-init.o)
                              d:/ac6/systemworkbench/plugins/fr.ac6.mcu.externaltools.arm-none.win32_1.15.0.201708311556/tools/compiler/bin/../lib/gcc/arm-none-eabi/6.3.1/../../../../arm-none-eabi/lib/thumb/v7e-m/fpv4-sp/hard/crt0.o (__libc_init_array)
d:/ac6/systemworkbench/plugins/fr.ac6.mcu.externaltools.arm-none.win32_1.15.0.201708311556/tools/compiler/bin/../lib/gcc/arm-none-eabi/6.3.1/../../../../arm-none-eabi/lib/thumb/v7e-m/fpv4-sp/hard\libc_nano.a(lib_a-malloc.o)
                              Middlewares/ST/STM32_USB_Device_Library/Class/CDC/Src/usbd_cdc.o (malloc)
d:/ac6/systemworkbench/plugins/fr.ac6.mcu.externaltools.arm-none.win32_1.15.0.201708311556/tools/compiler/bin/../lib/gcc/arm-none-eabi/6.3.1/../../../../arm-none-eabi/lib/thumb/v7e-m/fpv4-sp/hard\libc_nano.a(lib_a-memset.o)
                              d:/ac6/systemworkbench/plugins/fr.ac6.mcu.externaltools.arm-none.win32_1.15.0.201708311556/tools/compiler/bin/../lib/gcc/arm-none-eabi/6.3.1/../../../../arm-none-eabi/lib/thumb/v7e-m/fpv4-sp/hard/crt0.o (memset)
d:/ac6/systemworkbench/plugins/fr.ac6.mcu.externaltools.arm-none.win32_1.15.0.201708311556/tools/compiler/bin/../lib/gcc/arm-none-eabi/6.3.1/../../../../arm-none-eabi/lib/thumb/v7e-m/fpv4-sp/hard\libc_nano.a(lib_a-nano-freer.o)
                              d:/ac6/systemworkbench/plugins/fr.ac6.mcu.externaltools.arm-none.win32_1.15.0.201708311556/tools/compiler/bin/../lib/gcc/arm-none-eabi/6.3.1/../../../../arm-none-eabi/lib/thumb/v7e-m/fpv4-sp/hard\libc_nano.a(lib_a-malloc.o) (_free_r)
d:/ac6/systemworkbench/plugins/fr.ac6.mcu.externaltools.arm-none.win32_1.15.0.201708311556/tools/compiler/bin/../lib/gcc/arm-none-eabi/6.3.1/../../../../arm-none-eabi/lib/thumb/v7e-m/fpv4-sp/hard\libc_nano.a(lib_a-nano-mallocr.o)
                              d:/ac6/systemworkbench/plugins/fr.ac6.mcu.externaltools.arm-none.win32_1.15.0.201708311556/tools/compiler/bin/../lib/gcc/arm-none-eabi/6.3.1/../../../../arm-none-eabi/lib/thumb/v7e-m/fpv4-sp/hard\libc_nano.a(lib_a-malloc.o) (_malloc_r)
d:/ac6/systemworkbench/plugins/fr.ac6.mcu.externaltools.arm-none.win32_1.15.0.201708311556/tools/compiler/bin/../lib/gcc/arm-none-eabi/6.3.1/../../../../arm-none-eabi/lib/thumb/v7e-m/fpv4-sp/hard\libc_nano.a(lib_a-sbrkr.o)
                              d:/ac6/systemworkbench/plugins/fr.ac6.mcu.externaltools.arm-none.win32_1.15.0.201708311556/tools/compiler/bin/../lib/gcc/arm-none-eabi/6.3.1/../../../../arm-none-eabi/lib/thumb/v7e-m/fpv4-sp/hard\libc_nano.a(lib_a-nano-mallocr.o) (_sbrk_r)
[...]
Memory Configuration

Name             Origin             Length             Attributes
RAM              0x20000000         0x00030000         xrw
CCMRAM           0x10000000         0x00010000         rw
FLASH            0x08000000         0x00200000         xr
*default*        0x00000000         0xffffffff

Linker script and memory map

LOAD d:/ac6/systemworkbench/plugins/fr.ac6.mcu.externaltools.arm-none.win32_1.15.0.201708311556/tools/compiler/bin/../lib/gcc/arm-none-eabi/6.3.1/thumb/v7e-m/fpv4-sp/hard/crti.o
LOAD d:/ac6/systemworkbench/plugins/fr.ac6.mcu.externaltools.arm-none.win32_1.15.0.201708311556/tools/compiler/bin/../lib/gcc/arm-none-eabi/6.3.1/thumb/v7e-m/fpv4-sp/hard/crtbegin.o
LOAD d:/ac6/systemworkbench/plugins/fr.ac6.mcu.externaltools.arm-none.win32_1.15.0.201708311556/tools/compiler/bin/../lib/gcc/arm-none-eabi/6.3.1/../../../../arm-none-eabi/lib/thumb/v7e-m/fpv4-sp/hard/crt0.o
LOAD Drivers/STM32F4xx_HAL_Driver/Src/stm32f4xx_hal.o
LOAD Drivers/STM32F4xx_HAL_Driver/Src/stm32f4xx_hal_cortex.o
LOAD Drivers/STM32F4xx_HAL_Driver/Src/stm32f4xx_hal_dma.o
LOAD Drivers/STM32F4xx_HAL_Driver/Src/stm32f4xx_hal_dma_ex.o
LOAD Drivers/STM32F4xx_HAL_Driver/Src/stm32f4xx_hal_flash.o
LOAD Drivers/STM32F4xx_HAL_Driver/Src/stm32f4xx_hal_flash_ex.o
LOAD Drivers/STM32F4xx_HAL_Driver/Src/stm32f4xx_hal_flash_ramfunc.o
LOAD Drivers/STM32F4xx_HAL_Driver/Src/stm32f4xx_hal_gpio.o
LOAD Drivers/STM32F4xx_HAL_Driver/Src/stm32f4xx_hal_pcd.o
LOAD Drivers/STM32F4xx_HAL_Driver/Src/stm32f4xx_hal_pcd_ex.o
LOAD Drivers/STM32F4xx_HAL_Driver/Src/stm32f4xx_hal_pwr.o
LOAD Drivers/STM32F4xx_HAL_Driver/Src/stm32f4xx_hal_pwr_ex.o
LOAD Drivers/STM32F4xx_HAL_Driver/Src/stm32f4xx_hal_rcc.o
LOAD Drivers/STM32F4xx_HAL_Driver/Src/stm32f4xx_hal_rcc_ex.o
LOAD Drivers/STM32F4xx_HAL_Driver/Src/stm32f4xx_hal_tim.o
LOAD Drivers/STM32F4xx_HAL_Driver/Src/stm32f4xx_hal_tim_ex.o
LOAD Drivers/STM32F4xx_HAL_Driver/Src/stm32f4xx_ll_usb.o
LOAD Middlewares/ST/STM32_USB_Device_Library/Class/CDC/Src/usbd_cdc.o
LOAD Middlewares/ST/STM32_USB_Device_Library/Core/Src/usbd_core.o
LOAD Middlewares/ST/STM32_USB_Device_Library/Core/Src/usbd_ctlreq.o
LOAD Middlewares/ST/STM32_USB_Device_Library/Core/Src/usbd_ioreq.o
LOAD Src/MySrc/terminal.o
LOAD Src/MySrc/terminalHAL.o
LOAD Src/main.o
LOAD Src/stm32f4xx_hal_msp.o
LOAD Src/stm32f4xx_it.o
LOAD Src/system_stm32f4xx.o
LOAD Src/usb_device.o
LOAD Src/usbd_cdc_if.o
LOAD Src/usbd_conf.o
LOAD Src/usbd_desc.o
LOAD startup/startup_stm32f429xx.o
LOAD d:/ac6/systemworkbench/plugins/fr.ac6.mcu.externaltools.arm-none.win32_1.15.0.201708311556/tools/compiler/bin/../lib/gcc/arm-none-eabi/6.3.1/../../../../arm-none-eabi/lib/thumb/v7e-m/fpv4-sp/hard\libm.a
START GROUP
LOAD d:/ac6/systemworkbench/plugins/fr.ac6.mcu.externaltools.arm-none.win32_1.15.0.201708311556/tools/compiler/bin/../lib/gcc/arm-none-eabi/6.3.1/thumb/v7e-m/fpv4-sp/hard\libgcc.a
LOAD d:/ac6/systemworkbench/plugins/fr.ac6.mcu.externaltools.arm-none.win32_1.15.0.201708311556/tools/compiler/bin/../lib/gcc/arm-none-eabi/6.3.1/../../../../arm-none-eabi/lib/thumb/v7e-m/fpv4-sp/hard\libc_nano.a
END GROUP
START GROUP
LOAD d:/ac6/systemworkbench/plugins/fr.ac6.mcu.externaltools.arm-none.win32_1.15.0.201708311556/tools/compiler/bin/../lib/gcc/arm-none-eabi/6.3.1/thumb/v7e-m/fpv4-sp/hard\libgcc.a
LOAD d:/ac6/systemworkbench/plugins/fr.ac6.mcu.externaltools.arm-none.win32_1.15.0.201708311556/tools/compiler/bin/../lib/gcc/arm-none-eabi/6.3.1/../../../../arm-none-eabi/lib/thumb/v7e-m/fpv4-sp/hard\libc_nano.a
LOAD d:/ac6/systemworkbench/plugins/fr.ac6.mcu.externaltools.arm-none.win32_1.15.0.201708311556/tools/compiler/bin/../lib/gcc/arm-none-eabi/6.3.1/../../../../arm-none-eabi/lib/thumb/v7e-m/fpv4-sp/hard\libnosys.a
END GROUP
START GROUP
LOAD d:/ac6/systemworkbench/plugins/fr.ac6.mcu.externaltools.arm-none.win32_1.15.0.201708311556/tools/compiler/bin/../lib/gcc/arm-none-eabi/6.3.1/thumb/v7e-m/fpv4-sp/hard\libgcc.a
LOAD d:/ac6/systemworkbench/plugins/fr.ac6.mcu.externaltools.arm-none.win32_1.15.0.201708311556/tools/compiler/bin/../lib/gcc/arm-none-eabi/6.3.1/../../../../arm-none-eabi/lib/thumb/v7e-m/fpv4-sp/hard\libc_nano.a
LOAD d:/ac6/systemworkbench/plugins/fr.ac6.mcu.externaltools.arm-none.win32_1.15.0.201708311556/tools/compiler/bin/../lib/gcc/arm-none-eabi/6.3.1/../../../../arm-none-eabi/lib/thumb/v7e-m/fpv4-sp/hard\libnosys.a
END GROUP
LOAD d:/ac6/systemworkbench/plugins/fr.ac6.mcu.externaltools.arm-none.win32_1.15.0.201708311556/tools/compiler/bin/../lib/gcc/arm-none-eabi/6.3.1/thumb/v7e-m/fpv4-sp/hard/crtend.o
LOAD d:/ac6/systemworkbench/plugins/fr.ac6.mcu.externaltools.arm-none.win32_1.15.0.201708311556/tools/compiler/bin/../lib/gcc/arm-none-eabi/6.3.1/thumb/v7e-m/fpv4-sp/hard/crtn.o
                0x20030000                _estack = 0x20030000
                0x00000200                _Min_Heap_Size = 0x200
                0x00000400                _Min_Stack_Size = 0x400

.isr_vector     0x08000000      0x1ac
                0x08000000                . = ALIGN (0x4)
 *(.isr_vector)
 .isr_vector    0x08000000      0x1ac startup/startup_stm32f429xx.o
                0x08000000                g_pfnVectors
                0x080001ac                . = ALIGN (0x4)

.text           0x080001ac     0x38c8
                0x080001ac                . = ALIGN (0x4)
 *(.text)
 .text          0x080001ac       0x6c d:/ac6/systemworkbench/plugins/fr.ac6.mcu.externaltools.arm-none.win32_1.15.0.201708311556/tools/compiler/bin/../lib/gcc/arm-none-eabi/6.3.1/thumb/v7e-m/fpv4-sp/hard/crtbegin.o
 .text          0x08000218       0x30 d:/ac6/systemworkbench/plugins/fr.ac6.mcu.externaltools.arm-none.win32_1.15.0.201708311556/tools/compiler/bin/../lib/gcc/arm-none-eabi/6.3.1/thumb/v7e-m/fpv4-sp/hard\libgcc.a(_aeabi_uldivmod.o)
                0x08000218                __aeabi_uldivmod
 .text          0x08000248      0x2dc d:/ac6/systemworkbench/plugins/fr.ac6.mcu.externaltools.arm-none.win32_1.15.0.201708311556/tools/compiler/bin/../lib/gcc/arm-none-eabi/6.3.1/thumb/v7e-m/fpv4-sp/hard\libgcc.a(_udivmoddi4.o)
                0x08000248                __udivmoddi4
 .text          0x08000524        0x4 d:/ac6/systemworkbench/plugins/fr.ac6.mcu.externaltools.arm-none.win32_1.15.0.201708311556/tools/compiler/bin/../lib/gcc/arm-none-eabi/6.3.1/thumb/v7e-m/fpv4-sp/hard\libgcc.a(_dvmd_tls.o)
                0x08000524                __aeabi_idiv0
                0x08000524                __aeabi_ldiv0
 .text          0x08000528       0x14 d:/ac6/systemworkbench/plugins/fr.ac6.mcu.externaltools.arm-none.win32_1.15.0.201708311556/tools/compiler/bin/../lib/gcc/arm-none-eabi/6.3.1/../../../../arm-none-eabi/lib/thumb/v7e-m/fpv4-sp/hard\libc_nano.a(lib_a-strcmp.o)
                0x08000528                strcmp
 .text          0x0800053c       0x10 d:/ac6/systemworkbench/plugins/fr.ac6.mcu.externaltools.arm-none.win32_1.15.0.201708311556/tools/compiler/bin/../lib/gcc/arm-none-eabi/6.3.1/../../../../arm-none-eabi/lib/thumb/v7e-m/fpv4-sp/hard\libc_nano.a(lib_a-strlen.o)
                0x0800053c                strlen
 *(.text*)
 .text.HAL_InitTick
                0x0800054c       0x48 Drivers/STM32F4xx_HAL_Driver/Src/stm32f4xx_hal.o
                0x0800054c                HAL_InitTick
 .text.HAL_Init
                0x08000594       0x34 Drivers/STM32F4xx_HAL_Driver/Src/stm32f4xx_hal.o
                0x08000594                HAL_Init
 .text.HAL_IncTick
                0x080005c8       0x18 Drivers/STM32F4xx_HAL_Driver/Src/stm32f4xx_hal.o
                0x080005c8                HAL_IncTick
 .text.HAL_GetTick
                0x080005e0        0xc Drivers/STM32F4xx_HAL_Driver/Src/stm32f4xx_hal.o
                0x080005e0                HAL_GetTick
 .text.HAL_Delay
                0x080005ec       0x28 Drivers/STM32F4xx_HAL_Driver/Src/stm32f4xx_hal.o
                0x080005ec                HAL_Delay
 .text.HAL_NVIC_SetPriorityGrouping
                0x08000614       0x24 Drivers/STM32F4xx_HAL_Driver/Src/stm32f4xx_hal_cortex.o
                0x08000614                HAL_NVIC_SetPriorityGrouping
 .text.HAL_NVIC_SetPriority
                0x08000638       0x64 Drivers/STM32F4xx_HAL_Driver/Src/stm32f4xx_hal_cortex.o
                0x08000638                HAL_NVIC_SetPriority
 .text.HAL_NVIC_EnableIRQ
                0x0800069c       0x18 Drivers/STM32F4xx_HAL_Driver/Src/stm32f4xx_hal_cortex.o
                0x0800069c                HAL_NVIC_EnableIRQ
 .text.HAL_SYSTICK_Config
                0x080006b4       0x2c Drivers/STM32F4xx_HAL_Driver/Src/stm32f4xx_hal_cortex.o
                0x080006b4                HAL_SYSTICK_Config
 .text.HAL_SYSTICK_CLKSourceConfig
                0x080006e0       0x20 Drivers/STM32F4xx_HAL_Driver/Src/stm32f4xx_hal_cortex.o
                0x080006e0                HAL_SYSTICK_CLKSourceConfig
 .text.HAL_SYSTICK_Callback
                0x08000700        0x2 Drivers/STM32F4xx_HAL_Driver/Src/stm32f4xx_hal_cortex.o
                0x08000700                HAL_SYSTICK_Callback
 .text.HAL_SYSTICK_IRQHandler
                0x08000702        0x8 Drivers/STM32F4xx_HAL_Driver/Src/stm32f4xx_hal_cortex.o
                0x08000702                HAL_SYSTICK_IRQHandler
 *fill*         0x0800070a        0x2 
 .text.HAL_GPIO_Init
                0x0800070c      0x1e4 Drivers/STM32F4xx_HAL_Driver/Src/stm32f4xx_hal_gpio.o
                0x0800070c                HAL_GPIO_Init
 .text.HAL_GPIO_WritePin
                0x080008f0        0xc Drivers/STM32F4xx_HAL_Driver/Src/stm32f4xx_hal_gpio.o
                0x080008f0                HAL_GPIO_WritePin
 .text.PCD_WriteEmptyTxFifo
                0x080008fc       0xac Drivers/STM32F4xx_HAL_Driver/Src/stm32f4xx_hal_pcd.o
 .text.HAL_PCD_Init
                0x080009a8       0xe0 Drivers/STM32F4xx_HAL_Driver/Src/stm32f4xx_hal_pcd.o
                0x080009a8                HAL_PCD_Init
 .text.HAL_PCD_Start
                0x08000a88       0x2a Drivers/STM32F4xx_HAL_Driver/Src/stm32f4xx_hal_pcd.o
                0x08000a88                HAL_PCD_Start
 *fill*         0x08000ab2        0x2 
 .text.HAL_PCD_IRQHandler
                0x08000ab4      0x5c4 Drivers/STM32F4xx_HAL_Driver/Src/stm32f4xx_hal_pcd.o
                0x08000ab4                HAL_PCD_IRQHandler
 .text.HAL_PCD_SetAddress
                0x08001078       0x24 Drivers/STM32F4xx_HAL_Driver/Src/stm32f4xx_hal_pcd.o
                0x08001078                HAL_PCD_SetAddress
 .text.HAL_PCD_EP_Open
                0x0800109c       0x68 Drivers/STM32F4xx_HAL_Driver/Src/stm32f4xx_hal_pcd.o
                0x0800109c                HAL_PCD_EP_Open
 .text.HAL_PCD_EP_Close
                0x08001104       0x56 Drivers/STM32F4xx_HAL_Driver/Src/stm32f4xx_hal_pcd.o
                0x08001104                HAL_PCD_EP_Close
 .text.HAL_PCD_EP_Receive
                0x0800115a       0x5a Drivers/STM32F4xx_HAL_Driver/Src/stm32f4xx_hal_pcd.o
                0x0800115a                HAL_PCD_EP_Receive
 .text.HAL_PCD_EP_GetRxCount
                0x080011b4       0x12 Drivers/STM32F4xx_HAL_Driver/Src/stm32f4xx_hal_pcd.o
                0x080011b4                HAL_PCD_EP_GetRxCount
 .text.HAL_PCD_EP_Transmit
                0x080011c6       0x52 Drivers/STM32F4xx_HAL_Driver/Src/stm32f4xx_hal_pcd.o
                0x080011c6                HAL_PCD_EP_Transmit
 .text.HAL_PCD_EP_SetStall
                0x08001218       0x66 Drivers/STM32F4xx_HAL_Driver/Src/stm32f4xx_hal_pcd.o
                0x08001218                HAL_PCD_EP_SetStall
 .text.HAL_PCD_EP_ClrStall
                0x0800127e       0x56 Drivers/STM32F4xx_HAL_Driver/Src/stm32f4xx_hal_pcd.o
                0x0800127e                HAL_PCD_EP_ClrStall
 .text.HAL_PCDEx_SetTxFiFo
                0x080012d4       0x48 Drivers/STM32F4xx_HAL_Driver/Src/stm32f4xx_hal_pcd_ex.o
                0x080012d4                HAL_PCDEx_SetTxFiFo
 .text.HAL_PCDEx_SetRxFiFo
                0x0800131c        0x8 Drivers/STM32F4xx_HAL_Driver/Src/stm32f4xx_hal_pcd_ex.o
                0x0800131c                HAL_PCDEx_SetRxFiFo
 .text.HAL_RCC_OscConfig
                0x08001324      0x398 Drivers/STM32F4xx_HAL_Driver/Src/stm32f4xx_hal_rcc.o
                0x08001324                HAL_RCC_OscConfig
 .text.HAL_RCC_GetSysClockFreq
                0x080016bc       0xd4 Drivers/STM32F4xx_HAL_Driver/Src/stm32f4xx_hal_rcc.o
                0x080016bc                HAL_RCC_GetSysClockFreq
 .text.HAL_RCC_ClockConfig
                0x08001790      0x158 Drivers/STM32F4xx_HAL_Driver/Src/stm32f4xx_hal_rcc.o
                0x08001790                HAL_RCC_ClockConfig
 .text.HAL_RCC_GetHCLKFreq
                0x080018e8        0xc Drivers/STM32F4xx_HAL_Driver/Src/stm32f4xx_hal_rcc.o
                0x080018e8                HAL_RCC_GetHCLKFreq
 .text.USB_CoreInit
                0x080018f4       0x7c Drivers/STM32F4xx_HAL_Driver/Src/stm32f4xx_ll_usb.o
                0x080018f4                USB_CoreInit
 .text.USB_EnableGlobalInt
                0x08001970        0xc Drivers/STM32F4xx_HAL_Driver/Src/stm32f4xx_ll_usb.o
                0x08001970                USB_EnableGlobalInt
 .text.USB_DisableGlobalInt
                0x0800197c        0xc Drivers/STM32F4xx_HAL_Driver/Src/stm32f4xx_ll_usb.o
                0x0800197c                USB_DisableGlobalInt
 .text.USB_SetCurrentMode
                0x08001988       0x2c Drivers/STM32F4xx_HAL_Driver/Src/stm32f4xx_ll_usb.o
                0x08001988                USB_SetCurrentMode
 .text.USB_DevInit
                0x080019b4      0x150 Drivers/STM32F4xx_HAL_Driver/Src/stm32f4xx_ll_usb.o
                0x080019b4                USB_DevInit
 .text.USB_FlushTxFifo
                0x08001b04       0x28 Drivers/STM32F4xx_HAL_Driver/Src/stm32f4xx_ll_usb.o
                0x08001b04                USB_FlushTxFifo
 .text.USB_FlushRxFifo
                0x08001b2c       0x24 Drivers/STM32F4xx_HAL_Driver/Src/stm32f4xx_ll_usb.o
                0x08001b2c                USB_FlushRxFifo
 .text.USB_SetDevSpeed
                0x08001b50        0xe Drivers/STM32F4xx_HAL_Driver/Src/stm32f4xx_ll_usb.o
                0x08001b50                USB_SetDevSpeed
 .text.USB_GetDevSpeed
                0x08001b5e       0x40 Drivers/STM32F4xx_HAL_Driver/Src/stm32f4xx_ll_usb.o
                0x08001b5e                USB_GetDevSpeed
 .text.USB_ActivateEndpoint
                0x08001b9e       0x92 Drivers/STM32F4xx_HAL_Driver/Src/stm32f4xx_ll_usb.o
                0x08001b9e                USB_ActivateEndpoint
 .text.USB_DeactivateEndpoint
                0x08001c30       0xf0 Drivers/STM32F4xx_HAL_Driver/Src/stm32f4xx_ll_usb.o
                0x08001c30                USB_DeactivateEndpoint
 .text.USB_EPStartXfer
                0x08001d20      0x264 Drivers/STM32F4xx_HAL_Driver/Src/stm32f4xx_ll_usb.o
                0x08001d20                USB_EPStartXfer
 .text.USB_EP0StartXfer
                0x08001f84      0x160 Drivers/STM32F4xx_HAL_Driver/Src/stm32f4xx_ll_usb.o
                0x08001f84                USB_EP0StartXfer
 .text.USB_WritePacket
                0x080020e4       0x28 Drivers/STM32F4xx_HAL_Driver/Src/stm32f4xx_ll_usb.o
                0x080020e4                USB_WritePacket
 .text.USB_ReadPacket
                0x0800210c       0x28 Drivers/STM32F4xx_HAL_Driver/Src/stm32f4xx_ll_usb.o
                0x0800210c                USB_ReadPacket
 .text.USB_EPSetStall
                0x08002134       0x64 Drivers/STM32F4xx_HAL_Driver/Src/stm32f4xx_ll_usb.o
                0x08002134                USB_EPSetStall
 .text.USB_EPClearStall
                0x08002198       0x6a Drivers/STM32F4xx_HAL_Driver/Src/stm32f4xx_ll_usb.o
                0x08002198                USB_EPClearStall
 .text.USB_SetDevAddress
                0x08002202       0x20 Drivers/STM32F4xx_HAL_Driver/Src/stm32f4xx_ll_usb.o
                0x08002202                USB_SetDevAddress
 .text.USB_DevConnect
                0x08002222       0x18 Drivers/STM32F4xx_HAL_Driver/Src/stm32f4xx_ll_usb.o
                0x08002222                USB_DevConnect
 .text.USB_DevDisconnect
                0x0800223a       0x18 Drivers/STM32F4xx_HAL_Driver/Src/stm32f4xx_ll_usb.o
                0x0800223a                USB_DevDisconnect
 .text.USB_ReadInterrupts
                0x08002252        0x8 Drivers/STM32F4xx_HAL_Driver/Src/stm32f4xx_ll_usb.o
                0x08002252                USB_ReadInterrupts
 .text.USB_ReadDevAllOutEpInterrupt
                0x0800225a       0x10 Drivers/STM32F4xx_HAL_Driver/Src/stm32f4xx_ll_usb.o
                0x0800225a                USB_ReadDevAllOutEpInterrupt
 .text.USB_ReadDevAllInEpInterrupt
                0x0800226a       0x10 Drivers/STM32F4xx_HAL_Driver/Src/stm32f4xx_ll_usb.o
                0x0800226a                USB_ReadDevAllInEpInterrupt
 .text.USB_ReadDevOutEPInterrupt
                0x0800227a       0x12 Drivers/STM32F4xx_HAL_Driver/Src/stm32f4xx_ll_usb.o
                0x0800227a                USB_ReadDevOutEPInterrupt
 .text.USB_ReadDevInEPInterrupt
                0x0800228c       0x1c Drivers/STM32F4xx_HAL_Driver/Src/stm32f4xx_ll_usb.o
                0x0800228c                USB_ReadDevInEPInterrupt
 .text.USB_GetMode
                0x080022a8        0x8 Drivers/STM32F4xx_HAL_Driver/Src/stm32f4xx_ll_usb.o
                0x080022a8                USB_GetMode
 .text.USB_ActivateSetup
                0x080022b0       0x38 Drivers/STM32F4xx_HAL_Driver/Src/stm32f4xx_ll_usb.o
                0x080022b0                USB_ActivateSetup
 .text.USB_EP0_OutStart
                0x080022e8       0x46 Drivers/STM32F4xx_HAL_Driver/Src/stm32f4xx_ll_usb.o
                0x080022e8                USB_EP0_OutStart
 *fill*         0x0800232e        0x2 
 .text.USB_CoreReset
                0x08002330       0x3c Drivers/STM32F4xx_HAL_Driver/Src/stm32f4xx_ll_usb.o
 .text.USBD_CDC_DataIn
                0x0800236c       0x12 Middlewares/ST/STM32_USB_Device_Library/Class/CDC/Src/usbd_cdc.o
 .text.USBD_CDC_EP0_RxReady
                0x0800237e       0x28 Middlewares/ST/STM32_USB_Device_Library/Class/CDC/Src/usbd_cdc.o
 *fill*         0x080023a6        0x2 
 .text.USBD_CDC_GetFSCfgDesc
                0x080023a8        0xc Middlewares/ST/STM32_USB_Device_Library/Class/CDC/Src/usbd_cdc.o
 .text.USBD_CDC_GetHSCfgDesc
                0x080023b4        0xc Middlewares/ST/STM32_USB_Device_Library/Class/CDC/Src/usbd_cdc.o
 .text.USBD_CDC_GetOtherSpeedCfgDesc
                0x080023c0        0xc Middlewares/ST/STM32_USB_Device_Library/Class/CDC/Src/usbd_cdc.o
 .text.USBD_CDC_GetDeviceQualifierDescriptor
                0x080023cc        0xc Middlewares/ST/STM32_USB_Device_Library/Class/CDC/Src/usbd_cdc.o
                0x080023cc                USBD_CDC_GetDeviceQualifierDescriptor
 .text.USBD_CDC_DataOut
                0x080023d8       0x2e Middlewares/ST/STM32_USB_Device_Library/Class/CDC/Src/usbd_cdc.o
 *fill*         0x08002406        0x2 
 .text.USBD_CDC_Setup
                0x08002408       0x74 Middlewares/ST/STM32_USB_Device_Library/Class/CDC/Src/usbd_cdc.o
 .text.USBD_CDC_DeInit
                0x0800247c       0x3a Middlewares/ST/STM32_USB_Device_Library/Class/CDC/Src/usbd_cdc.o
 .text.USBD_CDC_Init
                0x080024b6       0x96 Middlewares/ST/STM32_USB_Device_Library/Class/CDC/Src/usbd_cdc.o
 .text.USBD_CDC_RegisterInterface
                0x0800254c        0xe Middlewares/ST/STM32_USB_Device_Library/Class/CDC/Src/usbd_cdc.o
                0x0800254c                USBD_CDC_RegisterInterface
 .text.USBD_CDC_SetTxBuffer
                0x0800255a       0x10 Middlewares/ST/STM32_USB_Device_Library/Class/CDC/Src/usbd_cdc.o
                0x0800255a                USBD_CDC_SetTxBuffer
 .text.USBD_CDC_SetRxBuffer
                0x0800256a        0xc Middlewares/ST/STM32_USB_Device_Library/Class/CDC/Src/usbd_cdc.o
                0x0800256a                USBD_CDC_SetRxBuffer
 .text.USBD_CDC_TransmitPacket
                0x08002576       0x2e Middlewares/ST/STM32_USB_Device_Library/Class/CDC/Src/usbd_cdc.o
                0x08002576                USBD_CDC_TransmitPacket
 .text.USBD_CDC_ReceivePacket
                0x080025a4       0x32 Middlewares/ST/STM32_USB_Device_Library/Class/CDC/Src/usbd_cdc.o
                0x080025a4                USBD_CDC_ReceivePacket
 .text.USBD_Init
                0x080025d6       0x2e Middlewares/ST/STM32_USB_Device_Library/Core/Src/usbd_core.o
                0x080025d6                USBD_Init
 .text.USBD_RegisterClass
                0x08002604        0xe Middlewares/ST/STM32_USB_Device_Library/Core/Src/usbd_core.o
                0x08002604                USBD_RegisterClass
 .text.USBD_Start
                0x08002612        0xa Middlewares/ST/STM32_USB_Device_Library/Core/Src/usbd_core.o
                0x08002612                USBD_Start
 .text.USBD_SetClassConfig
                0x0800261c       0x1a Middlewares/ST/STM32_USB_Device_Library/Core/Src/usbd_core.o
                0x0800261c                USBD_SetClassConfig
 .text.USBD_ClrClassConfig
                0x08002636        0xe Middlewares/ST/STM32_USB_Device_Library/Core/Src/usbd_core.o
                0x08002636                USBD_ClrClassConfig
 .text.USBD_LL_SetupStage
                0x08002644       0x5a Middlewares/ST/STM32_USB_Device_Library/Core/Src/usbd_core.o
                0x08002644                USBD_LL_SetupStage
 .text.USBD_LL_DataOutStage
                0x0800269e       0x6a Middlewares/ST/STM32_USB_Device_Library/Core/Src/usbd_core.o
                0x0800269e                USBD_LL_DataOutStage
 .text.USBD_LL_DataInStage
                0x08002708       0xb2 Middlewares/ST/STM32_USB_Device_Library/Core/Src/usbd_core.o
                0x08002708                USBD_LL_DataInStage
 .text.USBD_LL_Reset
                0x080027ba       0x3e Middlewares/ST/STM32_USB_Device_Library/Core/Src/usbd_core.o
                0x080027ba                USBD_LL_Reset
 .text.USBD_LL_SetSpeed
                0x080027f8        0x6 Middlewares/ST/STM32_USB_Device_Library/Core/Src/usbd_core.o
                0x080027f8                USBD_LL_SetSpeed
 .text.USBD_LL_Suspend
                0x080027fe       0x12 Middlewares/ST/STM32_USB_Device_Library/Core/Src/usbd_core.o
                0x080027fe                USBD_LL_Suspend
 .text.USBD_LL_Resume
                0x08002810        0xc Middlewares/ST/STM32_USB_Device_Library/Core/Src/usbd_core.o
                0x08002810                USBD_LL_Resume
 .text.USBD_LL_SOF
                0x0800281c       0x1c Middlewares/ST/STM32_USB_Device_Library/Core/Src/usbd_core.o
                0x0800281c                USBD_LL_SOF
 .text.USBD_LL_IsoINIncomplete
                0x08002838        0x4 Middlewares/ST/STM32_USB_Device_Library/Core/Src/usbd_core.o
                0x08002838                USBD_LL_IsoINIncomplete
 .text.USBD_LL_IsoOUTIncomplete
                0x0800283c        0x4 Middlewares/ST/STM32_USB_Device_Library/Core/Src/usbd_core.o
                0x0800283c                USBD_LL_IsoOUTIncomplete
 .text.USBD_LL_DevConnected
                0x08002840        0x4 Middlewares/ST/STM32_USB_Device_Library/Core/Src/usbd_core.o
                0x08002840                USBD_LL_DevConnected
 .text.USBD_LL_DevDisconnected
                0x08002844       0x16 Middlewares/ST/STM32_USB_Device_Library/Core/Src/usbd_core.o
                0x08002844                USBD_LL_DevDisconnected
 .text.USBD_GetLen
                0x0800285a       0x14 Middlewares/ST/STM32_USB_Device_Library/Core/Src/usbd_ctlreq.o
 .text.USBD_SetFeature
                0x0800286e       0x20 Middlewares/ST/STM32_USB_Device_Library/Core/Src/usbd_ctlreq.o
 .text.USBD_ParseSetupRequest
                0x0800288e       0x28 Middlewares/ST/STM32_USB_Device_Library/Core/Src/usbd_ctlreq.o
                0x0800288e                USBD_ParseSetupRequest
 .text.USBD_CtlError
                0x080028b6       0x14 Middlewares/ST/STM32_USB_Device_Library/Core/Src/usbd_ctlreq.o
                0x080028b6                USBD_CtlError
 .text.USBD_GetDescriptor
                0x080028ca      0x132 Middlewares/ST/STM32_USB_Device_Library/Core/Src/usbd_ctlreq.o
 .text.USBD_SetAddress
                0x080029fc       0x4a Middlewares/ST/STM32_USB_Device_Library/Core/Src/usbd_ctlreq.o
 *fill*         0x08002a46        0x2 
 .text.USBD_SetConfig
                0x08002a48       0xa4 Middlewares/ST/STM32_USB_Device_Library/Core/Src/usbd_ctlreq.o
 .text.USBD_GetConfig
                0x08002aec       0x3a Middlewares/ST/STM32_USB_Device_Library/Core/Src/usbd_ctlreq.o
 .text.USBD_GetStatus
                0x08002b26       0x2c Middlewares/ST/STM32_USB_Device_Library/Core/Src/usbd_ctlreq.o
 .text.USBD_ClrFeature
                0x08002b52       0x32 Middlewares/ST/STM32_USB_Device_Library/Core/Src/usbd_ctlreq.o
 .text.USBD_StdDevReq
                0x08002b84       0x48 Middlewares/ST/STM32_USB_Device_Library/Core/Src/usbd_ctlreq.o
                0x08002b84                USBD_StdDevReq
 .text.USBD_StdItfReq
                0x08002bcc       0x38 Middlewares/ST/STM32_USB_Device_Library/Core/Src/usbd_ctlreq.o
                0x08002bcc                USBD_StdItfReq
 .text.USBD_StdEPReq
                0x08002c04      0x118 Middlewares/ST/STM32_USB_Device_Library/Core/Src/usbd_ctlreq.o
                0x08002c04                USBD_StdEPReq
 .text.USBD_GetString
                0x08002d1c       0x3a Middlewares/ST/STM32_USB_Device_Library/Core/Src/usbd_ctlreq.o
                0x08002d1c                USBD_GetString
 .text.USBD_CtlSendData
                0x08002d56       0x1a Middlewares/ST/STM32_USB_Device_Library/Core/Src/usbd_ioreq.o
                0x08002d56                USBD_CtlSendData
 .text.USBD_CtlContinueSendData
                0x08002d70       0x10 Middlewares/ST/STM32_USB_Device_Library/Core/Src/usbd_ioreq.o
                0x08002d70                USBD_CtlContinueSendData
 .text.USBD_CtlPrepareRx
                0x08002d80       0x1e Middlewares/ST/STM32_USB_Device_Library/Core/Src/usbd_ioreq.o
                0x08002d80                USBD_CtlPrepareRx
 .text.USBD_CtlContinueRx
                0x08002d9e       0x10 Middlewares/ST/STM32_USB_Device_Library/Core/Src/usbd_ioreq.o
                0x08002d9e                USBD_CtlContinueRx
 .text.USBD_CtlSendStatus
                0x08002dae       0x16 Middlewares/ST/STM32_USB_Device_Library/Core/Src/usbd_ioreq.o
                0x08002dae                USBD_CtlSendStatus
 .text.USBD_CtlReceiveStatus
                0x08002dc4       0x16 Middlewares/ST/STM32_USB_Device_Library/Core/Src/usbd_ioreq.o
                0x08002dc4                USBD_CtlReceiveStatus
 *fill*         0x08002dda        0x2 
 .text.ToggelDebug
                0x08002ddc       0x1c Src/MySrc/terminal.o
 .text.terminalWrite
                0x08002df8        0x8 Src/MySrc/terminal.o
                0x08002df8                terminalWrite
 .text.ListCommands
                0x08002e00       0x74 Src/MySrc/terminal.o
 .text.CmdClear
                0x08002e74       0x20 Src/MySrc/terminal.o
 .text.terminalRead
                0x08002e94      0x1b0 Src/MySrc/terminal.o
                0x08002e94                terminalRead
 .text.terminalMain
                0x08003044        0x8 Src/MySrc/terminal.o
                0x08003044                terminalMain
 .text.pushToBuffer
                0x0800304c       0x48 Src/MySrc/terminalHAL.o
 .text.popFromBuffer
                0x08003094       0x34 Src/MySrc/terminalHAL.o
 .text.terminalWriteHAL
                0x080030c8       0x28 Src/MySrc/terminalHAL.o
                0x080030c8                terminalWriteHAL
 .text.terminalReadRXCharHAL
                0x080030f0       0x24 Src/MySrc/terminalHAL.o
                0x080030f0                terminalReadRXCharHAL
 .text.terminalWriteRXCharHAL
                0x08003114       0x40 Src/MySrc/terminalHAL.o
                0x08003114                terminalWriteRXCharHAL
 .text.MX_GPIO_Init
                0x08003154       0x74 Src/main.o
 .text._Error_Handler
                0x080031c8        0x2 Src/main.o
                0x080031c8                _Error_Handler
 *fill*         0x080031ca        0x2 
 .text.SystemClock_Config
                0x080031cc       0xc4 Src/main.o
                0x080031cc                SystemClock_Config
 .text.main     0x08003290       0x18 Src/main.o
                0x08003290                main
 .text.HAL_MspInit
                0x080032a8       0x5e Src/stm32f4xx_hal_msp.o
                0x080032a8                HAL_MspInit
 .text.NMI_Handler
                0x08003306        0x2 Src/stm32f4xx_it.o
                0x08003306                NMI_Handler
 .text.HardFault_Handler
                0x08003308        0x2 Src/stm32f4xx_it.o
                0x08003308                HardFault_Handler
 .text.MemManage_Handler
                0x0800330a        0x2 Src/stm32f4xx_it.o
                0x0800330a                MemManage_Handler
 .text.BusFault_Handler
                0x0800330c        0x2 Src/stm32f4xx_it.o
                0x0800330c                BusFault_Handler
 .text.UsageFault_Handler
                0x0800330e        0x2 Src/stm32f4xx_it.o
                0x0800330e                UsageFault_Handler
 .text.SVC_Handler
                0x08003310        0x2 Src/stm32f4xx_it.o
                0x08003310                SVC_Handler
 .text.DebugMon_Handler
                0x08003312        0x2 Src/stm32f4xx_it.o
                0x08003312                DebugMon_Handler
 .text.PendSV_Handler
                0x08003314        0x2 Src/stm32f4xx_it.o
                0x08003314                PendSV_Handler
 .text.SysTick_Handler
                0x08003316        0xc Src/stm32f4xx_it.o
                0x08003316                SysTick_Handler
 *fill*         0x08003322        0x2 
 .text.OTG_HS_IRQHandler
                0x08003324       0x10 Src/stm32f4xx_it.o
                0x08003324                OTG_HS_IRQHandler
 .text.SystemInit
                0x08003334       0x4c Src/system_stm32f4xx.o
                0x08003334                SystemInit
 .text.MX_USB_DEVICE_Init
                0x08003380       0x38 Src/usb_device.o
                0x08003380                MX_USB_DEVICE_Init
 .text.CDC_DeInit_HS
                0x080033b8        0x4 Src/usbd_cdc_if.o
 .text.CDC_Control_HS
                0x080033bc        0x4 Src/usbd_cdc_if.o
 .text.CDC_Receive_HS
                0x080033c0       0x30 Src/usbd_cdc_if.o
 .text.CDC_Init_HS
                0x080033f0       0x28 Src/usbd_cdc_if.o
 .text.CDC_Transmit_HS
                0x08003418       0x2c Src/usbd_cdc_if.o
                0x08003418                CDC_Transmit_HS
 .text.HAL_PCD_MspInit
                0x08003444       0x78 Src/usbd_conf.o
                0x08003444                HAL_PCD_MspInit
 .text.HAL_PCD_SetupStageCallback
                0x080034bc       0x10 Src/usbd_conf.o
                0x080034bc                HAL_PCD_SetupStageCallback
 .text.HAL_PCD_DataOutStageCallback
                0x080034cc       0x18 Src/usbd_conf.o
                0x080034cc                HAL_PCD_DataOutStageCallback
 .text.HAL_PCD_DataInStageCallback
                0x080034e4       0x16 Src/usbd_conf.o
                0x080034e4                HAL_PCD_DataInStageCallback
 .text.HAL_PCD_SOFCallback
                0x080034fa        0xc Src/usbd_conf.o
                0x080034fa                HAL_PCD_SOFCallback
 .text.HAL_PCD_ResetCallback
                0x08003506       0x20 Src/usbd_conf.o
                0x08003506                HAL_PCD_ResetCallback
 *fill*         0x08003526        0x2 
 .text.HAL_PCD_SuspendCallback
                0x08003528       0x30 Src/usbd_conf.o
                0x08003528                HAL_PCD_SuspendCallback
 .text.HAL_PCD_ResumeCallback
                0x08003558        0xc Src/usbd_conf.o
                0x08003558                HAL_PCD_ResumeCallback
 .text.HAL_PCD_ISOOUTIncompleteCallback
                0x08003564        0xc Src/usbd_conf.o
                0x08003564                HAL_PCD_ISOOUTIncompleteCallback
 .text.HAL_PCD_ISOINIncompleteCallback
                0x08003570        0xc Src/usbd_conf.o
                0x08003570                HAL_PCD_ISOINIncompleteCallback
 .text.HAL_PCD_ConnectCallback
                0x0800357c        0xc Src/usbd_conf.o
                0x0800357c                HAL_PCD_ConnectCallback
 .text.HAL_PCD_DisconnectCallback
                0x08003588        0xc Src/usbd_conf.o
                0x08003588                HAL_PCD_DisconnectCallback
 .text.USBD_LL_Init
                0x08003594       0x80 Src/usbd_conf.o
                0x08003594                USBD_LL_Init
 .text.USBD_LL_Start
                0x08003614       0x1c Src/usbd_conf.o
                0x08003614                USBD_LL_Start
 .text.USBD_LL_OpenEP
                0x08003630       0x22 Src/usbd_conf.o
                0x08003630                USBD_LL_OpenEP
 .text.USBD_LL_CloseEP
                0x08003652       0x1c Src/usbd_conf.o
                0x08003652                USBD_LL_CloseEP
 .text.USBD_LL_StallEP
                0x0800366e       0x1c Src/usbd_conf.o
                0x0800366e                USBD_LL_StallEP
 .text.USBD_LL_ClearStallEP
                0x0800368a       0x1c Src/usbd_conf.o
                0x0800368a                USBD_LL_ClearStallEP
 .text.USBD_LL_IsStallEP
                0x080036a6       0x2e Src/usbd_conf.o
                0x080036a6                USBD_LL_IsStallEP
 .text.USBD_LL_SetUSBAddress
                0x080036d4       0x1c Src/usbd_conf.o
                0x080036d4                USBD_LL_SetUSBAddress
 .text.USBD_LL_Transmit
                0x080036f0       0x1c Src/usbd_conf.o
                0x080036f0                USBD_LL_Transmit
 .text.USBD_LL_PrepareReceive
                0x0800370c       0x1c Src/usbd_conf.o
                0x0800370c                USBD_LL_PrepareReceive
 .text.USBD_LL_GetRxDataSize
                0x08003728        0xc Src/usbd_conf.o
                0x08003728                USBD_LL_GetRxDataSize
 .text.USBD_HS_DeviceDescriptor
                0x08003734        0xc Src/usbd_desc.o
                0x08003734                USBD_HS_DeviceDescriptor
 .text.USBD_HS_LangIDStrDescriptor
                0x08003740        0xc Src/usbd_desc.o
                0x08003740                USBD_HS_LangIDStrDescriptor
 .text.USBD_HS_ProductStrDescriptor
                0x0800374c       0x24 Src/usbd_desc.o
                0x0800374c                USBD_HS_ProductStrDescriptor
 .text.USBD_HS_ManufacturerStrDescriptor
                0x08003770       0x1c Src/usbd_desc.o
                0x08003770                USBD_HS_ManufacturerStrDescriptor
 .text.USBD_HS_SerialStrDescriptor
                0x0800378c       0x24 Src/usbd_desc.o
                0x0800378c                USBD_HS_SerialStrDescriptor
 .text.USBD_HS_ConfigStrDescriptor
                0x080037b0       0x24 Src/usbd_desc.o
                0x080037b0                USBD_HS_ConfigStrDescriptor
 .text.USBD_HS_InterfaceStrDescriptor
                0x080037d4       0x24 Src/usbd_desc.o
                0x080037d4                USBD_HS_InterfaceStrDescriptor
 .text.Reset_Handler
                0x080037f8       0x50 startup/startup_stm32f429xx.o
                0x080037f8                Reset_Handler
 .text.Default_Handler
                0x08003848        0x2 startup/startup_stm32f429xx.o
                0x08003848                RTC_Alarm_IRQHandler
                0x08003848                HASH_RNG_IRQHandler
                0x08003848                EXTI2_IRQHandler
                0x08003848                TIM8_CC_IRQHandler
                0x08003848                UART8_IRQHandler
                0x08003848                SPI4_IRQHandler
                0x08003848                TIM1_CC_IRQHandler
                0x08003848                DMA2_Stream5_IRQHandler
                0x08003848                DMA1_Stream5_IRQHandler
                0x08003848                PVD_IRQHandler
                0x08003848                SDIO_IRQHandler
                0x08003848                TAMP_STAMP_IRQHandler
                0x08003848                CAN2_RX1_IRQHandler
                0x08003848                EXTI3_IRQHandler
                0x08003848                TIM8_TRG_COM_TIM14_IRQHandler
                0x08003848                TIM1_UP_TIM10_IRQHandler
                0x08003848                TIM8_UP_TIM13_IRQHandler
                0x08003848                I2C3_ER_IRQHandler
                0x08003848                EXTI0_IRQHandler
                0x08003848                I2C2_EV_IRQHandler
                0x08003848                DMA1_Stream2_IRQHandler
                0x08003848                CAN1_RX0_IRQHandler
                0x08003848                FPU_IRQHandler
                0x08003848                OTG_HS_WKUP_IRQHandler
                0x08003848                LTDC_ER_IRQHandler
                0x08003848                CAN2_SCE_IRQHandler
                0x08003848                DMA2_Stream2_IRQHandler
                0x08003848                SPI1_IRQHandler
                0x08003848                TIM6_DAC_IRQHandler
                0x08003848                TIM1_BRK_TIM9_IRQHandler
                0x08003848                DCMI_IRQHandler
                0x08003848                CAN2_RX0_IRQHandler
                0x08003848                DMA2_Stream3_IRQHandler
                0x08003848                USART6_IRQHandler
                0x08003848                USART3_IRQHandler
                0x08003848                CAN1_RX1_IRQHandler
                0x08003848                UART5_IRQHandler
                0x08003848                DMA2_Stream0_IRQHandler
                0x08003848                TIM4_IRQHandler
                0x08003848                I2C1_EV_IRQHandler
                0x08003848                DMA1_Stream6_IRQHandler
                0x08003848                DMA1_Stream1_IRQHandler
                0x08003848                UART4_IRQHandler
                0x08003848                TIM3_IRQHandler
                0x08003848                RCC_IRQHandler
                0x08003848                TIM8_BRK_TIM12_IRQHandler
                0x08003848                Default_Handler
                0x08003848                EXTI15_10_IRQHandler
                0x08003848                ADC_IRQHandler
                0x08003848                DMA1_Stream7_IRQHandler
                0x08003848                SPI5_IRQHandler
                0x08003848                TIM7_IRQHandler
                0x08003848                CAN2_TX_IRQHandler
                0x08003848                TIM5_IRQHandler
                0x08003848                DMA2_Stream7_IRQHandler
                0x08003848                I2C3_EV_IRQHandler
                0x08003848                EXTI9_5_IRQHandler
                0x08003848                RTC_WKUP_IRQHandler
                0x08003848                LTDC_IRQHandler
                0x08003848                ETH_WKUP_IRQHandler
                0x08003848                SPI2_IRQHandler
                0x08003848                OTG_HS_EP1_IN_IRQHandler
                0x08003848                DMA1_Stream0_IRQHandler
                0x08003848                CAN1_TX_IRQHandler
                0x08003848                EXTI4_IRQHandler
                0x08003848                ETH_IRQHandler
                0x08003848                OTG_HS_EP1_OUT_IRQHandler
                0x08003848                WWDG_IRQHandler
                0x08003848                SPI6_IRQHandler
                0x08003848                TIM2_IRQHandler
                0x08003848                OTG_FS_WKUP_IRQHandler
                0x08003848                TIM1_TRG_COM_TIM11_IRQHandler
                0x08003848                DMA2D_IRQHandler
                0x08003848                EXTI1_IRQHandler
                0x08003848                UART7_IRQHandler
                0x08003848                USART2_IRQHandler
                0x08003848                I2C2_ER_IRQHandler
                0x08003848                DMA2_Stream1_IRQHandler
                0x08003848                CAN1_SCE_IRQHandler
                0x08003848                FLASH_IRQHandler
                0x08003848                DMA2_Stream4_IRQHandler
                0x08003848                USART1_IRQHandler
                0x08003848                OTG_FS_IRQHandler
                0x08003848                SPI3_IRQHandler
                0x08003848                DMA1_Stream4_IRQHandler
                0x08003848                I2C1_ER_IRQHandler
                0x08003848                FMC_IRQHandler
                0x08003848                DMA2_Stream6_IRQHandler
                0x08003848                SAI1_IRQHandler
                0x08003848                DMA1_Stream3_IRQHandler
 *fill*         0x0800384a        0x2 
 .text.__libc_init_array
                0x0800384c       0x48 d:/ac6/systemworkbench/plugins/fr.ac6.mcu.externaltools.arm-none.win32_1.15.0.201708311556/tools/compiler/bin/../lib/gcc/arm-none-eabi/6.3.1/../../../../arm-none-eabi/lib/thumb/v7e-m/fpv4-sp/hard\libc_nano.a(lib_a-init.o)
                0x0800384c                __libc_init_array
 .text.malloc   0x08003894       0x10 d:/ac6/systemworkbench/plugins/fr.ac6.mcu.externaltools.arm-none.win32_1.15.0.201708311556/tools/compiler/bin/../lib/gcc/arm-none-eabi/6.3.1/../../../../arm-none-eabi/lib/thumb/v7e-m/fpv4-sp/hard\libc_nano.a(lib_a-malloc.o)
                0x08003894                malloc
 .text.free     0x080038a4       0x10 d:/ac6/systemworkbench/plugins/fr.ac6.mcu.externaltools.arm-none.win32_1.15.0.201708311556/tools/compiler/bin/../lib/gcc/arm-none-eabi/6.3.1/../../../../arm-none-eabi/lib/thumb/v7e-m/fpv4-sp/hard\libc_nano.a(lib_a-malloc.o)
                0x080038a4                free
 .text._free_r  0x080038b4       0x9c d:/ac6/systemworkbench/plugins/fr.ac6.mcu.externaltools.arm-none.win32_1.15.0.201708311556/tools/compiler/bin/../lib/gcc/arm-none-eabi/6.3.1/../../../../arm-none-eabi/lib/thumb/v7e-m/fpv4-sp/hard\libc_nano.a(lib_a-nano-freer.o)
                0x080038b4                _free_r
 .text._malloc_r
                0x08003950       0xbc d:/ac6/systemworkbench/plugins/fr.ac6.mcu.externaltools.arm-none.win32_1.15.0.201708311556/tools/compiler/bin/../lib/gcc/arm-none-eabi/6.3.1/../../../../arm-none-eabi/lib/thumb/v7e-m/fpv4-sp/hard\libc_nano.a(lib_a-nano-mallocr.o)
                0x08003950                _malloc_r
 .text._sbrk_r  0x08003a0c       0x20 d:/ac6/systemworkbench/plugins/fr.ac6.mcu.externaltools.arm-none.win32_1.15.0.201708311556/tools/compiler/bin/../lib/gcc/arm-none-eabi/6.3.1/../../../../arm-none-eabi/lib/thumb/v7e-m/fpv4-sp/hard\libc_nano.a(lib_a-sbrkr.o)
                0x08003a0c                _sbrk_r
 .text.strcpy   0x08003a2c       0x10 d:/ac6/systemworkbench/plugins/fr.ac6.mcu.externaltools.arm-none.win32_1.15.0.201708311556/tools/compiler/bin/../lib/gcc/arm-none-eabi/6.3.1/../../../../arm-none-eabi/lib/thumb/v7e-m/fpv4-sp/hard\libc_nano.a(lib_a-strcpy.o)
                0x08003a2c                strcpy
 .text.__malloc_lock
                0x08003a3c        0x2 d:/ac6/systemworkbench/plugins/fr.ac6.mcu.externaltools.arm-none.win32_1.15.0.201708311556/tools/compiler/bin/../lib/gcc/arm-none-eabi/6.3.1/../../../../arm-none-eabi/lib/thumb/v7e-m/fpv4-sp/hard\libc_nano.a(lib_a-mlock.o)
                0x08003a3c                __malloc_lock
 .text.__malloc_unlock
                0x08003a3e        0x2 d:/ac6/systemworkbench/plugins/fr.ac6.mcu.externaltools.arm-none.win32_1.15.0.201708311556/tools/compiler/bin/../lib/gcc/arm-none-eabi/6.3.1/../../../../arm-none-eabi/lib/thumb/v7e-m/fpv4-sp/hard\libc_nano.a(lib_a-mlock.o)
                0x08003a3e                __malloc_unlock
 .text._sbrk    0x08003a40       0x1c d:/ac6/systemworkbench/plugins/fr.ac6.mcu.externaltools.arm-none.win32_1.15.0.201708311556/tools/compiler/bin/../lib/gcc/arm-none-eabi/6.3.1/../../../../arm-none-eabi/lib/thumb/v7e-m/fpv4-sp/hard\libnosys.a(sbrk.o)
                0x08003a40                _sbrk
 *(.glue_7)
 .glue_7        0x08003a5c        0x0 linker stubs
 *(.glue_7t)
 .glue_7t       0x08003a5c        0x0 linker stubs
 *(.eh_frame)
 .eh_frame      0x08003a5c        0x0 d:/ac6/systemworkbench/plugins/fr.ac6.mcu.externaltools.arm-none.win32_1.15.0.201708311556/tools/compiler/bin/../lib/gcc/arm-none-eabi/6.3.1/thumb/v7e-m/fpv4-sp/hard/crtbegin.o
 *(.init)
 .init          0x08003a5c        0x4 d:/ac6/systemworkbench/plugins/fr.ac6.mcu.externaltools.arm-none.win32_1.15.0.201708311556/tools/compiler/bin/../lib/gcc/arm-none-eabi/6.3.1/thumb/v7e-m/fpv4-sp/hard/crti.o
                0x08003a5c                _init
 .init          0x08003a60        0x8 d:/ac6/systemworkbench/plugins/fr.ac6.mcu.externaltools.arm-none.win32_1.15.0.201708311556/tools/compiler/bin/../lib/gcc/arm-none-eabi/6.3.1/thumb/v7e-m/fpv4-sp/hard/crtn.o
 *(.fini)
 .fini          0x08003a68        0x4 d:/ac6/systemworkbench/plugins/fr.ac6.mcu.externaltools.arm-none.win32_1.15.0.201708311556/tools/compiler/bin/../lib/gcc/arm-none-eabi/6.3.1/thumb/v7e-m/fpv4-sp/hard/crti.o
                0x08003a68                _fini
 .fini          0x08003a6c        0x8 d:/ac6/systemworkbench/plugins/fr.ac6.mcu.externaltools.arm-none.win32_1.15.0.201708311556/tools/compiler/bin/../lib/gcc/arm-none-eabi/6.3.1/thumb/v7e-m/fpv4-sp/hard/crtn.o
                0x08003a74                . = ALIGN (0x4)
                0x08003a74                _etext = .

.vfp11_veneer   0x08003a74        0x0
 .vfp11_veneer  0x08003a74        0x0 linker stubs

.v4_bx          0x08003a74        0x0
 .v4_bx         0x08003a74        0x0 linker stubs

.iplt           0x08003a74        0x0
 .iplt          0x08003a74        0x0 d:/ac6/systemworkbench/plugins/fr.ac6.mcu.externaltools.arm-none.win32_1.15.0.201708311556/tools/compiler/bin/../lib/gcc/arm-none-eabi/6.3.1/thumb/v7e-m/fpv4-sp/hard/crtbegin.o

.rodata         0x08003a74      0x18c
                0x08003a74                . = ALIGN (0x4)
 *(.rodata)
 .rodata        0x08003a74       0x3c Src/MySrc/terminal.o
                0x08003a74                commands
 .rodata        0x08003ab0       0x18 Src/system_stm32f4xx.o
                0x08003ab0                AHBPrescTable
                0x08003ac0                APBPrescTable
 *(.rodata*)
 .rodata.str1.4
                0x08003ac8       0xb7 Src/MySrc/terminal.o
                                 0xbd (size before relaxing)
 *fill*         0x08003b7f        0x1 
 .rodata.str1.4
                0x08003b80        0x2 Src/MySrc/terminalHAL.o
 *fill*         0x08003b82        0x2 
 .rodata.str1.4
                0x08003b84        0xe Src/main.o
 *fill*         0x08003b92        0x2 
 .rodata.str1.4
                0x08003b94       0x13 Src/usbd_conf.o
 *fill*         0x08003ba7        0x1 
 .rodata.str1.4
                0x08003ba8       0x58 Src/usbd_desc.o
                                 0x56 (size before relaxing)
                0x08003c00                . = ALIGN (0x4)

.ARM.extab
 *(.ARM.extab* .gnu.linkonce.armextab.*)

.ARM            0x08003c00        0x8
                0x08003c00                __exidx_start = .
 *(.ARM.exidx*)
 .ARM.exidx     0x08003c00        0x8 d:/ac6/systemworkbench/plugins/fr.ac6.mcu.externaltools.arm-none.win32_1.15.0.201708311556/tools/compiler/bin/../lib/gcc/arm-none-eabi/6.3.1/thumb/v7e-m/fpv4-sp/hard\libgcc.a(_udivmoddi4.o)
                0x08003c08                __exidx_end = .

.rel.dyn        0x08003c08        0x0
 .rel.iplt      0x08003c08        0x0 d:/ac6/systemworkbench/plugins/fr.ac6.mcu.externaltools.arm-none.win32_1.15.0.201708311556/tools/compiler/bin/../lib/gcc/arm-none-eabi/6.3.1/thumb/v7e-m/fpv4-sp/hard/crtbegin.o

.preinit_array  0x08003c08        0x0
                0x08003c08                PROVIDE (__preinit_array_start, .)
 *(.preinit_array*)
                0x08003c08                PROVIDE (__preinit_array_end, .)

.init_array     0x08003c08        0x4
                0x08003c08                PROVIDE (__init_array_start, .)
 *(SORT(.init_array.*))
 *(.init_array*)
 .init_array    0x08003c08        0x4 d:/ac6/systemworkbench/plugins/fr.ac6.mcu.externaltools.arm-none.win32_1.15.0.201708311556/tools/compiler/bin/../lib/gcc/arm-none-eabi/6.3.1/thumb/v7e-m/fpv4-sp/hard/crtbegin.o
                0x08003c0c                PROVIDE (__init_array_end, .)

.fini_array     0x08003c0c        0x4
                [!provide]                PROVIDE (__fini_array_start, .)
 *(SORT(.fini_array.*))
 *(.fini_array*)
 .fini_array    0x08003c0c        0x4 d:/ac6/systemworkbench/plugins/fr.ac6.mcu.externaltools.arm-none.win32_1.15.0.201708311556/tools/compiler/bin/../lib/gcc/arm-none-eabi/6.3.1/thumb/v7e-m/fpv4-sp/hard/crtbegin.o
                [!provide]                PROVIDE (__fini_array_end, .)
                0x08003c10                _sidata = LOADADDR (.data)

.data           0x20000000      0x1c4 load address 0x08003c10
                0x20000000                . = ALIGN (0x4)
                0x20000000                _sdata = .
 *(.data)
 .data          0x20000000        0x8 Drivers/STM32F4xx_HAL_Driver/Src/stm32f4xx_hal.o
                0x20000000                uwTickFreq
                0x20000004                uwTickPrio
 .data          0x20000008      0x110 Middlewares/ST/STM32_USB_Device_Library/Class/CDC/Src/usbd_cdc.o
                0x20000008                USBD_CDC_CfgFSDesc
                0x2000004c                USBD_CDC_CfgHSDesc
                0x20000090                USBD_CDC_OtherSpeedCfgDesc
                0x200000e0                USBD_CDC
 .data          0x20000118        0x4 Src/system_stm32f4xx.o
                0x20000118                SystemCoreClock
 .data          0x2000011c       0x10 Src/usbd_cdc_if.o
                0x2000011c                USBD_Interface_fops_HS
 .data          0x2000012c       0x34 Src/usbd_desc.o
                0x2000012c                USBD_HS_DeviceDesc
                0x20000140                USBD_LangIDDesc
                0x20000144                HS_Desc
 *(.data*)
 .data._impure_ptr
                0x20000160        0x4 d:/ac6/systemworkbench/plugins/fr.ac6.mcu.externaltools.arm-none.win32_1.15.0.201708311556/tools/compiler/bin/../lib/gcc/arm-none-eabi/6.3.1/../../../../arm-none-eabi/lib/thumb/v7e-m/fpv4-sp/hard\libc_nano.a(lib_a-impure.o)
                0x20000160                _impure_ptr
 .data.impure_data
                0x20000164       0x60 d:/ac6/systemworkbench/plugins/fr.ac6.mcu.externaltools.arm-none.win32_1.15.0.201708311556/tools/compiler/bin/../lib/gcc/arm-none-eabi/6.3.1/../../../../arm-none-eabi/lib/thumb/v7e-m/fpv4-sp/hard\libc_nano.a(lib_a-impure.o)
                0x200001c4                . = ALIGN (0x4)
                0x200001c4                _edata = .
                0x08003dd4                _siccmram = LOADADDR (.ccmram)

.jcr            0x200001c4        0x0 load address 0x08003dd4
 .jcr           0x200001c4        0x0 d:/ac6/systemworkbench/plugins/fr.ac6.mcu.externaltools.arm-none.win32_1.15.0.201708311556/tools/compiler/bin/../lib/gcc/arm-none-eabi/6.3.1/thumb/v7e-m/fpv4-sp/hard/crtbegin.o

.igot.plt       0x200001c4        0x0 load address 0x08003dd4
 .igot.plt      0x200001c4        0x0 d:/ac6/systemworkbench/plugins/fr.ac6.mcu.externaltools.arm-none.win32_1.15.0.201708311556/tools/compiler/bin/../lib/gcc/arm-none-eabi/6.3.1/thumb/v7e-m/fpv4-sp/hard/crtbegin.o

.ccmram         0x10000000        0x0 load address 0x08003dd4
                0x10000000                . = ALIGN (0x4)
                0x10000000                _sccmram = .
 *(.ccmram)
 *(.ccmram*)
                0x10000000                . = ALIGN (0x4)
                0x10000000                _eccmram = .
                0x10000000                . = ALIGN (0x4)

.bss            0x200001c4     0x1868
                0x200001c4                _sbss = .
                0x200001c4                __bss_start__ = _sbss
 *(.bss)
 .bss           0x200001c4       0x1c d:/ac6/systemworkbench/plugins/fr.ac6.mcu.externaltools.arm-none.win32_1.15.0.201708311556/tools/compiler/bin/../lib/gcc/arm-none-eabi/6.3.1/thumb/v7e-m/fpv4-sp/hard/crtbegin.o
 .bss           0x200001e0        0x1 Middlewares/ST/STM32_USB_Device_Library/Class/CDC/Src/usbd_cdc.o
 .bss           0x200001e1        0x1 Middlewares/ST/STM32_USB_Device_Library/Core/Src/usbd_ctlreq.o
 .bss           0x200001e2        0x3 Src/MySrc/terminal.o
                0x200001e2                debug
                0x200001e3                newCmd
 *fill*         0x200001e5        0x3 
 .bss           0x200001e8       0x1b Src/MySrc/terminalHAL.o
 *(.bss*)
 *fill*         0x20000203        0x1 
 .bss.__malloc_free_list
                0x20000204        0x4 d:/ac6/systemworkbench/plugins/fr.ac6.mcu.externaltools.arm-none.win32_1.15.0.201708311556/tools/compiler/bin/../lib/gcc/arm-none-eabi/6.3.1/../../../../arm-none-eabi/lib/thumb/v7e-m/fpv4-sp/hard\libc_nano.a(lib_a-nano-mallocr.o)
                0x20000204                __malloc_free_list
 .bss.__malloc_sbrk_start
                0x20000208        0x4 d:/ac6/systemworkbench/plugins/fr.ac6.mcu.externaltools.arm-none.win32_1.15.0.201708311556/tools/compiler/bin/../lib/gcc/arm-none-eabi/6.3.1/../../../../arm-none-eabi/lib/thumb/v7e-m/fpv4-sp/hard\libc_nano.a(lib_a-nano-mallocr.o)
                0x20000208                __malloc_sbrk_start
 .bss.heap_end.5239
                0x2000020c        0x4 d:/ac6/systemworkbench/plugins/fr.ac6.mcu.externaltools.arm-none.win32_1.15.0.201708311556/tools/compiler/bin/../lib/gcc/arm-none-eabi/6.3.1/../../../../arm-none-eabi/lib/thumb/v7e-m/fpv4-sp/hard\libnosys.a(sbrk.o)
 *(COMMON)
 COMMON         0x20000210        0x4 Drivers/STM32F4xx_HAL_Driver/Src/stm32f4xx_hal.o
                0x20000210                uwTick
 COMMON         0x20000214      0x224 Src/usb_device.o
                0x20000214                hUsbDeviceHS
 COMMON         0x20000438     0x1000 Src/usbd_cdc_if.o
                0x20000438                UserRxBufferHS
                0x20000c38                UserTxBufferHS
 COMMON         0x20001438      0x3f0 Src/usbd_conf.o
                0x20001438                hpcd_USB_OTG_HS
 COMMON         0x20001828      0x200 Src/usbd_desc.o
                0x20001828                USBD_StrDesc
 COMMON         0x20001a28        0x4 d:/ac6/systemworkbench/plugins/fr.ac6.mcu.externaltools.arm-none.win32_1.15.0.201708311556/tools/compiler/bin/../lib/gcc/arm-none-eabi/6.3.1/../../../../arm-none-eabi/lib/thumb/v7e-m/fpv4-sp/hard\libc_nano.a(lib_a-reent.o)
                0x20001a28                errno
                0x20001a2c                . = ALIGN (0x4)
                0x20001a2c                _ebss = .
                0x20001a2c                __bss_end__ = _ebss

._user_heap_stack
                0x20001a2c      0x604
                0x20001a30                . = ALIGN (0x8)
 *fill*         0x20001a2c        0x4 
                0x20001a30                PROVIDE (end, .)
                [!provide]                PROVIDE (_end, .)
                0x20001c30                . = (. + _Min_Heap_Size)
 *fill*         0x20001a30      0x200 
                0x20002030                . = (. + _Min_Stack_Size)
 *fill*         0x20001c30      0x400 
                0x20002030                . = ALIGN (0x8)

/DISCARD/
 libc.a(*)
 libm.a(*)
 libgcc.a(*)

.ARM.attributes
                0x00000000       0x30
 *(.ARM.attributes)
 .ARM.attributes
                0x00000000       0x22 d:/ac6/systemworkbench/plugins/fr.ac6.mcu.externaltools.arm-none.win32_1.15.0.201708311556/tools/compiler/bin/../lib/gcc/arm-none-eabi/6.3.1/thumb/v7e-m/fpv4-sp/hard/crti.o
 .ARM.attributes
                0x00000022       0x34 d:/ac6/systemworkbench/plugins/fr.ac6.mcu.externaltools.arm-none.win32_1.15.0.201708311556/tools/compiler/bin/../lib/gcc/arm-none-eabi/6.3.1/thumb/v7e-m/fpv4-sp/hard/crtbegin.o
 .ARM.attributes
                0x00000056       0x39 Drivers/STM32F4xx_HAL_Driver/Src/stm32f4xx_hal.o
 .ARM.attributes
                0x0000008f       0x39 Drivers/STM32F4xx_HAL_Driver/Src/stm32f4xx_hal_cortex.o
 .ARM.attributes
                0x000000c8       0x39 Drivers/STM32F4xx_HAL_Driver/Src/stm32f4xx_hal_gpio.o
 .ARM.attributes
                0x00000101       0x39 Drivers/STM32F4xx_HAL_Driver/Src/stm32f4xx_hal_pcd.o
 .ARM.attributes
                0x0000013a       0x39 Drivers/STM32F4xx_HAL_Driver/Src/stm32f4xx_hal_pcd_ex.o
 .ARM.attributes
                0x00000173       0x39 Drivers/STM32F4xx_HAL_Driver/Src/stm32f4xx_hal_rcc.o
 .ARM.attributes
                0x000001ac       0x39 Drivers/STM32F4xx_HAL_Driver/Src/stm32f4xx_ll_usb.o
 .ARM.attributes
                0x000001e5       0x39 Middlewares/ST/STM32_USB_Device_Library/Class/CDC/Src/usbd_cdc.o
 .ARM.attributes
                0x0000021e       0x39 Middlewares/ST/STM32_USB_Device_Library/Core/Src/usbd_core.o
 .ARM.attributes
                0x00000257       0x39 Middlewares/ST/STM32_USB_Device_Library/Core/Src/usbd_ctlreq.o
 .ARM.attributes
                0x00000290       0x39 Middlewares/ST/STM32_USB_Device_Library/Core/Src/usbd_ioreq.o
 .ARM.attributes
                0x000002c9       0x39 Src/MySrc/terminal.o
 .ARM.attributes
                0x00000302       0x39 Src/MySrc/terminalHAL.o
 .ARM.attributes
                0x0000033b       0x39 Src/main.o
 .ARM.attributes
                0x00000374       0x39 Src/stm32f4xx_hal_msp.o
 .ARM.attributes
                0x000003ad       0x39 Src/stm32f4xx_it.o
 .ARM.attributes
                0x000003e6       0x39 Src/system_stm32f4xx.o
 .ARM.attributes
                0x0000041f       0x39 Src/usb_device.o
 .ARM.attributes
                0x00000458       0x39 Src/usbd_cdc_if.o
 .ARM.attributes
                0x00000491       0x39 Src/usbd_conf.o
 .ARM.attributes
                0x000004ca       0x39 Src/usbd_desc.o
 .ARM.attributes
                0x00000503       0x21 startup/startup_stm32f429xx.o
 .ARM.attributes
                0x00000524       0x22 d:/ac6/systemworkbench/plugins/fr.ac6.mcu.externaltools.arm-none.win32_1.15.0.201708311556/tools/compiler/bin/../lib/gcc/arm-none-eabi/6.3.1/thumb/v7e-m/fpv4-sp/hard\libgcc.a(_aeabi_uldivmod.o)
 .ARM.attributes
                0x00000546       0x34 d:/ac6/systemworkbench/plugins/fr.ac6.mcu.externaltools.arm-none.win32_1.15.0.201708311556/tools/compiler/bin/../lib/gcc/arm-none-eabi/6.3.1/thumb/v7e-m/fpv4-sp/hard\libgcc.a(_udivmoddi4.o)
 .ARM.attributes
                0x0000057a       0x22 d:/ac6/systemworkbench/plugins/fr.ac6.mcu.externaltools.arm-none.win32_1.15.0.201708311556/tools/compiler/bin/../lib/gcc/arm-none-eabi/6.3.1/thumb/v7e-m/fpv4-sp/hard\libgcc.a(_dvmd_tls.o)
 .ARM.attributes
                0x0000059c       0x34 d:/ac6/systemworkbench/plugins/fr.ac6.mcu.externaltools.arm-none.win32_1.15.0.201708311556/tools/compiler/bin/../lib/gcc/arm-none-eabi/6.3.1/../../../../arm-none-eabi/lib/thumb/v7e-m/fpv4-sp/hard\libc_nano.a(lib_a-impure.o)
 .ARM.attributes
                0x000005d0       0x34 d:/ac6/systemworkbench/plugins/fr.ac6.mcu.externaltools.arm-none.win32_1.15.0.201708311556/tools/compiler/bin/../lib/gcc/arm-none-eabi/6.3.1/../../../../arm-none-eabi/lib/thumb/v7e-m/fpv4-sp/hard\libc_nano.a(lib_a-init.o)
 .ARM.attributes
                0x00000604       0x34 d:/ac6/systemworkbench/plugins/fr.ac6.mcu.externaltools.arm-none.win32_1.15.0.201708311556/tools/compiler/bin/../lib/gcc/arm-none-eabi/6.3.1/../../../../arm-none-eabi/lib/thumb/v7e-m/fpv4-sp/hard\libc_nano.a(lib_a-malloc.o)
 .ARM.attributes
                0x00000638       0x34 d:/ac6/systemworkbench/plugins/fr.ac6.mcu.externaltools.arm-none.win32_1.15.0.201708311556/tools/compiler/bin/../lib/gcc/arm-none-eabi/6.3.1/../../../../arm-none-eabi/lib/thumb/v7e-m/fpv4-sp/hard\libc_nano.a(lib_a-nano-freer.o)
 .ARM.attributes
                0x0000066c       0x34 d:/ac6/systemworkbench/plugins/fr.ac6.mcu.externaltools.arm-none.win32_1.15.0.201708311556/tools/compiler/bin/../lib/gcc/arm-none-eabi/6.3.1/../../../../arm-none-eabi/lib/thumb/v7e-m/fpv4-sp/hard\libc_nano.a(lib_a-nano-mallocr.o)
 .ARM.attributes
                0x000006a0       0x34 d:/ac6/systemworkbench/plugins/fr.ac6.mcu.externaltools.arm-none.win32_1.15.0.201708311556/tools/compiler/bin/../lib/gcc/arm-none-eabi/6.3.1/../../../../arm-none-eabi/lib/thumb/v7e-m/fpv4-sp/hard\libc_nano.a(lib_a-sbrkr.o)
 .ARM.attributes
                0x000006d4       0x20 d:/ac6/systemworkbench/plugins/fr.ac6.mcu.externaltools.arm-none.win32_1.15.0.201708311556/tools/compiler/bin/../lib/gcc/arm-none-eabi/6.3.1/../../../../arm-none-eabi/lib/thumb/v7e-m/fpv4-sp/hard\libc_nano.a(lib_a-strcmp.o)
 .ARM.attributes
                0x000006f4       0x34 d:/ac6/systemworkbench/plugins/fr.ac6.mcu.externaltools.arm-none.win32_1.15.0.201708311556/tools/compiler/bin/../lib/gcc/arm-none-eabi/6.3.1/../../../../arm-none-eabi/lib/thumb/v7e-m/fpv4-sp/hard\libc_nano.a(lib_a-strcpy.o)
 .ARM.attributes
                0x00000728       0x1b d:/ac6/systemworkbench/plugins/fr.ac6.mcu.externaltools.arm-none.win32_1.15.0.201708311556/tools/compiler/bin/../lib/gcc/arm-none-eabi/6.3.1/../../../../arm-none-eabi/lib/thumb/v7e-m/fpv4-sp/hard\libc_nano.a(lib_a-strlen.o)
 .ARM.attributes
                0x00000743       0x34 d:/ac6/systemworkbench/plugins/fr.ac6.mcu.externaltools.arm-none.win32_1.15.0.201708311556/tools/compiler/bin/../lib/gcc/arm-none-eabi/6.3.1/../../../../arm-none-eabi/lib/thumb/v7e-m/fpv4-sp/hard\libc_nano.a(lib_a-mlock.o)
 .ARM.attributes
                0x00000777       0x34 d:/ac6/systemworkbench/plugins/fr.ac6.mcu.externaltools.arm-none.win32_1.15.0.201708311556/tools/compiler/bin/../lib/gcc/arm-none-eabi/6.3.1/../../../../arm-none-eabi/lib/thumb/v7e-m/fpv4-sp/hard\libc_nano.a(lib_a-reent.o)
 .ARM.attributes
                0x000007ab       0x34 d:/ac6/systemworkbench/plugins/fr.ac6.mcu.externaltools.arm-none.win32_1.15.0.201708311556/tools/compiler/bin/../lib/gcc/arm-none-eabi/6.3.1/../../../../arm-none-eabi/lib/thumb/v7e-m/fpv4-sp/hard\libnosys.a(sbrk.o)
 .ARM.attributes
                0x000007df       0x22 d:/ac6/systemworkbench/plugins/fr.ac6.mcu.externaltools.arm-none.win32_1.15.0.201708311556/tools/compiler/bin/../lib/gcc/arm-none-eabi/6.3.1/thumb/v7e-m/fpv4-sp/hard/crtn.o
OUTPUT(FlightController.elf elf32-littlearm)

.debug_info     0x00000000    0x1930d
 .debug_info    0x00000000     0x1250 Drivers/STM32F4xx_HAL_Driver/Src/stm32f4xx_hal.o
 .debug_info    0x00001250     0x1790 Drivers/STM32F4xx_HAL_Driver/Src/stm32f4xx_hal_cortex.o
 .debug_info    0x000029e0      0xfb1 Drivers/STM32F4xx_HAL_Driver/Src/stm32f4xx_hal_gpio.o
 .debug_info    0x00003991     0x1ca5 Drivers/STM32F4xx_HAL_Driver/Src/stm32f4xx_hal_pcd.o
 .debug_info    0x00005636      0xdd9 Drivers/STM32F4xx_HAL_Driver/Src/stm32f4xx_hal_pcd_ex.o
 .debug_info    0x0000640f     0x1279 Drivers/STM32F4xx_HAL_Driver/Src/stm32f4xx_hal_rcc.o
 .debug_info    0x00007688     0x1f1c Drivers/STM32F4xx_HAL_Driver/Src/stm32f4xx_ll_usb.o
 .debug_info    0x000095a4     0x158a Middlewares/ST/STM32_USB_Device_Library/Class/CDC/Src/usbd_cdc.o
 .debug_info    0x0000ab2e     0x1490 Middlewares/ST/STM32_USB_Device_Library/Core/Src/usbd_core.o
 .debug_info    0x0000bfbe     0x1666 Middlewares/ST/STM32_USB_Device_Library/Core/Src/usbd_ctlreq.o
 .debug_info    0x0000d624      0xfd9 Middlewares/ST/STM32_USB_Device_Library/Core/Src/usbd_ioreq.o
 .debug_info    0x0000e5fd      0xd71 Src/MySrc/terminal.o
 .debug_info    0x0000f36e     0x1017 Src/MySrc/terminalHAL.o
 .debug_info    0x00010385     0x1733 Src/main.o
 .debug_info    0x00011ab8      0xcab Src/stm32f4xx_hal_msp.o
 .debug_info    0x00012763      0xe0d Src/stm32f4xx_it.o
 .debug_info    0x00013570      0xd4a Src/system_stm32f4xx.o
 .debug_info    0x000142ba      0xe91 Src/usb_device.o
 .debug_info    0x0001514b     0x10dd Src/usbd_cdc_if.o
 .debug_info    0x00016228     0x22ff Src/usbd_conf.o
 .debug_info    0x00018527      0xd69 Src/usbd_desc.o
 .debug_info    0x00019290       0x7d startup/startup_stm32f429xx.o

.debug_abbrev   0x00000000     0x3884
 .debug_abbrev  0x00000000      0x2e3 Drivers/STM32F4xx_HAL_Driver/Src/stm32f4xx_hal.o
 .debug_abbrev  0x000002e3      0x3d4 Drivers/STM32F4xx_HAL_Driver/Src/stm32f4xx_hal_cortex.o
 .debug_abbrev  0x000006b7      0x2a5 Drivers/STM32F4xx_HAL_Driver/Src/stm32f4xx_hal_gpio.o
 .debug_abbrev  0x0000095c      0x336 Drivers/STM32F4xx_HAL_Driver/Src/stm32f4xx_hal_pcd.o
 .debug_abbrev  0x00000c92      0x24c Drivers/STM32F4xx_HAL_Driver/Src/stm32f4xx_hal_pcd_ex.o
 .debug_abbrev  0x00000ede      0x331 Drivers/STM32F4xx_HAL_Driver/Src/stm32f4xx_hal_rcc.o
 .debug_abbrev  0x0000120f      0x304 Drivers/STM32F4xx_HAL_Driver/Src/stm32f4xx_ll_usb.o
 .debug_abbrev  0x00001513      0x312 Middlewares/ST/STM32_USB_Device_Library/Class/CDC/Src/usbd_cdc.o
 .debug_abbrev  0x00001825      0x2c6 Middlewares/ST/STM32_USB_Device_Library/Core/Src/usbd_core.o
 .debug_abbrev  0x00001aeb      0x327 Middlewares/ST/STM32_USB_Device_Library/Core/Src/usbd_ctlreq.o
 .debug_abbrev  0x00001e12      0x213 Middlewares/ST/STM32_USB_Device_Library/Core/Src/usbd_ioreq.o
 .debug_abbrev  0x00002025      0x2ae Src/MySrc/terminal.o
 .debug_abbrev  0x000022d3      0x279 Src/MySrc/terminalHAL.o
 .debug_abbrev  0x0000254c      0x29a Src/main.o
 .debug_abbrev  0x000027e6      0x209 Src/stm32f4xx_hal_msp.o
 .debug_abbrev  0x000029ef      0x239 Src/stm32f4xx_it.o
 .debug_abbrev  0x00002c28      0x205 Src/system_stm32f4xx.o
 .debug_abbrev  0x00002e2d      0x216 Src/usb_device.o
 .debug_abbrev  0x00003043      0x2ec Src/usbd_cdc_if.o
 .debug_abbrev  0x0000332f      0x2eb Src/usbd_conf.o
 .debug_abbrev  0x0000361a      0x258 Src/usbd_desc.o
 .debug_abbrev  0x00003872       0x12 startup/startup_stm32f429xx.o

.debug_loc      0x00000000     0x5e12
 .debug_loc     0x00000000      0x108 Drivers/STM32F4xx_HAL_Driver/Src/stm32f4xx_hal.o
 .debug_loc     0x00000108      0x5ce Drivers/STM32F4xx_HAL_Driver/Src/stm32f4xx_hal_cortex.o
 .debug_loc     0x000006d6      0x3fd Drivers/STM32F4xx_HAL_Driver/Src/stm32f4xx_hal_gpio.o
 .debug_loc     0x00000ad3      0xc84 Drivers/STM32F4xx_HAL_Driver/Src/stm32f4xx_hal_pcd.o
 .debug_loc     0x00001757       0xb7 Drivers/STM32F4xx_HAL_Driver/Src/stm32f4xx_hal_pcd_ex.o
 .debug_loc     0x0000180e      0x3e6 Drivers/STM32F4xx_HAL_Driver/Src/stm32f4xx_hal_rcc.o
 .debug_loc     0x00001bf4     0x1582 Drivers/STM32F4xx_HAL_Driver/Src/stm32f4xx_ll_usb.o
 .debug_loc     0x00003176      0x4b9 Middlewares/ST/STM32_USB_Device_Library/Class/CDC/Src/usbd_cdc.o
 .debug_loc     0x0000362f      0x71c Middlewares/ST/STM32_USB_Device_Library/Core/Src/usbd_core.o
 .debug_loc     0x00003d4b      0xb78 Middlewares/ST/STM32_USB_Device_Library/Core/Src/usbd_ctlreq.o
 .debug_loc     0x000048c3      0x23c Middlewares/ST/STM32_USB_Device_Library/Core/Src/usbd_ioreq.o
 .debug_loc     0x00004aff      0x123 Src/MySrc/terminal.o
 .debug_loc     0x00004c22       0xcc Src/MySrc/terminalHAL.o
 .debug_loc     0x00004cee      0x13e Src/system_stm32f4xx.o
 .debug_loc     0x00004e2c      0x148 Src/usbd_cdc_if.o
 .debug_loc     0x00004f74      0xbe7 Src/usbd_conf.o
 .debug_loc     0x00005b5b      0x2b7 Src/usbd_desc.o

.debug_aranges  0x00000000      0xab0
 .debug_aranges
                0x00000000       0xf0 Drivers/STM32F4xx_HAL_Driver/Src/stm32f4xx_hal.o
 .debug_aranges
                0x000000f0       0xa8 Drivers/STM32F4xx_HAL_Driver/Src/stm32f4xx_hal_cortex.o
 .debug_aranges
                0x00000198       0x58 Drivers/STM32F4xx_HAL_Driver/Src/stm32f4xx_hal_gpio.o
 .debug_aranges
                0x000001f0      0x120 Drivers/STM32F4xx_HAL_Driver/Src/stm32f4xx_hal_pcd.o
 .debug_aranges
                0x00000310       0x28 Drivers/STM32F4xx_HAL_Driver/Src/stm32f4xx_hal_pcd_ex.o
 .debug_aranges
                0x00000338       0x88 Drivers/STM32F4xx_HAL_Driver/Src/stm32f4xx_hal_rcc.o
 .debug_aranges
                0x000003c0      0x180 Drivers/STM32F4xx_HAL_Driver/Src/stm32f4xx_ll_usb.o
 .debug_aranges
                0x00000540       0x90 Middlewares/ST/STM32_USB_Device_Library/Class/CDC/Src/usbd_cdc.o
 .debug_aranges
                0x000005d0       0xb8 Middlewares/ST/STM32_USB_Device_Library/Core/Src/usbd_core.o
 .debug_aranges
                0x00000688       0x88 Middlewares/ST/STM32_USB_Device_Library/Core/Src/usbd_ctlreq.o
 .debug_aranges
                0x00000710       0x50 Middlewares/ST/STM32_USB_Device_Library/Core/Src/usbd_ioreq.o
 .debug_aranges
                0x00000760       0x58 Src/MySrc/terminal.o
 .debug_aranges
                0x000007b8       0x40 Src/MySrc/terminalHAL.o
 .debug_aranges
                0x000007f8       0x38 Src/main.o
 .debug_aranges
                0x00000830       0x20 Src/stm32f4xx_hal_msp.o
 .debug_aranges
                0x00000850       0x68 Src/stm32f4xx_it.o
 .debug_aranges
                0x000008b8       0x28 Src/system_stm32f4xx.o
 .debug_aranges
                0x000008e0       0x20 Src/usb_device.o
 .debug_aranges
                0x00000900       0x40 Src/usbd_cdc_if.o
 .debug_aranges
                0x00000940       0xf8 Src/usbd_conf.o
 .debug_aranges
                0x00000a38       0x50 Src/usbd_desc.o
 .debug_aranges
                0x00000a88       0x28 startup/startup_stm32f429xx.o

.debug_ranges   0x00000000      0xa00
 .debug_ranges  0x00000000       0xe0 Drivers/STM32F4xx_HAL_Driver/Src/stm32f4xx_hal.o
 .debug_ranges  0x000000e0       0xf8 Drivers/STM32F4xx_HAL_Driver/Src/stm32f4xx_hal_cortex.o
 .debug_ranges  0x000001d8       0x48 Drivers/STM32F4xx_HAL_Driver/Src/stm32f4xx_hal_gpio.o
 .debug_ranges  0x00000220      0x110 Drivers/STM32F4xx_HAL_Driver/Src/stm32f4xx_hal_pcd.o
 .debug_ranges  0x00000330       0x18 Drivers/STM32F4xx_HAL_Driver/Src/stm32f4xx_hal_pcd_ex.o
 .debug_ranges  0x00000348       0x90 Drivers/STM32F4xx_HAL_Driver/Src/stm32f4xx_hal_rcc.o
 .debug_ranges  0x000003d8      0x170 Drivers/STM32F4xx_HAL_Driver/Src/stm32f4xx_ll_usb.o
 .debug_ranges  0x00000548       0x80 Middlewares/ST/STM32_USB_Device_Library/Class/CDC/Src/usbd_cdc.o
 .debug_ranges  0x000005c8       0xa8 Middlewares/ST/STM32_USB_Device_Library/Core/Src/usbd_core.o
 .debug_ranges  0x00000670       0x78 Middlewares/ST/STM32_USB_Device_Library/Core/Src/usbd_ctlreq.o
 .debug_ranges  0x000006e8       0x40 Middlewares/ST/STM32_USB_Device_Library/Core/Src/usbd_ioreq.o
 .debug_ranges  0x00000728       0x78 Src/MySrc/terminal.o
 .debug_ranges  0x000007a0       0x30 Src/MySrc/terminalHAL.o
 .debug_ranges  0x000007d0       0x28 Src/main.o
 .debug_ranges  0x000007f8       0x10 Src/stm32f4xx_hal_msp.o
 .debug_ranges  0x00000808       0x58 Src/stm32f4xx_it.o
 .debug_ranges  0x00000860       0x18 Src/system_stm32f4xx.o
 .debug_ranges  0x00000878       0x10 Src/usb_device.o
 .debug_ranges  0x00000888       0x30 Src/usbd_cdc_if.o
 .debug_ranges  0x000008b8       0xe8 Src/usbd_conf.o
 .debug_ranges  0x000009a0       0x40 Src/usbd_desc.o
 .debug_ranges  0x000009e0       0x20 startup/startup_stm32f429xx.o

.debug_macro    0x00000000    0x257df
 .debug_macro   0x00000000      0x379 Drivers/STM32F4xx_HAL_Driver/Src/stm32f4xx_hal.o
 .debug_macro   0x00000379      0x8bc Drivers/STM32F4xx_HAL_Driver/Src/stm32f4xx_hal.o
 .debug_macro   0x00000c35       0x10 Drivers/STM32F4xx_HAL_Driver/Src/stm32f4xx_hal.o
 .debug_macro   0x00000c45      0x17a Drivers/STM32F4xx_HAL_Driver/Src/stm32f4xx_hal.o
 .debug_macro   0x00000dbf       0x32 Drivers/STM32F4xx_HAL_Driver/Src/stm32f4xx_hal.o
 .debug_macro   0x00000df1       0x28 Drivers/STM32F4xx_HAL_Driver/Src/stm32f4xx_hal.o
 .debug_macro   0x00000e19       0x22 Drivers/STM32F4xx_HAL_Driver/Src/stm32f4xx_hal.o
 .debug_macro   0x00000e3b       0x87 Drivers/STM32F4xx_HAL_Driver/Src/stm32f4xx_hal.o
 .debug_macro   0x00000ec2       0x51 Drivers/STM32F4xx_HAL_Driver/Src/stm32f4xx_hal.o
 .debug_macro   0x00000f13       0xef Drivers/STM32F4xx_HAL_Driver/Src/stm32f4xx_hal.o
 .debug_macro   0x00001002       0x6a Drivers/STM32F4xx_HAL_Driver/Src/stm32f4xx_hal.o
 .debug_macro   0x0000106c      0x1df Drivers/STM32F4xx_HAL_Driver/Src/stm32f4xx_hal.o
 .debug_macro   0x0000124b       0x35 Drivers/STM32F4xx_HAL_Driver/Src/stm32f4xx_hal.o
 .debug_macro   0x00001280       0x50 Drivers/STM32F4xx_HAL_Driver/Src/stm32f4xx_hal.o
 .debug_macro   0x000012d0      0xe66 Drivers/STM32F4xx_HAL_Driver/Src/stm32f4xx_hal.o
 .debug_macro   0x00002136    0x17e1c Drivers/STM32F4xx_HAL_Driver/Src/stm32f4xx_hal.o
 .debug_macro   0x00019f52       0x43 Drivers/STM32F4xx_HAL_Driver/Src/stm32f4xx_hal.o
 .debug_macro   0x00019f95     0x35a5 Drivers/STM32F4xx_HAL_Driver/Src/stm32f4xx_hal.o
 .debug_macro   0x0001d53a       0x58 Drivers/STM32F4xx_HAL_Driver/Src/stm32f4xx_hal.o
 .debug_macro   0x0001d592       0x35 Drivers/STM32F4xx_HAL_Driver/Src/stm32f4xx_hal.o
 .debug_macro   0x0001d5c7       0x9c Drivers/STM32F4xx_HAL_Driver/Src/stm32f4xx_hal.o
 .debug_macro   0x0001d663       0x16 Drivers/STM32F4xx_HAL_Driver/Src/stm32f4xx_hal.o
 .debug_macro   0x0001d679       0x97 Drivers/STM32F4xx_HAL_Driver/Src/stm32f4xx_hal.o
 .debug_macro   0x0001d710      0x330 Drivers/STM32F4xx_HAL_Driver/Src/stm32f4xx_hal.o
 .debug_macro   0x0001da40       0xfd Drivers/STM32F4xx_HAL_Driver/Src/stm32f4xx_hal.o
 .debug_macro   0x0001db3d       0x10 Drivers/STM32F4xx_HAL_Driver/Src/stm32f4xx_hal.o
 .debug_macro   0x0001db4d       0x58 Drivers/STM32F4xx_HAL_Driver/Src/stm32f4xx_hal.o
 .debug_macro   0x0001dba5       0x1f Drivers/STM32F4xx_HAL_Driver/Src/stm32f4xx_hal.o
 .debug_macro   0x0001dbc4       0x43 Drivers/STM32F4xx_HAL_Driver/Src/stm32f4xx_hal.o
 .debug_macro   0x0001dc07       0x20 Drivers/STM32F4xx_HAL_Driver/Src/stm32f4xx_hal.o
 .debug_macro   0x0001dc27      0x187 Drivers/STM32F4xx_HAL_Driver/Src/stm32f4xx_hal.o
 .debug_macro   0x0001ddae       0x10 Drivers/STM32F4xx_HAL_Driver/Src/stm32f4xx_hal.o
 .debug_macro   0x0001ddbe       0x1c Drivers/STM32F4xx_HAL_Driver/Src/stm32f4xx_hal.o
 .debug_macro   0x0001ddda       0x52 Drivers/STM32F4xx_HAL_Driver/Src/stm32f4xx_hal.o
 .debug_macro   0x0001de2c       0x40 Drivers/STM32F4xx_HAL_Driver/Src/stm32f4xx_hal.o
 .debug_macro   0x0001de6c       0x10 Drivers/STM32F4xx_HAL_Driver/Src/stm32f4xx_hal.o
 .debug_macro   0x0001de7c       0x40 Drivers/STM32F4xx_HAL_Driver/Src/stm32f4xx_hal.o
 .debug_macro   0x0001debc       0xd7 Drivers/STM32F4xx_HAL_Driver/Src/stm32f4xx_hal.o
 .debug_macro   0x0001df93       0x16 Drivers/STM32F4xx_HAL_Driver/Src/stm32f4xx_hal.o
 .debug_macro   0x0001dfa9      0x18b Drivers/STM32F4xx_HAL_Driver/Src/stm32f4xx_hal.o
 .debug_macro   0x0001e134       0x50 Drivers/STM32F4xx_HAL_Driver/Src/stm32f4xx_hal.o
 .debug_macro   0x0001e184      0xca5 Drivers/STM32F4xx_HAL_Driver/Src/stm32f4xx_hal.o
 .debug_macro   0x0001ee29      0xa02 Drivers/STM32F4xx_HAL_Driver/Src/stm32f4xx_hal.o
 .debug_macro   0x0001f82b      0x11e Drivers/STM32F4xx_HAL_Driver/Src/stm32f4xx_hal.o
 .debug_macro   0x0001f949      0x15f Drivers/STM32F4xx_HAL_Driver/Src/stm32f4xx_hal.o
 .debug_macro   0x0001faa8       0x27 Drivers/STM32F4xx_HAL_Driver/Src/stm32f4xx_hal.o
 .debug_macro   0x0001facf      0x287 Drivers/STM32F4xx_HAL_Driver/Src/stm32f4xx_hal.o
 .debug_macro   0x0001fd56       0x5f Drivers/STM32F4xx_HAL_Driver/Src/stm32f4xx_hal.o
 .debug_macro   0x0001fdb5      0x23a Drivers/STM32F4xx_HAL_Driver/Src/stm32f4xx_hal.o
 .debug_macro   0x0001ffef      0x13a Drivers/STM32F4xx_HAL_Driver/Src/stm32f4xx_hal.o
 .debug_macro   0x00020129      0x41d Drivers/STM32F4xx_HAL_Driver/Src/stm32f4xx_hal.o
 .debug_macro   0x00020546       0x2e Drivers/STM32F4xx_HAL_Driver/Src/stm32f4xx_hal.o
 .debug_macro   0x00020574      0x11e Drivers/STM32F4xx_HAL_Driver/Src/stm32f4xx_hal.o
 .debug_macro   0x00020692       0xe2 Drivers/STM32F4xx_HAL_Driver/Src/stm32f4xx_hal.o
 .debug_macro   0x00020774       0x89 Drivers/STM32F4xx_HAL_Driver/Src/stm32f4xx_hal.o
 .debug_macro   0x000207fd      0x1df Drivers/STM32F4xx_HAL_Driver/Src/stm32f4xx_hal.o
 .debug_macro   0x000209dc      0x115 Drivers/STM32F4xx_HAL_Driver/Src/stm32f4xx_hal.o
 .debug_macro   0x00020af1      0x13b Drivers/STM32F4xx_HAL_Driver/Src/stm32f4xx_hal.o
 .debug_macro   0x00020c2c      0x319 Drivers/STM32F4xx_HAL_Driver/Src/stm32f4xx_hal_cortex.o
 .debug_macro   0x00020f45      0x351 Drivers/STM32F4xx_HAL_Driver/Src/stm32f4xx_hal_gpio.o
 .debug_macro   0x00021296      0x325 Drivers/STM32F4xx_HAL_Driver/Src/stm32f4xx_hal_pcd.o
 .debug_macro   0x000215bb      0x319 Drivers/STM32F4xx_HAL_Driver/Src/stm32f4xx_hal_pcd_ex.o
 .debug_macro   0x000218d4      0x33d Drivers/STM32F4xx_HAL_Driver/Src/stm32f4xx_hal_rcc.o
 .debug_macro   0x00021c11      0x320 Drivers/STM32F4xx_HAL_Driver/Src/stm32f4xx_ll_usb.o
 .debug_macro   0x00021f31      0x3cf Middlewares/ST/STM32_USB_Device_Library/Class/CDC/Src/usbd_cdc.o
 .debug_macro   0x00022300       0x52 Middlewares/ST/STM32_USB_Device_Library/Class/CDC/Src/usbd_cdc.o
 .debug_macro   0x00022352       0x8d Middlewares/ST/STM32_USB_Device_Library/Class/CDC/Src/usbd_cdc.o
 .debug_macro   0x000223df       0x57 Middlewares/ST/STM32_USB_Device_Library/Class/CDC/Src/usbd_cdc.o
 .debug_macro   0x00022436       0x16 Middlewares/ST/STM32_USB_Device_Library/Class/CDC/Src/usbd_cdc.o
 .debug_macro   0x0002244c       0x35 Middlewares/ST/STM32_USB_Device_Library/Class/CDC/Src/usbd_cdc.o
 .debug_macro   0x00022481       0x16 Middlewares/ST/STM32_USB_Device_Library/Class/CDC/Src/usbd_cdc.o
 .debug_macro   0x00022497       0x29 Middlewares/ST/STM32_USB_Device_Library/Class/CDC/Src/usbd_cdc.o
 .debug_macro   0x000224c0       0x16 Middlewares/ST/STM32_USB_Device_Library/Class/CDC/Src/usbd_cdc.o
 .debug_macro   0x000224d6       0x71 Middlewares/ST/STM32_USB_Device_Library/Class/CDC/Src/usbd_cdc.o
 .debug_macro   0x00022547      0x1c3 Middlewares/ST/STM32_USB_Device_Library/Class/CDC/Src/usbd_cdc.o
 .debug_macro   0x0002270a       0x83 Middlewares/ST/STM32_USB_Device_Library/Class/CDC/Src/usbd_cdc.o
 .debug_macro   0x0002278d      0x3a8 Middlewares/ST/STM32_USB_Device_Library/Core/Src/usbd_core.o
 .debug_macro   0x00022b35      0x1c9 Middlewares/ST/STM32_USB_Device_Library/Core/Src/usbd_core.o
 .debug_macro   0x00022cfe      0x3b2 Middlewares/ST/STM32_USB_Device_Library/Core/Src/usbd_ctlreq.o
 .debug_macro   0x000230b0      0x3ae Middlewares/ST/STM32_USB_Device_Library/Core/Src/usbd_ioreq.o
 .debug_macro   0x0002345e      0x12f Src/MySrc/terminal.o
 .debug_macro   0x0002358d      0x174 Src/MySrc/terminal.o
 .debug_macro   0x00023701       0x10 Src/MySrc/terminal.o
 .debug_macro   0x00023711      0x3e5 Src/MySrc/terminalHAL.o
 .debug_macro   0x00023af6       0x3b Src/MySrc/terminalHAL.o
 .debug_macro   0x00023b31      0x3e9 Src/main.o
 .debug_macro   0x00023f1a      0x319 Src/stm32f4xx_hal_msp.o
 .debug_macro   0x00024233      0x323 Src/stm32f4xx_it.o
 .debug_macro   0x00024556      0x31f Src/system_stm32f4xx.o
 .debug_macro   0x00024875      0x3e9 Src/usb_device.o
 .debug_macro   0x00024c5e      0x3dd Src/usbd_cdc_if.o
 .debug_macro   0x0002503b      0x3b8 Src/usbd_conf.o
 .debug_macro   0x000253f3      0x3ec Src/usbd_desc.o

.debug_line     0x00000000     0xceab
 .debug_line    0x00000000      0x9da Drivers/STM32F4xx_HAL_Driver/Src/stm32f4xx_hal.o
 .debug_line    0x000009da      0x9f4 Drivers/STM32F4xx_HAL_Driver/Src/stm32f4xx_hal_cortex.o
 .debug_line    0x000013ce      0x97e Drivers/STM32F4xx_HAL_Driver/Src/stm32f4xx_hal_gpio.o
 .debug_line    0x00001d4c      0xce7 Drivers/STM32F4xx_HAL_Driver/Src/stm32f4xx_hal_pcd.o
 .debug_line    0x00002a33      0x822 Drivers/STM32F4xx_HAL_Driver/Src/stm32f4xx_hal_pcd_ex.o
 .debug_line    0x00003255      0xa44 Drivers/STM32F4xx_HAL_Driver/Src/stm32f4xx_hal_rcc.o
 .debug_line    0x00003c99      0xe44 Drivers/STM32F4xx_HAL_Driver/Src/stm32f4xx_ll_usb.o
 .debug_line    0x00004add      0xaf0 Middlewares/ST/STM32_USB_Device_Library/Class/CDC/Src/usbd_cdc.o
 .debug_line    0x000055cd      0xae0 Middlewares/ST/STM32_USB_Device_Library/Core/Src/usbd_core.o
 .debug_line    0x000060ad      0xaf5 Middlewares/ST/STM32_USB_Device_Library/Core/Src/usbd_ctlreq.o
 .debug_line    0x00006ba2      0x96b Middlewares/ST/STM32_USB_Device_Library/Core/Src/usbd_ioreq.o
 .debug_line    0x0000750d      0x4a0 Src/MySrc/terminal.o
 .debug_line    0x000079ad      0xa18 Src/MySrc/terminalHAL.o
 .debug_line    0x000083c5      0xa04 Src/main.o
 .debug_line    0x00008dc9      0x7dd Src/stm32f4xx_hal_msp.o
 .debug_line    0x000095a6      0x876 Src/stm32f4xx_it.o
 .debug_line    0x00009e1c      0x808 Src/system_stm32f4xx.o
 .debug_line    0x0000a624      0x972 Src/usb_device.o
 .debug_line    0x0000af96      0xa00 Src/usbd_cdc_if.o
 .debug_line    0x0000b996      0xb42 Src/usbd_conf.o
 .debug_line    0x0000c4d8      0x954 Src/usbd_desc.o
 .debug_line    0x0000ce2c       0x7f startup/startup_stm32f429xx.o

.debug_str      0x00000000    0xcc79a
 .debug_str     0x00000000    0xc925e Drivers/STM32F4xx_HAL_Driver/Src/stm32f4xx_hal.o
                              0xc963d (size before relaxing)
 .debug_str     0x000c925e      0x3ba Drivers/STM32F4xx_HAL_Driver/Src/stm32f4xx_hal_cortex.o
                              0xc9331 (size before relaxing)
 .debug_str     0x000c9618      0x28c Drivers/STM32F4xx_HAL_Driver/Src/stm32f4xx_hal_gpio.o
                              0xc8c73 (size before relaxing)
 .debug_str     0x000c98a4      0x9dc Drivers/STM32F4xx_HAL_Driver/Src/stm32f4xx_hal_pcd.o
                              0xc92f9 (size before relaxing)
 .debug_str     0x000ca280       0x4a Drivers/STM32F4xx_HAL_Driver/Src/stm32f4xx_hal_pcd_ex.o
                              0xc8c2f (size before relaxing)
 .debug_str     0x000ca2ca      0x370 Drivers/STM32F4xx_HAL_Driver/Src/stm32f4xx_hal_rcc.o
                              0xc8e3d (size before relaxing)
 .debug_str     0x000ca63a      0x3d1 Drivers/STM32F4xx_HAL_Driver/Src/stm32f4xx_ll_usb.o
                              0xc9260 (size before relaxing)
 .debug_str     0x000caa0b     0x127f Middlewares/ST/STM32_USB_Device_Library/Class/CDC/Src/usbd_cdc.o
                              0xc9c2b (size before relaxing)
 .debug_str     0x000cbc8a      0x294 Middlewares/ST/STM32_USB_Device_Library/Core/Src/usbd_core.o
                              0xc9904 (size before relaxing)
 .debug_str     0x000cbf1e      0x125 Middlewares/ST/STM32_USB_Device_Library/Core/Src/usbd_ctlreq.o
                              0xc981e (size before relaxing)
 .debug_str     0x000cc043       0x51 Middlewares/ST/STM32_USB_Device_Library/Core/Src/usbd_ioreq.o
                              0xc974b (size before relaxing)
 .debug_str     0x000cc094      0x13a Src/MySrc/terminal.o
                               0x64e5 (size before relaxing)
 .debug_str     0x000cc1ce       0xf5 Src/MySrc/terminalHAL.o
                              0xc9a54 (size before relaxing)
 .debug_str     0x000cc2c3       0x55 Src/main.o
                              0xca288 (size before relaxing)
 .debug_str     0x000cc318       0x1b Src/stm32f4xx_hal_msp.o
                              0xc8e0c (size before relaxing)
 .debug_str     0x000cc333       0xda Src/stm32f4xx_it.o
                              0xc8c8b (size before relaxing)
 .debug_str     0x000cc40d       0x5a Src/system_stm32f4xx.o
                              0xc8a2f (size before relaxing)
 .debug_str     0x000cc467       0x14 Src/usb_device.o
                              0xc99bb (size before relaxing)
 .debug_str     0x000cc47b       0x97 Src/usbd_cdc_if.o
                              0xc9ae9 (size before relaxing)
 .debug_str     0x000cc512       0x51 Src/usbd_conf.o
                              0xca5b2 (size before relaxing)
 .debug_str     0x000cc563      0x237 Src/usbd_desc.o
                              0xc95fa (size before relaxing)

.comment        0x00000000       0x7f
 .comment       0x00000000       0x7f Drivers/STM32F4xx_HAL_Driver/Src/stm32f4xx_hal.o
                                 0x80 (size before relaxing)
 .comment       0x0000007f       0x80 Drivers/STM32F4xx_HAL_Driver/Src/stm32f4xx_hal_cortex.o
 .comment       0x0000007f       0x80 Drivers/STM32F4xx_HAL_Driver/Src/stm32f4xx_hal_gpio.o
 .comment       0x0000007f       0x80 Drivers/STM32F4xx_HAL_Driver/Src/stm32f4xx_hal_pcd.o
 .comment       0x0000007f       0x80 Drivers/STM32F4xx_HAL_Driver/Src/stm32f4xx_hal_pcd_ex.o
 .comment       0x0000007f       0x80 Drivers/STM32F4xx_HAL_Driver/Src/stm32f4xx_hal_rcc.o
 .comment       0x0000007f       0x80 Drivers/STM32F4xx_HAL_Driver/Src/stm32f4xx_ll_usb.o
 .comment       0x0000007f       0x80 Middlewares/ST/STM32_USB_Device_Library/Class/CDC/Src/usbd_cdc.o
 .comment       0x0000007f       0x80 Middlewares/ST/STM32_USB_Device_Library/Core/Src/usbd_core.o
 .comment       0x0000007f       0x80 Middlewares/ST/STM32_USB_Device_Library/Core/Src/usbd_ctlreq.o
 .comment       0x0000007f       0x80 Middlewares/ST/STM32_USB_Device_Library/Core/Src/usbd_ioreq.o
 .comment       0x0000007f       0x80 Src/MySrc/terminal.o
 .comment       0x0000007f       0x80 Src/MySrc/terminalHAL.o
 .comment       0x0000007f       0x80 Src/main.o
 .comment       0x0000007f       0x80 Src/stm32f4xx_hal_msp.o
 .comment       0x0000007f       0x80 Src/stm32f4xx_it.o
 .comment       0x0000007f       0x80 Src/system_stm32f4xx.o
 .comment       0x0000007f       0x80 Src/usb_device.o
 .comment       0x0000007f       0x80 Src/usbd_cdc_if.o
 .comment       0x0000007f       0x80 Src/usbd_conf.o
 .comment       0x0000007f       0x80 Src/usbd_desc.o

.debug_frame    0x00000000     0x1bb4
 .debug_frame   0x00000000      0x1ec Drivers/STM32F4xx_HAL_Driver/Src/stm32f4xx_hal.o
 .debug_frame   0x000001ec      0x15c Drivers/STM32F4xx_HAL_Driver/Src/stm32f4xx_hal_cortex.o
 .debug_frame   0x00000348       0xd0 Drivers/STM32F4xx_HAL_Driver/Src/stm32f4xx_hal_gpio.o
 .debug_frame   0x00000418      0x2e8 Drivers/STM32F4xx_HAL_Driver/Src/stm32f4xx_hal_pcd.o
 .debug_frame   0x00000700       0x3c Drivers/STM32F4xx_HAL_Driver/Src/stm32f4xx_hal_pcd_ex.o
 .debug_frame   0x0000073c      0x174 Drivers/STM32F4xx_HAL_Driver/Src/stm32f4xx_hal_rcc.o
 .debug_frame   0x000008b0      0x49c Drivers/STM32F4xx_HAL_Driver/Src/stm32f4xx_ll_usb.o
 .debug_frame   0x00000d4c      0x14c Middlewares/ST/STM32_USB_Device_Library/Class/CDC/Src/usbd_cdc.o
 .debug_frame   0x00000e98      0x1bc Middlewares/ST/STM32_USB_Device_Library/Core/Src/usbd_core.o
 .debug_frame   0x00001054      0x178 Middlewares/ST/STM32_USB_Device_Library/Core/Src/usbd_ctlreq.o
 .debug_frame   0x000011cc       0xb8 Middlewares/ST/STM32_USB_Device_Library/Core/Src/usbd_ioreq.o
 .debug_frame   0x00001284       0xe4 Src/MySrc/terminal.o
 .debug_frame   0x00001368       0x88 Src/MySrc/terminalHAL.o
 .debug_frame   0x000013f0       0x78 Src/main.o
 .debug_frame   0x00001468       0x28 Src/stm32f4xx_hal_msp.o
 .debug_frame   0x00001490       0xc0 Src/stm32f4xx_it.o
 .debug_frame   0x00001550       0x30 Src/system_stm32f4xx.o
 .debug_frame   0x00001580       0x28 Src/usb_device.o
 .debug_frame   0x000015a8       0x7c Src/usbd_cdc_if.o
 .debug_frame   0x00001624      0x2b0 Src/usbd_conf.o
 .debug_frame   0x000018d4       0xa8 Src/usbd_desc.o
 .debug_frame   0x0000197c       0x2c d:/ac6/systemworkbench/plugins/fr.ac6.mcu.externaltools.arm-none.win32_1.15.0.201708311556/tools/compiler/bin/../lib/gcc/arm-none-eabi/6.3.1/thumb/v7e-m/fpv4-sp/hard\libgcc.a(_aeabi_uldivmod.o)
 .debug_frame   0x000019a8       0x34 d:/ac6/systemworkbench/plugins/fr.ac6.mcu.externaltools.arm-none.win32_1.15.0.201708311556/tools/compiler/bin/../lib/gcc/arm-none-eabi/6.3.1/thumb/v7e-m/fpv4-sp/hard\libgcc.a(_udivmoddi4.o)
 .debug_frame   0x000019dc       0x2c d:/ac6/systemworkbench/plugins/fr.ac6.mcu.externaltools.arm-none.win32_1.15.0.201708311556/tools/compiler/bin/../lib/gcc/arm-none-eabi/6.3.1/../../../../arm-none-eabi/lib/thumb/v7e-m/fpv4-sp/hard\libc_nano.a(lib_a-init.o)
 .debug_frame   0x00001a08       0x30 d:/ac6/systemworkbench/plugins/fr.ac6.mcu.externaltools.arm-none.win32_1.15.0.201708311556/tools/compiler/bin/../lib/gcc/arm-none-eabi/6.3.1/../../../../arm-none-eabi/lib/thumb/v7e-m/fpv4-sp/hard\libc_nano.a(lib_a-malloc.o)
 .debug_frame   0x00001a38       0x38 d:/ac6/systemworkbench/plugins/fr.ac6.mcu.externaltools.arm-none.win32_1.15.0.201708311556/tools/compiler/bin/../lib/gcc/arm-none-eabi/6.3.1/../../../../arm-none-eabi/lib/thumb/v7e-m/fpv4-sp/hard\libc_nano.a(lib_a-nano-freer.o)
 .debug_frame   0x00001a70       0x2c d:/ac6/systemworkbench/plugins/fr.ac6.mcu.externaltools.arm-none.win32_1.15.0.201708311556/tools/compiler/bin/../lib/gcc/arm-none-eabi/6.3.1/../../../../arm-none-eabi/lib/thumb/v7e-m/fpv4-sp/hard\libc_nano.a(lib_a-nano-mallocr.o)
 .debug_frame   0x00001a9c       0x2c d:/ac6/systemworkbench/plugins/fr.ac6.mcu.externaltools.arm-none.win32_1.15.0.201708311556/tools/compiler/bin/../lib/gcc/arm-none-eabi/6.3.1/../../../../arm-none-eabi/lib/thumb/v7e-m/fpv4-sp/hard\libc_nano.a(lib_a-sbrkr.o)
 .debug_frame   0x00001ac8       0x20 d:/ac6/systemworkbench/plugins/fr.ac6.mcu.externaltools.arm-none.win32_1.15.0.201708311556/tools/compiler/bin/../lib/gcc/arm-none-eabi/6.3.1/../../../../arm-none-eabi/lib/thumb/v7e-m/fpv4-sp/hard\libc_nano.a(lib_a-strcmp.o)
 .debug_frame   0x00001ae8       0x20 d:/ac6/systemworkbench/plugins/fr.ac6.mcu.externaltools.arm-none.win32_1.15.0.201708311556/tools/compiler/bin/../lib/gcc/arm-none-eabi/6.3.1/../../../../arm-none-eabi/lib/thumb/v7e-m/fpv4-sp/hard\libc_nano.a(lib_a-strcpy.o)
 .debug_frame   0x00001b08       0x30 d:/ac6/systemworkbench/plugins/fr.ac6.mcu.externaltools.arm-none.win32_1.15.0.201708311556/tools/compiler/bin/../lib/gcc/arm-none-eabi/6.3.1/../../../../arm-none-eabi/lib/thumb/v7e-m/fpv4-sp/hard\libc_nano.a(lib_a-mlock.o)
 .debug_frame   0x00001b38       0x5c d:/ac6/systemworkbench/plugins/fr.ac6.mcu.externaltools.arm-none.win32_1.15.0.201708311556/tools/compiler/bin/../lib/gcc/arm-none-eabi/6.3.1/../../../../arm-none-eabi/lib/thumb/v7e-m/fpv4-sp/hard\libc_nano.a(lib_a-reent.o)
 .debug_frame   0x00001b94       0x20 d:/ac6/systemworkbench/plugins/fr.ac6.mcu.externaltools.arm-none.win32_1.15.0.201708311556/tools/compiler/bin/../lib/gcc/arm-none-eabi/6.3.1/../../../../arm-none-eabi/lib/thumb/v7e-m/fpv4-sp/hard\libnosys.a(sbrk.o)
