Archive member included to satisfy reference by file (symbol)

d:/ac6/systemworkbench/plugins/fr.ac6.mcu.externaltools.arm-none.win32_1.15.0.201708311556/tools/compiler/bin/../lib/gcc/arm-none-eabi/6.3.1/thumb/v7e-m/fpv4-sp/hard\libgcc.a(_aeabi_uldivmod.o)
                              Drivers/STM32F4xx_HAL_Driver/Src/stm32f4xx_hal_rcc.o (__aeabi_uldivmod)
d:/ac6/systemworkbench/plugins/fr.ac6.mcu.externaltools.arm-none.win32_1.15.0.201708311556/tools/compiler/bin/../lib/gcc/arm-none-eabi/6.3.1/thumb/v7e-m/fpv4-sp/hard\libgcc.a(_udivmoddi4.o)
                              d:/ac6/systemworkbench/plugins/fr.ac6.mcu.externaltools.arm-none.win32_1.15.0.201708311556/tools/compiler/bin/../lib/gcc/arm-none-eabi/6.3.1/thumb/v7e-m/fpv4-sp/hard\libgcc.a(_aeabi_uldivmod.o) (__udivmoddi4)
d:/ac6/systemworkbench/plugins/fr.ac6.mcu.externaltools.arm-none.win32_1.15.0.201708311556/tools/compiler/bin/../lib/gcc/arm-none-eabi/6.3.1/thumb/v7e-m/fpv4-sp/hard\libgcc.a(_dvmd_tls.o)
                              d:/ac6/systemworkbench/plugins/fr.ac6.mcu.externaltools.arm-none.win32_1.15.0.201708311556/tools/compiler/bin/../lib/gcc/arm-none-eabi/6.3.1/thumb/v7e-m/fpv4-sp/hard\libgcc.a(_aeabi_uldivmod.o) (__aeabi_ldiv0)
d:/ac6/systemworkbench/plugins/fr.ac6.mcu.externaltools.arm-none.win32_1.15.0.201708311556/tools/compiler/bin/../lib/gcc/arm-none-eabi/6.3.1/../../../../arm-none-eabi/lib/thumb/v7e-m/fpv4-sp/hard\libc_nano.a(lib_a-exit.o)
                              d:/ac6/systemworkbench/plugins/fr.ac6.mcu.externaltools.arm-none.win32_1.15.0.201708311556/tools/compiler/bin/../lib/gcc/arm-none-eabi/6.3.1/../../../../arm-none-eabi/lib/thumb/v7e-m/fpv4-sp/hard/crt0.o (exit)
d:/ac6/systemworkbench/plugins/fr.ac6.mcu.externaltools.arm-none.win32_1.15.0.201708311556/tools/compiler/bin/../lib/gcc/arm-none-eabi/6.3.1/../../../../arm-none-eabi/lib/thumb/v7e-m/fpv4-sp/hard\libc_nano.a(lib_a-impure.o)
                              d:/ac6/systemworkbench/plugins/fr.ac6.mcu.externaltools.arm-none.win32_1.15.0.201708311556/tools/compiler/bin/../lib/gcc/arm-none-eabi/6.3.1/../../../../arm-none-eabi/lib/thumb/v7e-m/fpv4-sp/hard\libc_nano.a(lib_a-exit.o) (_global_impure_ptr)
d:/ac6/systemworkbench/plugins/fr.ac6.mcu.externaltools.arm-none.win32_1.15.0.201708311556/tools/compiler/bin/../lib/gcc/arm-none-eabi/6.3.1/../../../../arm-none-eabi/lib/thumb/v7e-m/fpv4-sp/hard\libc_nano.a(lib_a-init.o)
                              d:/ac6/systemworkbench/plugins/fr.ac6.mcu.externaltools.arm-none.win32_1.15.0.201708311556/tools/compiler/bin/../lib/gcc/arm-none-eabi/6.3.1/../../../../arm-none-eabi/lib/thumb/v7e-m/fpv4-sp/hard/crt0.o (__libc_init_array)
d:/ac6/systemworkbench/plugins/fr.ac6.mcu.externaltools.arm-none.win32_1.15.0.201708311556/tools/compiler/bin/../lib/gcc/arm-none-eabi/6.3.1/../../../../arm-none-eabi/lib/thumb/v7e-m/fpv4-sp/hard\libc_nano.a(lib_a-malloc.o)
                              Middlewares/ST/STM32_USB_Device_Library/Class/CDC/Src/usbd_cdc.o (malloc)
d:/ac6/systemworkbench/plugins/fr.ac6.mcu.externaltools.arm-none.win32_1.15.0.201708311556/tools/compiler/bin/../lib/gcc/arm-none-eabi/6.3.1/../../../../arm-none-eabi/lib/thumb/v7e-m/fpv4-sp/hard\libc_nano.a(lib_a-memcpy-stub.o)
                              AT86RF212B/Src/AT86RF212B.o (memcpy)
d:/ac6/systemworkbench/plugins/fr.ac6.mcu.externaltools.arm-none.win32_1.15.0.201708311556/tools/compiler/bin/../lib/gcc/arm-none-eabi/6.3.1/../../../../arm-none-eabi/lib/thumb/v7e-m/fpv4-sp/hard\libc_nano.a(lib_a-memset.o)
                              d:/ac6/systemworkbench/plugins/fr.ac6.mcu.externaltools.arm-none.win32_1.15.0.201708311556/tools/compiler/bin/../lib/gcc/arm-none-eabi/6.3.1/../../../../arm-none-eabi/lib/thumb/v7e-m/fpv4-sp/hard/crt0.o (memset)
d:/ac6/systemworkbench/plugins/fr.ac6.mcu.externaltools.arm-none.win32_1.15.0.201708311556/tools/compiler/bin/../lib/gcc/arm-none-eabi/6.3.1/../../../../arm-none-eabi/lib/thumb/v7e-m/fpv4-sp/hard\libc_nano.a(lib_a-nano-freer.o)
                              d:/ac6/systemworkbench/plugins/fr.ac6.mcu.externaltools.arm-none.win32_1.15.0.201708311556/tools/compiler/bin/../lib/gcc/arm-none-eabi/6.3.1/../../../../arm-none-eabi/lib/thumb/v7e-m/fpv4-sp/hard\libc_nano.a(lib_a-malloc.o) (_free_r)
d:/ac6/systemworkbench/plugins/fr.ac6.mcu.externaltools.arm-none.win32_1.15.0.201708311556/tools/compiler/bin/../lib/gcc/arm-none-eabi/6.3.1/../../../../arm-none-eabi/lib/thumb/v7e-m/fpv4-sp/hard\libc_nano.a(lib_a-nano-mallocr.o)
                              d:/ac6/systemworkbench/plugins/fr.ac6.mcu.externaltools.arm-none.win32_1.15.0.201708311556/tools/compiler/bin/../lib/gcc/arm-none-eabi/6.3.1/../../../../arm-none-eabi/lib/thumb/v7e-m/fpv4-sp/hard\libc_nano.a(lib_a-malloc.o) (_malloc_r)
d:/ac6/systemworkbench/plugins/fr.ac6.mcu.externaltools.arm-none.win32_1.15.0.201708311556/tools/compiler/bin/../lib/gcc/arm-none-eabi/6.3.1/../../../../arm-none-eabi/lib/thumb/v7e-m/fpv4-sp/hard\libc_nano.a(lib_a-sbrkr.o)
[...]
Memory Configuration

Name             Origin             Length             Attributes
RAM              0x20000000         0x00030000         xrw
CCMRAM           0x10000000         0x00010000         rw
FLASH            0x08000000         0x00200000         xr
*default*        0x00000000         0xffffffff

Linker script and memory map

LOAD d:/ac6/systemworkbench/plugins/fr.ac6.mcu.externaltools.arm-none.win32_1.15.0.201708311556/tools/compiler/bin/../lib/gcc/arm-none-eabi/6.3.1/thumb/v7e-m/fpv4-sp/hard/crti.o
LOAD d:/ac6/systemworkbench/plugins/fr.ac6.mcu.externaltools.arm-none.win32_1.15.0.201708311556/tools/compiler/bin/../lib/gcc/arm-none-eabi/6.3.1/thumb/v7e-m/fpv4-sp/hard/crtbegin.o
LOAD d:/ac6/systemworkbench/plugins/fr.ac6.mcu.externaltools.arm-none.win32_1.15.0.201708311556/tools/compiler/bin/../lib/gcc/arm-none-eabi/6.3.1/../../../../arm-none-eabi/lib/thumb/v7e-m/fpv4-sp/hard/crt0.o
LOAD AT86RF212B/Src/AT86RF212B.o
LOAD AT86RF212B/Src/AT86RF212B_HAL.o
LOAD AT86RF212B/Src/MainController.o
LOAD AT86RF212B/Src/errors_and_logging.o
LOAD AT86RF212B/Src/generalHAL.o
LOAD AT86RF212B/Src/interfaceHAL.o
LOAD AT86RF212B/Src/rawMode.o
LOAD AT86RF212B/Src/terminal.o
LOAD Drivers/STM32F4xx_HAL_Driver/Src/stm32f4xx_hal.o
LOAD Drivers/STM32F4xx_HAL_Driver/Src/stm32f4xx_hal_cortex.o
LOAD Drivers/STM32F4xx_HAL_Driver/Src/stm32f4xx_hal_dma.o
LOAD Drivers/STM32F4xx_HAL_Driver/Src/stm32f4xx_hal_dma_ex.o
LOAD Drivers/STM32F4xx_HAL_Driver/Src/stm32f4xx_hal_flash.o
LOAD Drivers/STM32F4xx_HAL_Driver/Src/stm32f4xx_hal_flash_ex.o
LOAD Drivers/STM32F4xx_HAL_Driver/Src/stm32f4xx_hal_flash_ramfunc.o
LOAD Drivers/STM32F4xx_HAL_Driver/Src/stm32f4xx_hal_gpio.o
LOAD Drivers/STM32F4xx_HAL_Driver/Src/stm32f4xx_hal_pcd.o
LOAD Drivers/STM32F4xx_HAL_Driver/Src/stm32f4xx_hal_pcd_ex.o
LOAD Drivers/STM32F4xx_HAL_Driver/Src/stm32f4xx_hal_pwr.o
LOAD Drivers/STM32F4xx_HAL_Driver/Src/stm32f4xx_hal_pwr_ex.o
LOAD Drivers/STM32F4xx_HAL_Driver/Src/stm32f4xx_hal_rcc.o
LOAD Drivers/STM32F4xx_HAL_Driver/Src/stm32f4xx_hal_rcc_ex.o
LOAD Drivers/STM32F4xx_HAL_Driver/Src/stm32f4xx_hal_spi.o
LOAD Drivers/STM32F4xx_HAL_Driver/Src/stm32f4xx_hal_tim.o
LOAD Drivers/STM32F4xx_HAL_Driver/Src/stm32f4xx_hal_tim_ex.o
LOAD Drivers/STM32F4xx_HAL_Driver/Src/stm32f4xx_hal_uart.o
LOAD Drivers/STM32F4xx_HAL_Driver/Src/stm32f4xx_ll_usb.o
LOAD Middlewares/ST/STM32_USB_Device_Library/Class/CDC/Src/usbd_cdc.o
LOAD Middlewares/ST/STM32_USB_Device_Library/Core/Src/usbd_core.o
LOAD Middlewares/ST/STM32_USB_Device_Library/Core/Src/usbd_ctlreq.o
LOAD Middlewares/ST/STM32_USB_Device_Library/Core/Src/usbd_ioreq.o
LOAD Src/main.o
LOAD Src/stm32f4xx_hal_msp.o
LOAD Src/stm32f4xx_it.o
LOAD Src/system_stm32f4xx.o
LOAD Src/usb_device.o
LOAD Src/usbd_cdc_if.o
LOAD Src/usbd_conf.o
LOAD Src/usbd_desc.o
LOAD startup/startup_stm32f429xx.o
LOAD d:/ac6/systemworkbench/plugins/fr.ac6.mcu.externaltools.arm-none.win32_1.15.0.201708311556/tools/compiler/bin/../lib/gcc/arm-none-eabi/6.3.1/../../../../arm-none-eabi/lib/thumb/v7e-m/fpv4-sp/hard\libm.a
START GROUP
LOAD d:/ac6/systemworkbench/plugins/fr.ac6.mcu.externaltools.arm-none.win32_1.15.0.201708311556/tools/compiler/bin/../lib/gcc/arm-none-eabi/6.3.1/thumb/v7e-m/fpv4-sp/hard\libgcc.a
LOAD d:/ac6/systemworkbench/plugins/fr.ac6.mcu.externaltools.arm-none.win32_1.15.0.201708311556/tools/compiler/bin/../lib/gcc/arm-none-eabi/6.3.1/../../../../arm-none-eabi/lib/thumb/v7e-m/fpv4-sp/hard\libc_nano.a
END GROUP
START GROUP
LOAD d:/ac6/systemworkbench/plugins/fr.ac6.mcu.externaltools.arm-none.win32_1.15.0.201708311556/tools/compiler/bin/../lib/gcc/arm-none-eabi/6.3.1/thumb/v7e-m/fpv4-sp/hard\libgcc.a
LOAD d:/ac6/systemworkbench/plugins/fr.ac6.mcu.externaltools.arm-none.win32_1.15.0.201708311556/tools/compiler/bin/../lib/gcc/arm-none-eabi/6.3.1/../../../../arm-none-eabi/lib/thumb/v7e-m/fpv4-sp/hard\libc_nano.a
LOAD d:/ac6/systemworkbench/plugins/fr.ac6.mcu.externaltools.arm-none.win32_1.15.0.201708311556/tools/compiler/bin/../lib/gcc/arm-none-eabi/6.3.1/../../../../arm-none-eabi/lib/thumb/v7e-m/fpv4-sp/hard\libnosys.a
END GROUP
START GROUP
LOAD d:/ac6/systemworkbench/plugins/fr.ac6.mcu.externaltools.arm-none.win32_1.15.0.201708311556/tools/compiler/bin/../lib/gcc/arm-none-eabi/6.3.1/thumb/v7e-m/fpv4-sp/hard\libgcc.a
LOAD d:/ac6/systemworkbench/plugins/fr.ac6.mcu.externaltools.arm-none.win32_1.15.0.201708311556/tools/compiler/bin/../lib/gcc/arm-none-eabi/6.3.1/../../../../arm-none-eabi/lib/thumb/v7e-m/fpv4-sp/hard\libc_nano.a
LOAD d:/ac6/systemworkbench/plugins/fr.ac6.mcu.externaltools.arm-none.win32_1.15.0.201708311556/tools/compiler/bin/../lib/gcc/arm-none-eabi/6.3.1/../../../../arm-none-eabi/lib/thumb/v7e-m/fpv4-sp/hard\libnosys.a
END GROUP
LOAD d:/ac6/systemworkbench/plugins/fr.ac6.mcu.externaltools.arm-none.win32_1.15.0.201708311556/tools/compiler/bin/../lib/gcc/arm-none-eabi/6.3.1/thumb/v7e-m/fpv4-sp/hard/crtend.o
LOAD d:/ac6/systemworkbench/plugins/fr.ac6.mcu.externaltools.arm-none.win32_1.15.0.201708311556/tools/compiler/bin/../lib/gcc/arm-none-eabi/6.3.1/thumb/v7e-m/fpv4-sp/hard/crtn.o
                0x20030000                _estack = 0x20030000
                0x00000200                _Min_Heap_Size = 0x200
                0x00000400                _Min_Stack_Size = 0x400

.isr_vector     0x08000000      0x1ac
                0x08000000                . = ALIGN (0x4)
 *(.isr_vector)
 .isr_vector    0x08000000      0x1ac startup/startup_stm32f429xx.o
                0x08000000                g_pfnVectors
                0x080001ac                . = ALIGN (0x4)

.text           0x080001b0     0x5994
                0x080001b0                . = ALIGN (0x4)
 *(.text)
 .text          0x080001b0       0x6c d:/ac6/systemworkbench/plugins/fr.ac6.mcu.externaltools.arm-none.win32_1.15.0.201708311556/tools/compiler/bin/../lib/gcc/arm-none-eabi/6.3.1/thumb/v7e-m/fpv4-sp/hard/crtbegin.o
 .text          0x0800021c       0x30 d:/ac6/systemworkbench/plugins/fr.ac6.mcu.externaltools.arm-none.win32_1.15.0.201708311556/tools/compiler/bin/../lib/gcc/arm-none-eabi/6.3.1/thumb/v7e-m/fpv4-sp/hard\libgcc.a(_aeabi_uldivmod.o)
                0x0800021c                __aeabi_uldivmod
 .text          0x0800024c      0x2dc d:/ac6/systemworkbench/plugins/fr.ac6.mcu.externaltools.arm-none.win32_1.15.0.201708311556/tools/compiler/bin/../lib/gcc/arm-none-eabi/6.3.1/thumb/v7e-m/fpv4-sp/hard\libgcc.a(_udivmoddi4.o)
                0x0800024c                __udivmoddi4
 .text          0x08000528        0x4 d:/ac6/systemworkbench/plugins/fr.ac6.mcu.externaltools.arm-none.win32_1.15.0.201708311556/tools/compiler/bin/../lib/gcc/arm-none-eabi/6.3.1/thumb/v7e-m/fpv4-sp/hard\libgcc.a(_dvmd_tls.o)
                0x08000528                __aeabi_idiv0
                0x08000528                __aeabi_ldiv0
 .text          0x0800052c       0x14 d:/ac6/systemworkbench/plugins/fr.ac6.mcu.externaltools.arm-none.win32_1.15.0.201708311556/tools/compiler/bin/../lib/gcc/arm-none-eabi/6.3.1/../../../../arm-none-eabi/lib/thumb/v7e-m/fpv4-sp/hard\libc_nano.a(lib_a-strcmp.o)
                0x0800052c                strcmp
 .text          0x08000540       0x10 d:/ac6/systemworkbench/plugins/fr.ac6.mcu.externaltools.arm-none.win32_1.15.0.201708311556/tools/compiler/bin/../lib/gcc/arm-none-eabi/6.3.1/../../../../arm-none-eabi/lib/thumb/v7e-m/fpv4-sp/hard\libc_nano.a(lib_a-strlen.o)
                0x08000540                strlen
 .text          0x08000550       0xa0 d:/ac6/systemworkbench/plugins/fr.ac6.mcu.externaltools.arm-none.win32_1.15.0.201708311556/tools/compiler/bin/../lib/gcc/arm-none-eabi/6.3.1/../../../../arm-none-eabi/lib/thumb/v7e-m/fpv4-sp/hard\libc_nano.a(lib_a-memchr.o)
                0x08000550                memchr
 *(.text*)
 .text.IsStateActive
                0x080005f0       0x1c AT86RF212B/Src/AT86RF212B.o
 .text.IsStatePllActive
                0x0800060c       0x2c AT86RF212B/Src/AT86RF212B.o
 .text.IsStateTxBusy
                0x08000638       0x1c AT86RF212B/Src/AT86RF212B.o
 .text.IsStateRxBusy
                0x08000654       0x1c AT86RF212B/Src/AT86RF212B.o
 .text.IsStateBusy
                0x08000670       0x18 AT86RF212B/Src/AT86RF212B.o
 .text.AT86RF212B_Delay
                0x08000688      0x264 AT86RF212B/Src/AT86RF212B.o
 .text.AT86RF212B_FrameLengthRead
                0x080008ec       0x28 AT86RF212B/Src/AT86RF212B.o
 .text.AT86RF212B_FrameWrite
                0x08000914       0x7c AT86RF212B/Src/AT86RF212B.o
 .text.AT86RF212B_GetState
                0x08000990        0xc AT86RF212B/Src/AT86RF212B.o
                0x08000990                AT86RF212B_GetState
 .text.AT86RF212B_ISR_Callback
                0x0800099c       0x10 AT86RF212B/Src/AT86RF212B.o
                0x0800099c                AT86RF212B_ISR_Callback
 .text.AT86RF212B_RegRead
                0x080009ac       0x32 AT86RF212B/Src/AT86RF212B.o
                0x080009ac                AT86RF212B_RegRead
 .text.AT86RF212B_BitWrite
                0x080009de       0x46 AT86RF212B/Src/AT86RF212B.o
 .text.UpdateState
                0x08000a24       0x14 AT86RF212B/Src/AT86RF212B.o
 .text.AT86RF212B_UpdateIRQ
                0x08000a38       0x2c AT86RF212B/Src/AT86RF212B.o
 .text.AT86RF212B_WaitForIRQ
                0x08000a64       0x40 AT86RF212B/Src/AT86RF212B.o
 .text.AT86RF212B_RegWrite
                0x08000aa4       0x2e AT86RF212B/Src/AT86RF212B.o
                0x08000aa4                AT86RF212B_RegWrite
 .text.AT86RF212B_IrqInit
                0x08000ad2       0x24 AT86RF212B/Src/AT86RF212B.o
 *fill*         0x08000af6        0x2 
 .text.AT86RF212B_SetPhyMode
                0x08000af8      0x22c AT86RF212B/Src/AT86RF212B.o
 .text.AT86RF212B_BitRead
                0x08000d24       0x12 AT86RF212B/Src/AT86RF212B.o
                0x08000d24                AT86RF212B_BitRead
 *fill*         0x08000d36        0x2 
 .text.AT86RF212B_FrameRead
                0x08000d38       0xf8 AT86RF212B/Src/AT86RF212B.o
                0x08000d38                AT86RF212B_FrameRead
 .text.AT86RF212B_ID
                0x08000e30       0x2c AT86RF212B/Src/AT86RF212B.o
                0x08000e30                AT86RF212B_ID
 .text.AT86RF212B_PhyStateChange
                0x08000e5c      0x244 AT86RF212B/Src/AT86RF212B.o
                0x08000e5c                AT86RF212B_PhyStateChange
 .text.StateChangeCheck
                0x080010a0       0x2c AT86RF212B/Src/AT86RF212B.o
 .text.AT86RF212B_TRX_Reset
                0x080010cc       0x3e AT86RF212B/Src/AT86RF212B.o
                0x080010cc                AT86RF212B_TRX_Reset
 *fill*         0x0800110a        0x2 
 .text.AT86RF212B_PhySetChannel
                0x0800110c       0x30 AT86RF212B/Src/AT86RF212B.o
 .text.AT86RF212B_SetRegisters
                0x0800113c        0xc AT86RF212B/Src/AT86RF212B.o
 .text.AT86RF212B_WrongStateError
                0x08001148        0x8 AT86RF212B/Src/AT86RF212B.o
 .text.AT86RF212B_PowerOnReset
                0x08001150       0x64 AT86RF212B/Src/AT86RF212B.o
 .text.AT86RF212B_Open
                0x080011b4       0x80 AT86RF212B/Src/AT86RF212B.o
                0x080011b4                AT86RF212B_Open
 .text.AT86RF212B_SendBeacon
                0x08001234       0x7c AT86RF212B/Src/AT86RF212B.o
 .text.AT86RF212B_Main
                0x080012b0       0xbc AT86RF212B/Src/AT86RF212B.o
                0x080012b0                AT86RF212B_Main
 .text.AT86RF212B_TxData
                0x0800136c       0x84 AT86RF212B/Src/AT86RF212B.o
                0x0800136c                AT86RF212B_TxData
 .text.AT86RF212B_TestSleep
                0x080013f0       0x24 AT86RF212B/Src/AT86RF212B.o
                0x080013f0                AT86RF212B_TestSleep
 .text.AT86RF212B_ToggleBeacon
                0x08001414       0x20 AT86RF212B/Src/AT86RF212B.o
                0x08001414                AT86RF212B_ToggleBeacon
 .text.AT86RF212B_WritePinHAL
                0x08001434       0x64 AT86RF212B/Src/AT86RF212B_HAL.o
                0x08001434                AT86RF212B_WritePinHAL
 .text.AT86RF212B_OpenHAL
                0x08001498       0x40 AT86RF212B/Src/AT86RF212B_HAL.o
                0x08001498                AT86RF212B_OpenHAL
 .text.AT86RF212B_ReadAndWriteHAL
                0x080014d8       0x50 AT86RF212B/Src/AT86RF212B_HAL.o
                0x080014d8                AT86RF212B_ReadAndWriteHAL
 .text.HAL_GPIO_EXTI_Callback
                0x08001528       0x10 AT86RF212B/Src/AT86RF212B_HAL.o
                0x08001528                HAL_GPIO_EXTI_Callback
 .text.MainControllerOpen
                0x08001538       0x34 AT86RF212B/Src/MainController.o
                0x08001538                MainControllerOpen
 .text.MainControllerSetMode
                0x0800156c       0x10 AT86RF212B/Src/MainController.o
                0x0800156c                MainControllerSetMode
 .text.MainControllerGetMode
                0x0800157c        0xc AT86RF212B/Src/MainController.o
                0x0800157c                MainControllerGetMode
 .text.MainControllerLoop
                0x08001588       0x2c AT86RF212B/Src/MainController.o
                0x08001588                MainControllerLoop
 .text.LOG      0x080015b4       0x14 AT86RF212B/Src/errors_and_logging.o
                0x080015b4                LOG
 .text.AssertError
                0x080015c8       0x40 AT86RF212B/Src/errors_and_logging.o
                0x080015c8                AssertError
 .text.GeneralGetMs
                0x08001608        0x8 AT86RF212B/Src/generalHAL.o
                0x08001608                GeneralGetMs
 .text.GeneralDelayMs
                0x08001610        0x8 AT86RF212B/Src/generalHAL.o
                0x08001610                GeneralDelayMs
 .text.GeneralDelayUs
                0x08001618       0x34 AT86RF212B/Src/generalHAL.o
                0x08001618                GeneralDelayUs
 .text.pushToBuffer
                0x0800164c       0x4c AT86RF212B/Src/interfaceHAL.o
 .text.popFromBuffer
                0x08001698       0x36 AT86RF212B/Src/interfaceHAL.o
 *fill*         0x080016ce        0x2 
 .text.SetEchoInput
                0x080016d0        0xc AT86RF212B/Src/interfaceHAL.o
                0x080016d0                SetEchoInput
 .text.InterfaceReadInput
                0x080016dc        0x8 AT86RF212B/Src/interfaceHAL.o
                0x080016dc                InterfaceReadInput
 .text.InterfaceWriteToDataOutputHAL
                0x080016e4       0x24 AT86RF212B/Src/interfaceHAL.o
                0x080016e4                InterfaceWriteToDataOutputHAL
 .text.InterfaceWriteToLogHAL
                0x08001708       0x60 AT86RF212B/Src/interfaceHAL.o
                0x08001708                InterfaceWriteToLogHAL
 .text.InterfacePopFromInputBufferHAL
                0x08001768       0x10 AT86RF212B/Src/interfaceHAL.o
                0x08001768                InterfacePopFromInputBufferHAL
 .text.InterfacePushToInputBufferHAL
                0x08001778       0x8c AT86RF212B/Src/interfaceHAL.o
                0x08001778                InterfacePushToInputBufferHAL
 .text.RawModeOpen
                0x08001804       0x30 AT86RF212B/Src/rawMode.o
                0x08001804                RawModeOpen
 .text.RawModeMain
                0x08001834       0x66 AT86RF212B/Src/rawMode.o
                0x08001834                RawModeMain
 *fill*         0x0800189a        0x2 
 .text.ToggelDebug
                0x0800189c       0x1c AT86RF212B/Src/terminal.o
 .text.ToggleBeacon
                0x080018b8        0x8 AT86RF212B/Src/terminal.o
 .text.ExitProgram
                0x080018c0        0x8 AT86RF212B/Src/terminal.o
 .text.RawModeTx
                0x080018c8        0xa AT86RF212B/Src/terminal.o
 .text.RawModeRx
                0x080018d2        0xa AT86RF212B/Src/terminal.o
 .text.WriteFrame
                0x080018dc       0x14 AT86RF212B/Src/terminal.o
 .text.ReadFrame
                0x080018f0        0x8 AT86RF212B/Src/terminal.o
 .text.TestSleep
                0x080018f8        0x8 AT86RF212B/Src/terminal.o
 .text.Reset    0x08001900        0x8 AT86RF212B/Src/terminal.o
 .text.GetIDs   0x08001908        0x8 AT86RF212B/Src/terminal.o
 .text.TerminalWrite
                0x08001910       0x12 AT86RF212B/Src/terminal.o
                0x08001910                TerminalWrite
 *fill*         0x08001922        0x2 
 .text.TerminalOpen
                0x08001924       0x58 AT86RF212B/Src/terminal.o
                0x08001924                TerminalOpen
 .text.TerminalRead
                0x0800197c      0x1a4 AT86RF212B/Src/terminal.o
                0x0800197c                TerminalRead
 .text.TestBit  0x08001b20       0x3c AT86RF212B/Src/terminal.o
 .text.WriteRegister
                0x08001b5c       0x3c AT86RF212B/Src/terminal.o
 .text.ReadRegister
                0x08001b98       0x2c AT86RF212B/Src/terminal.o
 .text.ListCommands
                0x08001bc4       0x74 AT86RF212B/Src/terminal.o
 .text.CmdClear
                0x08001c38       0x20 AT86RF212B/Src/terminal.o
 .text.TerminalMain
                0x08001c58       0x10 AT86RF212B/Src/terminal.o
                0x08001c58                TerminalMain
 .text.HAL_InitTick
                0x08001c68       0x48 Drivers/STM32F4xx_HAL_Driver/Src/stm32f4xx_hal.o
                0x08001c68                HAL_InitTick
 .text.HAL_Init
                0x08001cb0       0x34 Drivers/STM32F4xx_HAL_Driver/Src/stm32f4xx_hal.o
                0x08001cb0                HAL_Init
 .text.HAL_IncTick
                0x08001ce4       0x18 Drivers/STM32F4xx_HAL_Driver/Src/stm32f4xx_hal.o
                0x08001ce4                HAL_IncTick
 .text.HAL_GetTick
                0x08001cfc        0xc Drivers/STM32F4xx_HAL_Driver/Src/stm32f4xx_hal.o
                0x08001cfc                HAL_GetTick
 .text.HAL_Delay
                0x08001d08       0x28 Drivers/STM32F4xx_HAL_Driver/Src/stm32f4xx_hal.o
                0x08001d08                HAL_Delay
 .text.HAL_NVIC_SetPriorityGrouping
                0x08001d30       0x24 Drivers/STM32F4xx_HAL_Driver/Src/stm32f4xx_hal_cortex.o
                0x08001d30                HAL_NVIC_SetPriorityGrouping
 .text.HAL_NVIC_SetPriority
                0x08001d54       0x64 Drivers/STM32F4xx_HAL_Driver/Src/stm32f4xx_hal_cortex.o
                0x08001d54                HAL_NVIC_SetPriority
 .text.HAL_NVIC_EnableIRQ
                0x08001db8       0x18 Drivers/STM32F4xx_HAL_Driver/Src/stm32f4xx_hal_cortex.o
                0x08001db8                HAL_NVIC_EnableIRQ
 .text.HAL_SYSTICK_Config
                0x08001dd0       0x2c Drivers/STM32F4xx_HAL_Driver/Src/stm32f4xx_hal_cortex.o
                0x08001dd0                HAL_SYSTICK_Config
 .text.HAL_SYSTICK_CLKSourceConfig
                0x08001dfc       0x20 Drivers/STM32F4xx_HAL_Driver/Src/stm32f4xx_hal_cortex.o
                0x08001dfc                HAL_SYSTICK_CLKSourceConfig
 .text.HAL_SYSTICK_Callback
                0x08001e1c        0x2 Drivers/STM32F4xx_HAL_Driver/Src/stm32f4xx_hal_cortex.o
                0x08001e1c                HAL_SYSTICK_Callback
 .text.HAL_SYSTICK_IRQHandler
                0x08001e1e        0x8 Drivers/STM32F4xx_HAL_Driver/Src/stm32f4xx_hal_cortex.o
                0x08001e1e                HAL_SYSTICK_IRQHandler
 *fill*         0x08001e26        0x2 
 .text.HAL_GPIO_Init
                0x08001e28      0x1e4 Drivers/STM32F4xx_HAL_Driver/Src/stm32f4xx_hal_gpio.o
                0x08001e28                HAL_GPIO_Init
 .text.HAL_GPIO_WritePin
                0x0800200c        0xc Drivers/STM32F4xx_HAL_Driver/Src/stm32f4xx_hal_gpio.o
                0x0800200c                HAL_GPIO_WritePin
 .text.HAL_GPIO_EXTI_IRQHandler
                0x08002018       0x1c Drivers/STM32F4xx_HAL_Driver/Src/stm32f4xx_hal_gpio.o
                0x08002018                HAL_GPIO_EXTI_IRQHandler
 .text.PCD_WriteEmptyTxFifo
                0x08002034       0xac Drivers/STM32F4xx_HAL_Driver/Src/stm32f4xx_hal_pcd.o
 .text.HAL_PCD_Init
                0x080020e0       0xe0 Drivers/STM32F4xx_HAL_Driver/Src/stm32f4xx_hal_pcd.o
                0x080020e0                HAL_PCD_Init
 .text.HAL_PCD_Start
                0x080021c0       0x2a Drivers/STM32F4xx_HAL_Driver/Src/stm32f4xx_hal_pcd.o
                0x080021c0                HAL_PCD_Start
 *fill*         0x080021ea        0x2 
 .text.HAL_PCD_IRQHandler
                0x080021ec      0x5c4 Drivers/STM32F4xx_HAL_Driver/Src/stm32f4xx_hal_pcd.o
                0x080021ec                HAL_PCD_IRQHandler
 .text.HAL_PCD_SetAddress
                0x080027b0       0x24 Drivers/STM32F4xx_HAL_Driver/Src/stm32f4xx_hal_pcd.o
                0x080027b0                HAL_PCD_SetAddress
 .text.HAL_PCD_EP_Open
                0x080027d4       0x68 Drivers/STM32F4xx_HAL_Driver/Src/stm32f4xx_hal_pcd.o
                0x080027d4                HAL_PCD_EP_Open
 .text.HAL_PCD_EP_Close
                0x0800283c       0x56 Drivers/STM32F4xx_HAL_Driver/Src/stm32f4xx_hal_pcd.o
                0x0800283c                HAL_PCD_EP_Close
 .text.HAL_PCD_EP_Receive
                0x08002892       0x5a Drivers/STM32F4xx_HAL_Driver/Src/stm32f4xx_hal_pcd.o
                0x08002892                HAL_PCD_EP_Receive
 .text.HAL_PCD_EP_GetRxCount
                0x080028ec       0x12 Drivers/STM32F4xx_HAL_Driver/Src/stm32f4xx_hal_pcd.o
                0x080028ec                HAL_PCD_EP_GetRxCount
 .text.HAL_PCD_EP_Transmit
                0x080028fe       0x52 Drivers/STM32F4xx_HAL_Driver/Src/stm32f4xx_hal_pcd.o
                0x080028fe                HAL_PCD_EP_Transmit
 .text.HAL_PCD_EP_SetStall
                0x08002950       0x66 Drivers/STM32F4xx_HAL_Driver/Src/stm32f4xx_hal_pcd.o
                0x08002950                HAL_PCD_EP_SetStall
 .text.HAL_PCD_EP_ClrStall
                0x080029b6       0x56 Drivers/STM32F4xx_HAL_Driver/Src/stm32f4xx_hal_pcd.o
                0x080029b6                HAL_PCD_EP_ClrStall
 .text.HAL_PCDEx_SetTxFiFo
                0x08002a0c       0x48 Drivers/STM32F4xx_HAL_Driver/Src/stm32f4xx_hal_pcd_ex.o
                0x08002a0c                HAL_PCDEx_SetTxFiFo
 .text.HAL_PCDEx_SetRxFiFo
                0x08002a54        0x8 Drivers/STM32F4xx_HAL_Driver/Src/stm32f4xx_hal_pcd_ex.o
                0x08002a54                HAL_PCDEx_SetRxFiFo
 .text.HAL_RCC_OscConfig
                0x08002a5c      0x398 Drivers/STM32F4xx_HAL_Driver/Src/stm32f4xx_hal_rcc.o
                0x08002a5c                HAL_RCC_OscConfig
 .text.HAL_RCC_GetSysClockFreq
                0x08002df4       0xd4 Drivers/STM32F4xx_HAL_Driver/Src/stm32f4xx_hal_rcc.o
                0x08002df4                HAL_RCC_GetSysClockFreq
 .text.HAL_RCC_ClockConfig
                0x08002ec8      0x158 Drivers/STM32F4xx_HAL_Driver/Src/stm32f4xx_hal_rcc.o
                0x08002ec8                HAL_RCC_ClockConfig
 .text.HAL_RCC_GetHCLKFreq
                0x08003020        0xc Drivers/STM32F4xx_HAL_Driver/Src/stm32f4xx_hal_rcc.o
                0x08003020                HAL_RCC_GetHCLKFreq
 .text.SPI_WaitFlagStateUntilTimeout
                0x0800302c       0x96 Drivers/STM32F4xx_HAL_Driver/Src/stm32f4xx_hal_spi.o
 .text.SPI_CheckFlag_BSY
                0x080030c2       0x26 Drivers/STM32F4xx_HAL_Driver/Src/stm32f4xx_hal_spi.o
 .text.HAL_SPI_Init
                0x080030e8       0x80 Drivers/STM32F4xx_HAL_Driver/Src/stm32f4xx_hal_spi.o
                0x080030e8                HAL_SPI_Init
 .text.HAL_SPI_TransmitReceive
                0x08003168      0x242 Drivers/STM32F4xx_HAL_Driver/Src/stm32f4xx_hal_spi.o
                0x08003168                HAL_SPI_TransmitReceive
 .text.USB_CoreInit
                0x080033aa       0x7c Drivers/STM32F4xx_HAL_Driver/Src/stm32f4xx_ll_usb.o
                0x080033aa                USB_CoreInit
 .text.USB_EnableGlobalInt
                0x08003426        0xc Drivers/STM32F4xx_HAL_Driver/Src/stm32f4xx_ll_usb.o
                0x08003426                USB_EnableGlobalInt
 .text.USB_DisableGlobalInt
                0x08003432        0xc Drivers/STM32F4xx_HAL_Driver/Src/stm32f4xx_ll_usb.o
                0x08003432                USB_DisableGlobalInt
 .text.USB_SetCurrentMode
                0x0800343e       0x2c Drivers/STM32F4xx_HAL_Driver/Src/stm32f4xx_ll_usb.o
                0x0800343e                USB_SetCurrentMode
 *fill*         0x0800346a        0x2 
 .text.USB_DevInit
                0x0800346c      0x150 Drivers/STM32F4xx_HAL_Driver/Src/stm32f4xx_ll_usb.o
                0x0800346c                USB_DevInit
 .text.USB_FlushTxFifo
                0x080035bc       0x28 Drivers/STM32F4xx_HAL_Driver/Src/stm32f4xx_ll_usb.o
                0x080035bc                USB_FlushTxFifo
 .text.USB_FlushRxFifo
                0x080035e4       0x24 Drivers/STM32F4xx_HAL_Driver/Src/stm32f4xx_ll_usb.o
                0x080035e4                USB_FlushRxFifo
 .text.USB_SetDevSpeed
                0x08003608        0xe Drivers/STM32F4xx_HAL_Driver/Src/stm32f4xx_ll_usb.o
                0x08003608                USB_SetDevSpeed
 .text.USB_GetDevSpeed
                0x08003616       0x40 Drivers/STM32F4xx_HAL_Driver/Src/stm32f4xx_ll_usb.o
                0x08003616                USB_GetDevSpeed
 .text.USB_ActivateEndpoint
                0x08003656       0x92 Drivers/STM32F4xx_HAL_Driver/Src/stm32f4xx_ll_usb.o
                0x08003656                USB_ActivateEndpoint
 .text.USB_DeactivateEndpoint
                0x080036e8       0xf0 Drivers/STM32F4xx_HAL_Driver/Src/stm32f4xx_ll_usb.o
                0x080036e8                USB_DeactivateEndpoint
 .text.USB_EPStartXfer
                0x080037d8      0x264 Drivers/STM32F4xx_HAL_Driver/Src/stm32f4xx_ll_usb.o
                0x080037d8                USB_EPStartXfer
 .text.USB_EP0StartXfer
                0x08003a3c      0x160 Drivers/STM32F4xx_HAL_Driver/Src/stm32f4xx_ll_usb.o
                0x08003a3c                USB_EP0StartXfer
 .text.USB_WritePacket
                0x08003b9c       0x28 Drivers/STM32F4xx_HAL_Driver/Src/stm32f4xx_ll_usb.o
                0x08003b9c                USB_WritePacket
 .text.USB_ReadPacket
                0x08003bc4       0x28 Drivers/STM32F4xx_HAL_Driver/Src/stm32f4xx_ll_usb.o
                0x08003bc4                USB_ReadPacket
 .text.USB_EPSetStall
                0x08003bec       0x64 Drivers/STM32F4xx_HAL_Driver/Src/stm32f4xx_ll_usb.o
                0x08003bec                USB_EPSetStall
 .text.USB_EPClearStall
                0x08003c50       0x6a Drivers/STM32F4xx_HAL_Driver/Src/stm32f4xx_ll_usb.o
                0x08003c50                USB_EPClearStall
 .text.USB_SetDevAddress
                0x08003cba       0x20 Drivers/STM32F4xx_HAL_Driver/Src/stm32f4xx_ll_usb.o
                0x08003cba                USB_SetDevAddress
 .text.USB_DevConnect
                0x08003cda       0x18 Drivers/STM32F4xx_HAL_Driver/Src/stm32f4xx_ll_usb.o
                0x08003cda                USB_DevConnect
 .text.USB_DevDisconnect
                0x08003cf2       0x18 Drivers/STM32F4xx_HAL_Driver/Src/stm32f4xx_ll_usb.o
                0x08003cf2                USB_DevDisconnect
 .text.USB_ReadInterrupts
                0x08003d0a        0x8 Drivers/STM32F4xx_HAL_Driver/Src/stm32f4xx_ll_usb.o
                0x08003d0a                USB_ReadInterrupts
 .text.USB_ReadDevAllOutEpInterrupt
                0x08003d12       0x10 Drivers/STM32F4xx_HAL_Driver/Src/stm32f4xx_ll_usb.o
                0x08003d12                USB_ReadDevAllOutEpInterrupt
 .text.USB_ReadDevAllInEpInterrupt
                0x08003d22       0x10 Drivers/STM32F4xx_HAL_Driver/Src/stm32f4xx_ll_usb.o
                0x08003d22                USB_ReadDevAllInEpInterrupt
 .text.USB_ReadDevOutEPInterrupt
                0x08003d32       0x12 Drivers/STM32F4xx_HAL_Driver/Src/stm32f4xx_ll_usb.o
                0x08003d32                USB_ReadDevOutEPInterrupt
 .text.USB_ReadDevInEPInterrupt
                0x08003d44       0x1c Drivers/STM32F4xx_HAL_Driver/Src/stm32f4xx_ll_usb.o
                0x08003d44                USB_ReadDevInEPInterrupt
 .text.USB_GetMode
                0x08003d60        0x8 Drivers/STM32F4xx_HAL_Driver/Src/stm32f4xx_ll_usb.o
                0x08003d60                USB_GetMode
 .text.USB_ActivateSetup
                0x08003d68       0x38 Drivers/STM32F4xx_HAL_Driver/Src/stm32f4xx_ll_usb.o
                0x08003d68                USB_ActivateSetup
 .text.USB_EP0_OutStart
                0x08003da0       0x46 Drivers/STM32F4xx_HAL_Driver/Src/stm32f4xx_ll_usb.o
                0x08003da0                USB_EP0_OutStart
 *fill*         0x08003de6        0x2 
 .text.USB_CoreReset
                0x08003de8       0x3c Drivers/STM32F4xx_HAL_Driver/Src/stm32f4xx_ll_usb.o
 .text.USBD_CDC_DataIn
                0x08003e24       0x12 Middlewares/ST/STM32_USB_Device_Library/Class/CDC/Src/usbd_cdc.o
 .text.USBD_CDC_EP0_RxReady
                0x08003e36       0x28 Middlewares/ST/STM32_USB_Device_Library/Class/CDC/Src/usbd_cdc.o
 *fill*         0x08003e5e        0x2 
 .text.USBD_CDC_GetFSCfgDesc
                0x08003e60        0xc Middlewares/ST/STM32_USB_Device_Library/Class/CDC/Src/usbd_cdc.o
 .text.USBD_CDC_GetHSCfgDesc
                0x08003e6c        0xc Middlewares/ST/STM32_USB_Device_Library/Class/CDC/Src/usbd_cdc.o
 .text.USBD_CDC_GetOtherSpeedCfgDesc
                0x08003e78        0xc Middlewares/ST/STM32_USB_Device_Library/Class/CDC/Src/usbd_cdc.o
 .text.USBD_CDC_GetDeviceQualifierDescriptor
                0x08003e84        0xc Middlewares/ST/STM32_USB_Device_Library/Class/CDC/Src/usbd_cdc.o
                0x08003e84                USBD_CDC_GetDeviceQualifierDescriptor
 .text.USBD_CDC_DataOut
                0x08003e90       0x2e Middlewares/ST/STM32_USB_Device_Library/Class/CDC/Src/usbd_cdc.o
 *fill*         0x08003ebe        0x2 
 .text.USBD_CDC_Setup
                0x08003ec0       0x74 Middlewares/ST/STM32_USB_Device_Library/Class/CDC/Src/usbd_cdc.o
 .text.USBD_CDC_DeInit
                0x08003f34       0x3a Middlewares/ST/STM32_USB_Device_Library/Class/CDC/Src/usbd_cdc.o
 .text.USBD_CDC_Init
                0x08003f6e       0x96 Middlewares/ST/STM32_USB_Device_Library/Class/CDC/Src/usbd_cdc.o
 .text.USBD_CDC_RegisterInterface
                0x08004004        0xe Middlewares/ST/STM32_USB_Device_Library/Class/CDC/Src/usbd_cdc.o
                0x08004004                USBD_CDC_RegisterInterface
 .text.USBD_CDC_SetTxBuffer
                0x08004012       0x10 Middlewares/ST/STM32_USB_Device_Library/Class/CDC/Src/usbd_cdc.o
                0x08004012                USBD_CDC_SetTxBuffer
 .text.USBD_CDC_SetRxBuffer
                0x08004022        0xc Middlewares/ST/STM32_USB_Device_Library/Class/CDC/Src/usbd_cdc.o
                0x08004022                USBD_CDC_SetRxBuffer
 .text.USBD_CDC_TransmitPacket
                0x0800402e       0x2e Middlewares/ST/STM32_USB_Device_Library/Class/CDC/Src/usbd_cdc.o
                0x0800402e                USBD_CDC_TransmitPacket
 .text.USBD_CDC_ReceivePacket
                0x0800405c       0x32 Middlewares/ST/STM32_USB_Device_Library/Class/CDC/Src/usbd_cdc.o
                0x0800405c                USBD_CDC_ReceivePacket
 .text.USBD_Init
                0x0800408e       0x2e Middlewares/ST/STM32_USB_Device_Library/Core/Src/usbd_core.o
                0x0800408e                USBD_Init
 .text.USBD_RegisterClass
                0x080040bc        0xe Middlewares/ST/STM32_USB_Device_Library/Core/Src/usbd_core.o
                0x080040bc                USBD_RegisterClass
 .text.USBD_Start
                0x080040ca        0xa Middlewares/ST/STM32_USB_Device_Library/Core/Src/usbd_core.o
                0x080040ca                USBD_Start
 .text.USBD_SetClassConfig
                0x080040d4       0x1a Middlewares/ST/STM32_USB_Device_Library/Core/Src/usbd_core.o
                0x080040d4                USBD_SetClassConfig
 .text.USBD_ClrClassConfig
                0x080040ee        0xe Middlewares/ST/STM32_USB_Device_Library/Core/Src/usbd_core.o
                0x080040ee                USBD_ClrClassConfig
 .text.USBD_LL_SetupStage
                0x080040fc       0x5a Middlewares/ST/STM32_USB_Device_Library/Core/Src/usbd_core.o
                0x080040fc                USBD_LL_SetupStage
 .text.USBD_LL_DataOutStage
                0x08004156       0x6a Middlewares/ST/STM32_USB_Device_Library/Core/Src/usbd_core.o
                0x08004156                USBD_LL_DataOutStage
 .text.USBD_LL_DataInStage
                0x080041c0       0xb2 Middlewares/ST/STM32_USB_Device_Library/Core/Src/usbd_core.o
                0x080041c0                USBD_LL_DataInStage
 .text.USBD_LL_Reset
                0x08004272       0x3e Middlewares/ST/STM32_USB_Device_Library/Core/Src/usbd_core.o
                0x08004272                USBD_LL_Reset
 .text.USBD_LL_SetSpeed
                0x080042b0        0x6 Middlewares/ST/STM32_USB_Device_Library/Core/Src/usbd_core.o
                0x080042b0                USBD_LL_SetSpeed
 .text.USBD_LL_Suspend
                0x080042b6       0x12 Middlewares/ST/STM32_USB_Device_Library/Core/Src/usbd_core.o
                0x080042b6                USBD_LL_Suspend
 .text.USBD_LL_Resume
                0x080042c8        0xc Middlewares/ST/STM32_USB_Device_Library/Core/Src/usbd_core.o
                0x080042c8                USBD_LL_Resume
 .text.USBD_LL_SOF
                0x080042d4       0x1c Middlewares/ST/STM32_USB_Device_Library/Core/Src/usbd_core.o
                0x080042d4                USBD_LL_SOF
 .text.USBD_LL_IsoINIncomplete
                0x080042f0        0x4 Middlewares/ST/STM32_USB_Device_Library/Core/Src/usbd_core.o
                0x080042f0                USBD_LL_IsoINIncomplete
 .text.USBD_LL_IsoOUTIncomplete
                0x080042f4        0x4 Middlewares/ST/STM32_USB_Device_Library/Core/Src/usbd_core.o
                0x080042f4                USBD_LL_IsoOUTIncomplete
 .text.USBD_LL_DevConnected
                0x080042f8        0x4 Middlewares/ST/STM32_USB_Device_Library/Core/Src/usbd_core.o
                0x080042f8                USBD_LL_DevConnected
 .text.USBD_LL_DevDisconnected
                0x080042fc       0x16 Middlewares/ST/STM32_USB_Device_Library/Core/Src/usbd_core.o
                0x080042fc                USBD_LL_DevDisconnected
 .text.USBD_GetLen
                0x08004312       0x14 Middlewares/ST/STM32_USB_Device_Library/Core/Src/usbd_ctlreq.o
 .text.USBD_SetFeature
                0x08004326       0x20 Middlewares/ST/STM32_USB_Device_Library/Core/Src/usbd_ctlreq.o
 .text.USBD_ParseSetupRequest
                0x08004346       0x28 Middlewares/ST/STM32_USB_Device_Library/Core/Src/usbd_ctlreq.o
                0x08004346                USBD_ParseSetupRequest
 .text.USBD_CtlError
                0x0800436e       0x14 Middlewares/ST/STM32_USB_Device_Library/Core/Src/usbd_ctlreq.o
                0x0800436e                USBD_CtlError
 .text.USBD_GetDescriptor
                0x08004382      0x132 Middlewares/ST/STM32_USB_Device_Library/Core/Src/usbd_ctlreq.o
 .text.USBD_SetAddress
                0x080044b4       0x4a Middlewares/ST/STM32_USB_Device_Library/Core/Src/usbd_ctlreq.o
 *fill*         0x080044fe        0x2 
 .text.USBD_SetConfig
                0x08004500       0xa4 Middlewares/ST/STM32_USB_Device_Library/Core/Src/usbd_ctlreq.o
 .text.USBD_GetConfig
                0x080045a4       0x3a Middlewares/ST/STM32_USB_Device_Library/Core/Src/usbd_ctlreq.o
 .text.USBD_GetStatus
                0x080045de       0x2c Middlewares/ST/STM32_USB_Device_Library/Core/Src/usbd_ctlreq.o
 .text.USBD_ClrFeature
                0x0800460a       0x32 Middlewares/ST/STM32_USB_Device_Library/Core/Src/usbd_ctlreq.o
 .text.USBD_StdDevReq
                0x0800463c       0x48 Middlewares/ST/STM32_USB_Device_Library/Core/Src/usbd_ctlreq.o
                0x0800463c                USBD_StdDevReq
 .text.USBD_StdItfReq
                0x08004684       0x38 Middlewares/ST/STM32_USB_Device_Library/Core/Src/usbd_ctlreq.o
                0x08004684                USBD_StdItfReq
 .text.USBD_StdEPReq
                0x080046bc      0x118 Middlewares/ST/STM32_USB_Device_Library/Core/Src/usbd_ctlreq.o
                0x080046bc                USBD_StdEPReq
 .text.USBD_GetString
                0x080047d4       0x3a Middlewares/ST/STM32_USB_Device_Library/Core/Src/usbd_ctlreq.o
                0x080047d4                USBD_GetString
 .text.USBD_CtlSendData
                0x0800480e       0x1a Middlewares/ST/STM32_USB_Device_Library/Core/Src/usbd_ioreq.o
                0x0800480e                USBD_CtlSendData
 .text.USBD_CtlContinueSendData
                0x08004828       0x10 Middlewares/ST/STM32_USB_Device_Library/Core/Src/usbd_ioreq.o
                0x08004828                USBD_CtlContinueSendData
 .text.USBD_CtlPrepareRx
                0x08004838       0x1e Middlewares/ST/STM32_USB_Device_Library/Core/Src/usbd_ioreq.o
                0x08004838                USBD_CtlPrepareRx
 .text.USBD_CtlContinueRx
                0x08004856       0x10 Middlewares/ST/STM32_USB_Device_Library/Core/Src/usbd_ioreq.o
                0x08004856                USBD_CtlContinueRx
 .text.USBD_CtlSendStatus
                0x08004866       0x16 Middlewares/ST/STM32_USB_Device_Library/Core/Src/usbd_ioreq.o
                0x08004866                USBD_CtlSendStatus
 .text.USBD_CtlReceiveStatus
                0x0800487c       0x16 Middlewares/ST/STM32_USB_Device_Library/Core/Src/usbd_ioreq.o
                0x0800487c                USBD_CtlReceiveStatus
 *fill*         0x08004892        0x2 
 .text.MX_GPIO_Init
                0x08004894       0xc4 Src/main.o
 .text._Error_Handler
                0x08004958        0x2 Src/main.o
                0x08004958                _Error_Handler
 *fill*         0x0800495a        0x2 
 .text.MX_SPI3_Init
                0x0800495c       0x48 Src/main.o
 .text.SystemClock_Config
                0x080049a4       0xc8 Src/main.o
                0x080049a4                SystemClock_Config
 .text.main     0x08004a6c       0x20 Src/main.o
                0x08004a6c                main
 .text.HAL_MspInit
                0x08004a8c       0x5e Src/stm32f4xx_hal_msp.o
                0x08004a8c                HAL_MspInit
 *fill*         0x08004aea        0x2 
 .text.HAL_SPI_MspInit
                0x08004aec       0x54 Src/stm32f4xx_hal_msp.o
                0x08004aec                HAL_SPI_MspInit
 .text.NMI_Handler
                0x08004b40        0x2 Src/stm32f4xx_it.o
                0x08004b40                NMI_Handler
 .text.HardFault_Handler
                0x08004b42        0x2 Src/stm32f4xx_it.o
                0x08004b42                HardFault_Handler
 .text.MemManage_Handler
                0x08004b44        0x2 Src/stm32f4xx_it.o
                0x08004b44                MemManage_Handler
 .text.BusFault_Handler
                0x08004b46        0x2 Src/stm32f4xx_it.o
                0x08004b46                BusFault_Handler
 .text.UsageFault_Handler
                0x08004b48        0x2 Src/stm32f4xx_it.o
                0x08004b48                UsageFault_Handler
 .text.SVC_Handler
                0x08004b4a        0x2 Src/stm32f4xx_it.o
                0x08004b4a                SVC_Handler
 .text.DebugMon_Handler
                0x08004b4c        0x2 Src/stm32f4xx_it.o
                0x08004b4c                DebugMon_Handler
 .text.PendSV_Handler
                0x08004b4e        0x2 Src/stm32f4xx_it.o
                0x08004b4e                PendSV_Handler
 .text.SysTick_Handler
                0x08004b50        0xc Src/stm32f4xx_it.o
                0x08004b50                SysTick_Handler
 .text.EXTI15_10_IRQHandler
                0x08004b5c        0xc Src/stm32f4xx_it.o
                0x08004b5c                EXTI15_10_IRQHandler
 .text.OTG_HS_IRQHandler
                0x08004b68       0x10 Src/stm32f4xx_it.o
                0x08004b68                OTG_HS_IRQHandler
 .text.SystemInit
                0x08004b78       0x4c Src/system_stm32f4xx.o
                0x08004b78                SystemInit
 .text.MX_USB_DEVICE_Init
                0x08004bc4       0x38 Src/usb_device.o
                0x08004bc4                MX_USB_DEVICE_Init
 .text.CDC_DeInit_HS
                0x08004bfc        0x4 Src/usbd_cdc_if.o
 .text.CDC_Control_HS
                0x08004c00       0x1e Src/usbd_cdc_if.o
 *fill*         0x08004c1e        0x2 
 .text.CDC_Receive_HS
                0x08004c20       0x28 Src/usbd_cdc_if.o
 .text.CDC_Init_HS
                0x08004c48       0x28 Src/usbd_cdc_if.o
 .text.CDC_Transmit_HS
                0x08004c70       0x2c Src/usbd_cdc_if.o
                0x08004c70                CDC_Transmit_HS
 .text.CDC_Enable_USB_Packet
                0x08004c9c       0x10 Src/usbd_cdc_if.o
                0x08004c9c                CDC_Enable_USB_Packet
 .text.HAL_PCD_MspInit
                0x08004cac       0x78 Src/usbd_conf.o
                0x08004cac                HAL_PCD_MspInit
 .text.HAL_PCD_SetupStageCallback
                0x08004d24       0x10 Src/usbd_conf.o
                0x08004d24                HAL_PCD_SetupStageCallback
 .text.HAL_PCD_DataOutStageCallback
                0x08004d34       0x18 Src/usbd_conf.o
                0x08004d34                HAL_PCD_DataOutStageCallback
 .text.HAL_PCD_DataInStageCallback
                0x08004d4c       0x16 Src/usbd_conf.o
                0x08004d4c                HAL_PCD_DataInStageCallback
 .text.HAL_PCD_SOFCallback
                0x08004d62        0xc Src/usbd_conf.o
                0x08004d62                HAL_PCD_SOFCallback
 .text.HAL_PCD_ResetCallback
                0x08004d6e       0x20 Src/usbd_conf.o
                0x08004d6e                HAL_PCD_ResetCallback
 *fill*         0x08004d8e        0x2 
 .text.HAL_PCD_SuspendCallback
                0x08004d90       0x30 Src/usbd_conf.o
                0x08004d90                HAL_PCD_SuspendCallback
 .text.HAL_PCD_ResumeCallback
                0x08004dc0        0xc Src/usbd_conf.o
                0x08004dc0                HAL_PCD_ResumeCallback
 .text.HAL_PCD_ISOOUTIncompleteCallback
                0x08004dcc        0xc Src/usbd_conf.o
                0x08004dcc                HAL_PCD_ISOOUTIncompleteCallback
 .text.HAL_PCD_ISOINIncompleteCallback
                0x08004dd8        0xc Src/usbd_conf.o
                0x08004dd8                HAL_PCD_ISOINIncompleteCallback
 .text.HAL_PCD_ConnectCallback
                0x08004de4        0xc Src/usbd_conf.o
                0x08004de4                HAL_PCD_ConnectCallback
 .text.HAL_PCD_DisconnectCallback
                0x08004df0        0xc Src/usbd_conf.o
                0x08004df0                HAL_PCD_DisconnectCallback
 .text.USBD_LL_Init
                0x08004dfc       0x80 Src/usbd_conf.o
                0x08004dfc                USBD_LL_Init
 .text.USBD_LL_Start
                0x08004e7c       0x1c Src/usbd_conf.o
                0x08004e7c                USBD_LL_Start
 .text.USBD_LL_OpenEP
                0x08004e98       0x22 Src/usbd_conf.o
                0x08004e98                USBD_LL_OpenEP
 .text.USBD_LL_CloseEP
                0x08004eba       0x1c Src/usbd_conf.o
                0x08004eba                USBD_LL_CloseEP
 .text.USBD_LL_StallEP
                0x08004ed6       0x1c Src/usbd_conf.o
                0x08004ed6                USBD_LL_StallEP
 .text.USBD_LL_ClearStallEP
                0x08004ef2       0x1c Src/usbd_conf.o
                0x08004ef2                USBD_LL_ClearStallEP
 .text.USBD_LL_IsStallEP
                0x08004f0e       0x2e Src/usbd_conf.o
                0x08004f0e                USBD_LL_IsStallEP
 .text.USBD_LL_SetUSBAddress
                0x08004f3c       0x1c Src/usbd_conf.o
                0x08004f3c                USBD_LL_SetUSBAddress
 .text.USBD_LL_Transmit
                0x08004f58       0x1c Src/usbd_conf.o
                0x08004f58                USBD_LL_Transmit
 .text.USBD_LL_PrepareReceive
                0x08004f74       0x1c Src/usbd_conf.o
                0x08004f74                USBD_LL_PrepareReceive
 .text.USBD_LL_GetRxDataSize
                0x08004f90        0xc Src/usbd_conf.o
                0x08004f90                USBD_LL_GetRxDataSize
 .text.USBD_HS_DeviceDescriptor
                0x08004f9c        0xc Src/usbd_desc.o
                0x08004f9c                USBD_HS_DeviceDescriptor
 .text.USBD_HS_LangIDStrDescriptor
                0x08004fa8        0xc Src/usbd_desc.o
                0x08004fa8                USBD_HS_LangIDStrDescriptor
 .text.USBD_HS_ProductStrDescriptor
                0x08004fb4       0x24 Src/usbd_desc.o
                0x08004fb4                USBD_HS_ProductStrDescriptor
 .text.USBD_HS_ManufacturerStrDescriptor
                0x08004fd8       0x1c Src/usbd_desc.o
                0x08004fd8                USBD_HS_ManufacturerStrDescriptor
 .text.USBD_HS_SerialStrDescriptor
                0x08004ff4       0x24 Src/usbd_desc.o
                0x08004ff4                USBD_HS_SerialStrDescriptor
 .text.USBD_HS_ConfigStrDescriptor
                0x08005018       0x24 Src/usbd_desc.o
                0x08005018                USBD_HS_ConfigStrDescriptor
 .text.USBD_HS_InterfaceStrDescriptor
                0x0800503c       0x24 Src/usbd_desc.o
                0x0800503c                USBD_HS_InterfaceStrDescriptor
 .text.Reset_Handler
                0x08005060       0x50 startup/startup_stm32f429xx.o
                0x08005060                Reset_Handler
 .text.Default_Handler
                0x080050b0        0x2 startup/startup_stm32f429xx.o
                0x080050b0                RTC_Alarm_IRQHandler
                0x080050b0                HASH_RNG_IRQHandler
                0x080050b0                EXTI2_IRQHandler
                0x080050b0                TIM8_CC_IRQHandler
                0x080050b0                UART8_IRQHandler
                0x080050b0                SPI4_IRQHandler
                0x080050b0                TIM1_CC_IRQHandler
                0x080050b0                DMA2_Stream5_IRQHandler
                0x080050b0                DMA1_Stream5_IRQHandler
                0x080050b0                PVD_IRQHandler
                0x080050b0                SDIO_IRQHandler
                0x080050b0                TAMP_STAMP_IRQHandler
                0x080050b0                CAN2_RX1_IRQHandler
                0x080050b0                EXTI3_IRQHandler
                0x080050b0                TIM8_TRG_COM_TIM14_IRQHandler
                0x080050b0                TIM1_UP_TIM10_IRQHandler
                0x080050b0                TIM8_UP_TIM13_IRQHandler
                0x080050b0                I2C3_ER_IRQHandler
                0x080050b0                EXTI0_IRQHandler
                0x080050b0                I2C2_EV_IRQHandler
                0x080050b0                DMA1_Stream2_IRQHandler
                0x080050b0                CAN1_RX0_IRQHandler
                0x080050b0                FPU_IRQHandler
                0x080050b0                OTG_HS_WKUP_IRQHandler
                0x080050b0                LTDC_ER_IRQHandler
                0x080050b0                CAN2_SCE_IRQHandler
                0x080050b0                DMA2_Stream2_IRQHandler
                0x080050b0                SPI1_IRQHandler
                0x080050b0                TIM6_DAC_IRQHandler
                0x080050b0                TIM1_BRK_TIM9_IRQHandler
                0x080050b0                DCMI_IRQHandler
                0x080050b0                CAN2_RX0_IRQHandler
                0x080050b0                DMA2_Stream3_IRQHandler
                0x080050b0                USART6_IRQHandler
                0x080050b0                USART3_IRQHandler
                0x080050b0                CAN1_RX1_IRQHandler
                0x080050b0                UART5_IRQHandler
                0x080050b0                DMA2_Stream0_IRQHandler
                0x080050b0                TIM4_IRQHandler
                0x080050b0                I2C1_EV_IRQHandler
                0x080050b0                DMA1_Stream6_IRQHandler
                0x080050b0                DMA1_Stream1_IRQHandler
                0x080050b0                UART4_IRQHandler
                0x080050b0                TIM3_IRQHandler
                0x080050b0                RCC_IRQHandler
                0x080050b0                TIM8_BRK_TIM12_IRQHandler
                0x080050b0                Default_Handler
                0x080050b0                ADC_IRQHandler
                0x080050b0                DMA1_Stream7_IRQHandler
                0x080050b0                SPI5_IRQHandler
                0x080050b0                TIM7_IRQHandler
                0x080050b0                CAN2_TX_IRQHandler
                0x080050b0                TIM5_IRQHandler
                0x080050b0                DMA2_Stream7_IRQHandler
                0x080050b0                I2C3_EV_IRQHandler
                0x080050b0                EXTI9_5_IRQHandler
                0x080050b0                RTC_WKUP_IRQHandler
                0x080050b0                LTDC_IRQHandler
                0x080050b0                ETH_WKUP_IRQHandler
                0x080050b0                SPI2_IRQHandler
                0x080050b0                OTG_HS_EP1_IN_IRQHandler
                0x080050b0                DMA1_Stream0_IRQHandler
                0x080050b0                CAN1_TX_IRQHandler
                0x080050b0                EXTI4_IRQHandler
                0x080050b0                ETH_IRQHandler
                0x080050b0                OTG_HS_EP1_OUT_IRQHandler
                0x080050b0                WWDG_IRQHandler
                0x080050b0                SPI6_IRQHandler
                0x080050b0                TIM2_IRQHandler
                0x080050b0                OTG_FS_WKUP_IRQHandler
                0x080050b0                TIM1_TRG_COM_TIM11_IRQHandler
                0x080050b0                DMA2D_IRQHandler
                0x080050b0                EXTI1_IRQHandler
                0x080050b0                UART7_IRQHandler
                0x080050b0                USART2_IRQHandler
                0x080050b0                I2C2_ER_IRQHandler
                0x080050b0                DMA2_Stream1_IRQHandler
                0x080050b0                CAN1_SCE_IRQHandler
                0x080050b0                FLASH_IRQHandler
                0x080050b0                DMA2_Stream4_IRQHandler
                0x080050b0                USART1_IRQHandler
                0x080050b0                OTG_FS_IRQHandler
                0x080050b0                SPI3_IRQHandler
                0x080050b0                DMA1_Stream4_IRQHandler
                0x080050b0                I2C1_ER_IRQHandler
                0x080050b0                FMC_IRQHandler
                0x080050b0                DMA2_Stream6_IRQHandler
                0x080050b0                SAI1_IRQHandler
                0x080050b0                DMA1_Stream3_IRQHandler
 *fill*         0x080050b2        0x2 
 .text.exit     0x080050b4       0x28 d:/ac6/systemworkbench/plugins/fr.ac6.mcu.externaltools.arm-none.win32_1.15.0.201708311556/tools/compiler/bin/../lib/gcc/arm-none-eabi/6.3.1/../../../../arm-none-eabi/lib/thumb/v7e-m/fpv4-sp/hard\libc_nano.a(lib_a-exit.o)
                0x080050b4                exit
 .text.__libc_init_array
                0x080050dc       0x48 d:/ac6/systemworkbench/plugins/fr.ac6.mcu.externaltools.arm-none.win32_1.15.0.201708311556/tools/compiler/bin/../lib/gcc/arm-none-eabi/6.3.1/../../../../arm-none-eabi/lib/thumb/v7e-m/fpv4-sp/hard\libc_nano.a(lib_a-init.o)
                0x080050dc                __libc_init_array
 .text.malloc   0x08005124       0x10 d:/ac6/systemworkbench/plugins/fr.ac6.mcu.externaltools.arm-none.win32_1.15.0.201708311556/tools/compiler/bin/../lib/gcc/arm-none-eabi/6.3.1/../../../../arm-none-eabi/lib/thumb/v7e-m/fpv4-sp/hard\libc_nano.a(lib_a-malloc.o)
                0x08005124                malloc
 .text.free     0x08005134       0x10 d:/ac6/systemworkbench/plugins/fr.ac6.mcu.externaltools.arm-none.win32_1.15.0.201708311556/tools/compiler/bin/../lib/gcc/arm-none-eabi/6.3.1/../../../../arm-none-eabi/lib/thumb/v7e-m/fpv4-sp/hard\libc_nano.a(lib_a-malloc.o)
                0x08005134                free
 .text.memcpy   0x08005144       0x16 d:/ac6/systemworkbench/plugins/fr.ac6.mcu.externaltools.arm-none.win32_1.15.0.201708311556/tools/compiler/bin/../lib/gcc/arm-none-eabi/6.3.1/../../../../arm-none-eabi/lib/thumb/v7e-m/fpv4-sp/hard\libc_nano.a(lib_a-memcpy-stub.o)
                0x08005144                memcpy
 .text.memset   0x0800515a       0x10 d:/ac6/systemworkbench/plugins/fr.ac6.mcu.externaltools.arm-none.win32_1.15.0.201708311556/tools/compiler/bin/../lib/gcc/arm-none-eabi/6.3.1/../../../../arm-none-eabi/lib/thumb/v7e-m/fpv4-sp/hard\libc_nano.a(lib_a-memset.o)
                0x0800515a                memset
 *fill*         0x0800516a        0x2 
 .text._free_r  0x0800516c       0x9c d:/ac6/systemworkbench/plugins/fr.ac6.mcu.externaltools.arm-none.win32_1.15.0.201708311556/tools/compiler/bin/../lib/gcc/arm-none-eabi/6.3.1/../../../../arm-none-eabi/lib/thumb/v7e-m/fpv4-sp/hard\libc_nano.a(lib_a-nano-freer.o)
                0x0800516c                _free_r
 .text._malloc_r
                0x08005208       0xbc d:/ac6/systemworkbench/plugins/fr.ac6.mcu.externaltools.arm-none.win32_1.15.0.201708311556/tools/compiler/bin/../lib/gcc/arm-none-eabi/6.3.1/../../../../arm-none-eabi/lib/thumb/v7e-m/fpv4-sp/hard\libc_nano.a(lib_a-nano-mallocr.o)
                0x08005208                _malloc_r
 .text._sbrk_r  0x080052c4       0x20 d:/ac6/systemworkbench/plugins/fr.ac6.mcu.externaltools.arm-none.win32_1.15.0.201708311556/tools/compiler/bin/../lib/gcc/arm-none-eabi/6.3.1/../../../../arm-none-eabi/lib/thumb/v7e-m/fpv4-sp/hard\libc_nano.a(lib_a-sbrkr.o)
                0x080052c4                _sbrk_r
 .text.sprintf  0x080052e4       0x48 d:/ac6/systemworkbench/plugins/fr.ac6.mcu.externaltools.arm-none.win32_1.15.0.201708311556/tools/compiler/bin/../lib/gcc/arm-none-eabi/6.3.1/../../../../arm-none-eabi/lib/thumb/v7e-m/fpv4-sp/hard\libc_nano.a(lib_a-sprintf.o)
                0x080052e4                siprintf
                0x080052e4                sprintf
 .text.strcpy   0x0800532c       0x10 d:/ac6/systemworkbench/plugins/fr.ac6.mcu.externaltools.arm-none.win32_1.15.0.201708311556/tools/compiler/bin/../lib/gcc/arm-none-eabi/6.3.1/../../../../arm-none-eabi/lib/thumb/v7e-m/fpv4-sp/hard\libc_nano.a(lib_a-strcpy.o)
                0x0800532c                strcpy
 .text._strtol_l.isra.0
                0x0800533c      0x100 d:/ac6/systemworkbench/plugins/fr.ac6.mcu.externaltools.arm-none.win32_1.15.0.201708311556/tools/compiler/bin/../lib/gcc/arm-none-eabi/6.3.1/../../../../arm-none-eabi/lib/thumb/v7e-m/fpv4-sp/hard\libc_nano.a(lib_a-strtol.o)
 .text.strtol   0x0800543c       0x2c d:/ac6/systemworkbench/plugins/fr.ac6.mcu.externaltools.arm-none.win32_1.15.0.201708311556/tools/compiler/bin/../lib/gcc/arm-none-eabi/6.3.1/../../../../arm-none-eabi/lib/thumb/v7e-m/fpv4-sp/hard\libc_nano.a(lib_a-strtol.o)
                0x0800543c                strtol
 .text.__locale_ctype_ptr_l
                0x08005468        0x6 d:/ac6/systemworkbench/plugins/fr.ac6.mcu.externaltools.arm-none.win32_1.15.0.201708311556/tools/compiler/bin/../lib/gcc/arm-none-eabi/6.3.1/../../../../arm-none-eabi/lib/thumb/v7e-m/fpv4-sp/hard\libc_nano.a(lib_a-locale.o)
                0x08005468                __locale_ctype_ptr_l
 .text.__ascii_mbtowc
                0x0800546e       0x24 d:/ac6/systemworkbench/plugins/fr.ac6.mcu.externaltools.arm-none.win32_1.15.0.201708311556/tools/compiler/bin/../lib/gcc/arm-none-eabi/6.3.1/../../../../arm-none-eabi/lib/thumb/v7e-m/fpv4-sp/hard\libc_nano.a(lib_a-mbtowc_r.o)
                0x0800546e                __ascii_mbtowc
 .text.__malloc_lock
                0x08005492        0x2 d:/ac6/systemworkbench/plugins/fr.ac6.mcu.externaltools.arm-none.win32_1.15.0.201708311556/tools/compiler/bin/../lib/gcc/arm-none-eabi/6.3.1/../../../../arm-none-eabi/lib/thumb/v7e-m/fpv4-sp/hard\libc_nano.a(lib_a-mlock.o)
                0x08005492                __malloc_lock
 .text.__malloc_unlock
                0x08005494        0x2 d:/ac6/systemworkbench/plugins/fr.ac6.mcu.externaltools.arm-none.win32_1.15.0.201708311556/tools/compiler/bin/../lib/gcc/arm-none-eabi/6.3.1/../../../../arm-none-eabi/lib/thumb/v7e-m/fpv4-sp/hard\libc_nano.a(lib_a-mlock.o)
                0x08005494                __malloc_unlock
 .text.__ssputs_r
                0x08005496       0xb6 d:/ac6/systemworkbench/plugins/fr.ac6.mcu.externaltools.arm-none.win32_1.15.0.201708311556/tools/compiler/bin/../lib/gcc/arm-none-eabi/6.3.1/../../../../arm-none-eabi/lib/thumb/v7e-m/fpv4-sp/hard\libc_nano.a(lib_a-nano-svfprintf.o)
                0x08005496                __ssputs_r
 .text._svfprintf_r
                0x0800554c      0x1e8 d:/ac6/systemworkbench/plugins/fr.ac6.mcu.externaltools.arm-none.win32_1.15.0.201708311556/tools/compiler/bin/../lib/gcc/arm-none-eabi/6.3.1/../../../../arm-none-eabi/lib/thumb/v7e-m/fpv4-sp/hard\libc_nano.a(lib_a-nano-svfprintf.o)
                0x0800554c                _svfiprintf_r
                0x0800554c                _svfprintf_r
 .text._printf_common
                0x08005734       0xec d:/ac6/systemworkbench/plugins/fr.ac6.mcu.externaltools.arm-none.win32_1.15.0.201708311556/tools/compiler/bin/../lib/gcc/arm-none-eabi/6.3.1/../../../../arm-none-eabi/lib/thumb/v7e-m/fpv4-sp/hard\libc_nano.a(lib_a-nano-vfprintf_i.o)
                0x08005734                _printf_common
 .text._printf_i
                0x08005820      0x240 d:/ac6/systemworkbench/plugins/fr.ac6.mcu.externaltools.arm-none.win32_1.15.0.201708311556/tools/compiler/bin/../lib/gcc/arm-none-eabi/6.3.1/../../../../arm-none-eabi/lib/thumb/v7e-m/fpv4-sp/hard\libc_nano.a(lib_a-nano-vfprintf_i.o)
                0x08005820                _printf_i
 .text.__ascii_wctomb
                0x08005a60       0x1a d:/ac6/systemworkbench/plugins/fr.ac6.mcu.externaltools.arm-none.win32_1.15.0.201708311556/tools/compiler/bin/../lib/gcc/arm-none-eabi/6.3.1/../../../../arm-none-eabi/lib/thumb/v7e-m/fpv4-sp/hard\libc_nano.a(lib_a-wctomb_r.o)
                0x08005a60                __ascii_wctomb
 .text.memmove  0x08005a7a       0x34 d:/ac6/systemworkbench/plugins/fr.ac6.mcu.externaltools.arm-none.win32_1.15.0.201708311556/tools/compiler/bin/../lib/gcc/arm-none-eabi/6.3.1/../../../../arm-none-eabi/lib/thumb/v7e-m/fpv4-sp/hard\libc_nano.a(lib_a-memmove.o)
                0x08005a7a                memmove
 .text._realloc_r
                0x08005aae       0x4c d:/ac6/systemworkbench/plugins/fr.ac6.mcu.externaltools.arm-none.win32_1.15.0.201708311556/tools/compiler/bin/../lib/gcc/arm-none-eabi/6.3.1/../../../../arm-none-eabi/lib/thumb/v7e-m/fpv4-sp/hard\libc_nano.a(lib_a-nano-reallocr.o)
                0x08005aae                _realloc_r
 .text._malloc_usable_size_r
                0x08005afa       0x12 d:/ac6/systemworkbench/plugins/fr.ac6.mcu.externaltools.arm-none.win32_1.15.0.201708311556/tools/compiler/bin/../lib/gcc/arm-none-eabi/6.3.1/../../../../arm-none-eabi/lib/thumb/v7e-m/fpv4-sp/hard\libc_nano.a(lib_a-nano-msizer.o)
                0x08005afa                _malloc_usable_size_r
 .text._sbrk    0x08005b0c       0x1c d:/ac6/systemworkbench/plugins/fr.ac6.mcu.externaltools.arm-none.win32_1.15.0.201708311556/tools/compiler/bin/../lib/gcc/arm-none-eabi/6.3.1/../../../../arm-none-eabi/lib/thumb/v7e-m/fpv4-sp/hard\libnosys.a(sbrk.o)
                0x08005b0c                _sbrk
 .text._exit    0x08005b28        0x4 d:/ac6/systemworkbench/plugins/fr.ac6.mcu.externaltools.arm-none.win32_1.15.0.201708311556/tools/compiler/bin/../lib/gcc/arm-none-eabi/6.3.1/../../../../arm-none-eabi/lib/thumb/v7e-m/fpv4-sp/hard\libnosys.a(_exit.o)
                0x08005b28                _exit
 *(.glue_7)
 .glue_7        0x08005b2c        0x0 linker stubs
 *(.glue_7t)
 .glue_7t       0x08005b2c        0x0 linker stubs
 *(.eh_frame)
 .eh_frame      0x08005b2c        0x0 d:/ac6/systemworkbench/plugins/fr.ac6.mcu.externaltools.arm-none.win32_1.15.0.201708311556/tools/compiler/bin/../lib/gcc/arm-none-eabi/6.3.1/thumb/v7e-m/fpv4-sp/hard/crtbegin.o
 *(.init)
 .init          0x08005b2c        0x4 d:/ac6/systemworkbench/plugins/fr.ac6.mcu.externaltools.arm-none.win32_1.15.0.201708311556/tools/compiler/bin/../lib/gcc/arm-none-eabi/6.3.1/thumb/v7e-m/fpv4-sp/hard/crti.o
                0x08005b2c                _init
 .init          0x08005b30        0x8 d:/ac6/systemworkbench/plugins/fr.ac6.mcu.externaltools.arm-none.win32_1.15.0.201708311556/tools/compiler/bin/../lib/gcc/arm-none-eabi/6.3.1/thumb/v7e-m/fpv4-sp/hard/crtn.o
 *(.fini)
 .fini          0x08005b38        0x4 d:/ac6/systemworkbench/plugins/fr.ac6.mcu.externaltools.arm-none.win32_1.15.0.201708311556/tools/compiler/bin/../lib/gcc/arm-none-eabi/6.3.1/thumb/v7e-m/fpv4-sp/hard/crti.o
                0x08005b38                _fini
 .fini          0x08005b3c        0x8 d:/ac6/systemworkbench/plugins/fr.ac6.mcu.externaltools.arm-none.win32_1.15.0.201708311556/tools/compiler/bin/../lib/gcc/arm-none-eabi/6.3.1/thumb/v7e-m/fpv4-sp/hard/crtn.o
                0x08005b44                . = ALIGN (0x4)
                0x08005b44                _etext = .

.vfp11_veneer   0x08005b44        0x0
 .vfp11_veneer  0x08005b44        0x0 linker stubs

.v4_bx          0x08005b44        0x0
 .v4_bx         0x08005b44        0x0 linker stubs

.iplt           0x08005b44        0x0
 .iplt          0x08005b44        0x0 d:/ac6/systemworkbench/plugins/fr.ac6.mcu.externaltools.arm-none.win32_1.15.0.201708311556/tools/compiler/bin/../lib/gcc/arm-none-eabi/6.3.1/thumb/v7e-m/fpv4-sp/hard/crtbegin.o

.rodata         0x08005b44      0x538
                0x08005b44                . = ALIGN (0x4)
 *(.rodata)
 .rodata        0x08005b44       0xcc AT86RF212B/Src/terminal.o
 .rodata        0x08005c10       0x18 Src/system_stm32f4xx.o
                0x08005c10                AHBPrescTable
                0x08005c20                APBPrescTable
 *(.rodata*)
 .rodata.str1.4
                0x08005c28       0x56 AT86RF212B/Src/AT86RF212B_HAL.o
 *fill*         0x08005c7e        0x2 
 .rodata.str1.4
                0x08005c80       0x20 AT86RF212B/Src/errors_and_logging.o
 .rodata.str1.4
                0x08005ca0        0x6 AT86RF212B/Src/interfaceHAL.o
                                  0xb (size before relaxing)
 *fill*         0x08005ca6        0x2 
 .rodata.str1.4
                0x08005ca8      0x214 AT86RF212B/Src/terminal.o
                                0x21d (size before relaxing)
 .rodata.str1.4
                0x08005ebc        0xe Src/main.o
 *fill*         0x08005eca        0x2 
 .rodata.str1.4
                0x08005ecc       0x13 Src/usbd_conf.o
 *fill*         0x08005edf        0x1 
 .rodata.str1.4
                0x08005ee0       0x58 Src/usbd_desc.o
                                 0x56 (size before relaxing)
 .rodata._global_impure_ptr
                0x08005f38        0x4 d:/ac6/systemworkbench/plugins/fr.ac6.mcu.externaltools.arm-none.win32_1.15.0.201708311556/tools/compiler/bin/../lib/gcc/arm-none-eabi/6.3.1/../../../../arm-none-eabi/lib/thumb/v7e-m/fpv4-sp/hard\libc_nano.a(lib_a-impure.o)
                0x08005f38                _global_impure_ptr
 .rodata._setlocale_r.str1.1
                0x08005f3c        0x8 d:/ac6/systemworkbench/plugins/fr.ac6.mcu.externaltools.arm-none.win32_1.15.0.201708311556/tools/compiler/bin/../lib/gcc/arm-none-eabi/6.3.1/../../../../arm-none-eabi/lib/thumb/v7e-m/fpv4-sp/hard\libc_nano.a(lib_a-locale.o)
                                  0x9 (size before relaxing)
 .rodata.str1.1
                0x08005f44        0x2 d:/ac6/systemworkbench/plugins/fr.ac6.mcu.externaltools.arm-none.win32_1.15.0.201708311556/tools/compiler/bin/../lib/gcc/arm-none-eabi/6.3.1/../../../../arm-none-eabi/lib/thumb/v7e-m/fpv4-sp/hard\libc_nano.a(lib_a-locale.o)
 .rodata._svfprintf_r.str1.1
                0x08005f46       0x11 d:/ac6/systemworkbench/plugins/fr.ac6.mcu.externaltools.arm-none.win32_1.15.0.201708311556/tools/compiler/bin/../lib/gcc/arm-none-eabi/6.3.1/../../../../arm-none-eabi/lib/thumb/v7e-m/fpv4-sp/hard\libc_nano.a(lib_a-nano-svfprintf.o)
 .rodata._printf_i.str1.1
                0x08005f57       0x22 d:/ac6/systemworkbench/plugins/fr.ac6.mcu.externaltools.arm-none.win32_1.15.0.201708311556/tools/compiler/bin/../lib/gcc/arm-none-eabi/6.3.1/../../../../arm-none-eabi/lib/thumb/v7e-m/fpv4-sp/hard\libc_nano.a(lib_a-nano-vfprintf_i.o)
 .rodata._ctype_
                0x08005f79      0x101 d:/ac6/systemworkbench/plugins/fr.ac6.mcu.externaltools.arm-none.win32_1.15.0.201708311556/tools/compiler/bin/../lib/gcc/arm-none-eabi/6.3.1/../../../../arm-none-eabi/lib/thumb/v7e-m/fpv4-sp/hard\libc_nano.a(lib_a-ctype_.o)
                0x08005f79                _ctype_
                0x0800607c                . = ALIGN (0x4)
 *fill*         0x0800607a        0x2 

.ARM.extab
 *(.ARM.extab* .gnu.linkonce.armextab.*)

.ARM            0x0800607c        0x8
                0x0800607c                __exidx_start = .
 *(.ARM.exidx*)
 .ARM.exidx     0x0800607c        0x8 d:/ac6/systemworkbench/plugins/fr.ac6.mcu.externaltools.arm-none.win32_1.15.0.201708311556/tools/compiler/bin/../lib/gcc/arm-none-eabi/6.3.1/thumb/v7e-m/fpv4-sp/hard\libgcc.a(_udivmoddi4.o)
                0x08006084                __exidx_end = .

.rel.dyn        0x08006084        0x0
 .rel.iplt      0x08006084        0x0 d:/ac6/systemworkbench/plugins/fr.ac6.mcu.externaltools.arm-none.win32_1.15.0.201708311556/tools/compiler/bin/../lib/gcc/arm-none-eabi/6.3.1/thumb/v7e-m/fpv4-sp/hard/crtbegin.o

.preinit_array  0x08006084        0x0
                0x08006084                PROVIDE (__preinit_array_start, .)
 *(.preinit_array*)
                0x08006084                PROVIDE (__preinit_array_end, .)

.init_array     0x08006084        0x4
                0x08006084                PROVIDE (__init_array_start, .)
 *(SORT(.init_array.*))
 *(.init_array*)
 .init_array    0x08006084        0x4 d:/ac6/systemworkbench/plugins/fr.ac6.mcu.externaltools.arm-none.win32_1.15.0.201708311556/tools/compiler/bin/../lib/gcc/arm-none-eabi/6.3.1/thumb/v7e-m/fpv4-sp/hard/crtbegin.o
                0x08006088                PROVIDE (__init_array_end, .)

.fini_array     0x08006088        0x4
                [!provide]                PROVIDE (__fini_array_start, .)
 *(SORT(.fini_array.*))
 *(.fini_array*)
 .fini_array    0x08006088        0x4 d:/ac6/systemworkbench/plugins/fr.ac6.mcu.externaltools.arm-none.win32_1.15.0.201708311556/tools/compiler/bin/../lib/gcc/arm-none-eabi/6.3.1/thumb/v7e-m/fpv4-sp/hard/crtbegin.o
                [!provide]                PROVIDE (__fini_array_end, .)
                0x0800608c                _sidata = LOADADDR (.data)

.data           0x20000000      0x33c load address 0x0800608c
                0x20000000                . = ALIGN (0x4)
                0x20000000                _sdata = .
 *(.data)
 .data          0x20000000        0x1 AT86RF212B/Src/AT86RF212B.o
 *fill*         0x20000001        0x3 
 .data          0x20000004        0x4 AT86RF212B/Src/AT86RF212B_HAL.o
                0x20000004                timeout
 .data          0x20000008        0x1 AT86RF212B/Src/MainController.o
 .data          0x20000009        0x1 AT86RF212B/Src/interfaceHAL.o
 *fill*         0x2000000a        0x2 
 .data          0x2000000c        0x8 Drivers/STM32F4xx_HAL_Driver/Src/stm32f4xx_hal.o
                0x2000000c                uwTickFreq
                0x20000010                uwTickPrio
 .data          0x20000014      0x110 Middlewares/ST/STM32_USB_Device_Library/Class/CDC/Src/usbd_cdc.o
                0x20000014                USBD_CDC_CfgFSDesc
                0x20000058                USBD_CDC_CfgHSDesc
                0x2000009c                USBD_CDC_OtherSpeedCfgDesc
                0x200000ec                USBD_CDC
 .data          0x20000124        0x4 Src/system_stm32f4xx.o
                0x20000124                SystemCoreClock
 .data          0x20000128       0x10 Src/usbd_cdc_if.o
                0x20000128                USBD_Interface_fops_HS
 .data          0x20000138       0x34 Src/usbd_desc.o
                0x20000138                USBD_HS_DeviceDesc
                0x2000014c                USBD_LangIDDesc
                0x20000150                HS_Desc
 *(.data*)
 .data._impure_ptr
                0x2000016c        0x4 d:/ac6/systemworkbench/plugins/fr.ac6.mcu.externaltools.arm-none.win32_1.15.0.201708311556/tools/compiler/bin/../lib/gcc/arm-none-eabi/6.3.1/../../../../arm-none-eabi/lib/thumb/v7e-m/fpv4-sp/hard\libc_nano.a(lib_a-impure.o)
                0x2000016c                _impure_ptr
 .data.impure_data
                0x20000170       0x60 d:/ac6/systemworkbench/plugins/fr.ac6.mcu.externaltools.arm-none.win32_1.15.0.201708311556/tools/compiler/bin/../lib/gcc/arm-none-eabi/6.3.1/../../../../arm-none-eabi/lib/thumb/v7e-m/fpv4-sp/hard\libc_nano.a(lib_a-impure.o)
 .data.__global_locale
                0x200001d0      0x16c d:/ac6/systemworkbench/plugins/fr.ac6.mcu.externaltools.arm-none.win32_1.15.0.201708311556/tools/compiler/bin/../lib/gcc/arm-none-eabi/6.3.1/../../../../arm-none-eabi/lib/thumb/v7e-m/fpv4-sp/hard\libc_nano.a(lib_a-locale.o)
                0x200001d0                __global_locale
                0x2000033c                . = ALIGN (0x4)
                0x2000033c                _edata = .
                0x080063c8                _siccmram = LOADADDR (.ccmram)

.jcr            0x2000033c        0x0 load address 0x080063c8
 .jcr           0x2000033c        0x0 d:/ac6/systemworkbench/plugins/fr.ac6.mcu.externaltools.arm-none.win32_1.15.0.201708311556/tools/compiler/bin/../lib/gcc/arm-none-eabi/6.3.1/thumb/v7e-m/fpv4-sp/hard/crtbegin.o

.igot.plt       0x2000033c        0x0 load address 0x080063c8
 .igot.plt      0x2000033c        0x0 d:/ac6/systemworkbench/plugins/fr.ac6.mcu.externaltools.arm-none.win32_1.15.0.201708311556/tools/compiler/bin/../lib/gcc/arm-none-eabi/6.3.1/thumb/v7e-m/fpv4-sp/hard/crtbegin.o

.ccmram         0x10000000        0x0 load address 0x080063c8
                0x10000000                . = ALIGN (0x4)
                0x10000000                _sccmram = .
 *(.ccmram)
 *(.ccmram*)
                0x10000000                . = ALIGN (0x4)
                0x10000000                _eccmram = .
                0x10000000                . = ALIGN (0x4)

.bss            0x2000033c      0xb3c
                0x2000033c                _sbss = .
                0x2000033c                __bss_start__ = _sbss
 *(.bss)
 .bss           0x2000033c       0x1c d:/ac6/systemworkbench/plugins/fr.ac6.mcu.externaltools.arm-none.win32_1.15.0.201708311556/tools/compiler/bin/../lib/gcc/arm-none-eabi/6.3.1/thumb/v7e-m/fpv4-sp/hard/crtbegin.o
 .bss           0x20000358       0x38 AT86RF212B/Src/AT86RF212B.o
 .bss           0x20000390        0x1 AT86RF212B/Src/errors_and_logging.o
                0x20000390                logging
 *fill*         0x20000391        0x3 
 .bss           0x20000394      0x104 AT86RF212B/Src/interfaceHAL.o
 .bss           0x20000498        0x2 AT86RF212B/Src/terminal.o
                0x20000498                newCmd
 .bss           0x2000049a        0x1 Middlewares/ST/STM32_USB_Device_Library/Class/CDC/Src/usbd_cdc.o
 .bss           0x2000049b        0x1 Middlewares/ST/STM32_USB_Device_Library/Core/Src/usbd_ctlreq.o
 *(.bss*)
 .bss.__malloc_free_list
                0x2000049c        0x4 d:/ac6/systemworkbench/plugins/fr.ac6.mcu.externaltools.arm-none.win32_1.15.0.201708311556/tools/compiler/bin/../lib/gcc/arm-none-eabi/6.3.1/../../../../arm-none-eabi/lib/thumb/v7e-m/fpv4-sp/hard\libc_nano.a(lib_a-nano-mallocr.o)
                0x2000049c                __malloc_free_list
 .bss.__malloc_sbrk_start
                0x200004a0        0x4 d:/ac6/systemworkbench/plugins/fr.ac6.mcu.externaltools.arm-none.win32_1.15.0.201708311556/tools/compiler/bin/../lib/gcc/arm-none-eabi/6.3.1/../../../../arm-none-eabi/lib/thumb/v7e-m/fpv4-sp/hard\libc_nano.a(lib_a-nano-mallocr.o)
                0x200004a0                __malloc_sbrk_start
 .bss.heap_end.5239
                0x200004a4        0x4 d:/ac6/systemworkbench/plugins/fr.ac6.mcu.externaltools.arm-none.win32_1.15.0.201708311556/tools/compiler/bin/../lib/gcc/arm-none-eabi/6.3.1/../../../../arm-none-eabi/lib/thumb/v7e-m/fpv4-sp/hard\libnosys.a(sbrk.o)
 *(COMMON)
 COMMON         0x200004a8       0x5c AT86RF212B/Src/AT86RF212B_HAL.o
                0x200004a8                AT86RF212B_Mode
                0x200004ac                hspi
 COMMON         0x20000504        0x4 Drivers/STM32F4xx_HAL_Driver/Src/stm32f4xx_hal.o
                0x20000504                uwTick
 COMMON         0x20000508       0x58 Src/main.o
                0x20000508                hspi3
 COMMON         0x20000560      0x224 Src/usb_device.o
                0x20000560                hUsbDeviceHS
 COMMON         0x20000784      0x100 Src/usbd_cdc_if.o
                0x20000784                UserRxBufferHS
                0x20000804                UserTxBufferHS
 COMMON         0x20000884      0x3f0 Src/usbd_conf.o
                0x20000884                hpcd_USB_OTG_HS
 COMMON         0x20000c74      0x200 Src/usbd_desc.o
                0x20000c74                USBD_StrDesc
 COMMON         0x20000e74        0x4 d:/ac6/systemworkbench/plugins/fr.ac6.mcu.externaltools.arm-none.win32_1.15.0.201708311556/tools/compiler/bin/../lib/gcc/arm-none-eabi/6.3.1/../../../../arm-none-eabi/lib/thumb/v7e-m/fpv4-sp/hard\libc_nano.a(lib_a-reent.o)
                0x20000e74                errno
                0x20000e78                . = ALIGN (0x4)
                0x20000e78                _ebss = .
                0x20000e78                __bss_end__ = _ebss

._user_heap_stack
                0x20000e78      0x600
                0x20000e78                . = ALIGN (0x8)
                0x20000e78                PROVIDE (end, .)
                [!provide]                PROVIDE (_end, .)
                0x20001078                . = (. + _Min_Heap_Size)
 *fill*         0x20000e78      0x200 
                0x20001478                . = (. + _Min_Stack_Size)
 *fill*         0x20001078      0x400 
                0x20001478                . = ALIGN (0x8)

/DISCARD/
 libc.a(*)
 libm.a(*)
 libgcc.a(*)

.ARM.attributes
                0x00000000       0x30
 *(.ARM.attributes)
 .ARM.attributes
                0x00000000       0x22 d:/ac6/systemworkbench/plugins/fr.ac6.mcu.externaltools.arm-none.win32_1.15.0.201708311556/tools/compiler/bin/../lib/gcc/arm-none-eabi/6.3.1/thumb/v7e-m/fpv4-sp/hard/crti.o
 .ARM.attributes
                0x00000022       0x34 d:/ac6/systemworkbench/plugins/fr.ac6.mcu.externaltools.arm-none.win32_1.15.0.201708311556/tools/compiler/bin/../lib/gcc/arm-none-eabi/6.3.1/thumb/v7e-m/fpv4-sp/hard/crtbegin.o
 .ARM.attributes
                0x00000056       0x39 AT86RF212B/Src/AT86RF212B.o
 .ARM.attributes
                0x0000008f       0x39 AT86RF212B/Src/AT86RF212B_HAL.o
 .ARM.attributes
                0x000000c8       0x39 AT86RF212B/Src/MainController.o
 .ARM.attributes
                0x00000101       0x39 AT86RF212B/Src/errors_and_logging.o
 .ARM.attributes
                0x0000013a       0x39 AT86RF212B/Src/generalHAL.o
 .ARM.attributes
                0x00000173       0x39 AT86RF212B/Src/interfaceHAL.o
 .ARM.attributes
                0x000001ac       0x39 AT86RF212B/Src/rawMode.o
 .ARM.attributes
                0x000001e5       0x39 AT86RF212B/Src/terminal.o
 .ARM.attributes
                0x0000021e       0x39 Drivers/STM32F4xx_HAL_Driver/Src/stm32f4xx_hal.o
 .ARM.attributes
                0x00000257       0x39 Drivers/STM32F4xx_HAL_Driver/Src/stm32f4xx_hal_cortex.o
 .ARM.attributes
                0x00000290       0x39 Drivers/STM32F4xx_HAL_Driver/Src/stm32f4xx_hal_gpio.o
 .ARM.attributes
                0x000002c9       0x39 Drivers/STM32F4xx_HAL_Driver/Src/stm32f4xx_hal_pcd.o
 .ARM.attributes
                0x00000302       0x39 Drivers/STM32F4xx_HAL_Driver/Src/stm32f4xx_hal_pcd_ex.o
 .ARM.attributes
                0x0000033b       0x39 Drivers/STM32F4xx_HAL_Driver/Src/stm32f4xx_hal_rcc.o
 .ARM.attributes
                0x00000374       0x39 Drivers/STM32F4xx_HAL_Driver/Src/stm32f4xx_hal_spi.o
 .ARM.attributes
                0x000003ad       0x39 Drivers/STM32F4xx_HAL_Driver/Src/stm32f4xx_ll_usb.o
 .ARM.attributes
                0x000003e6       0x39 Middlewares/ST/STM32_USB_Device_Library/Class/CDC/Src/usbd_cdc.o
 .ARM.attributes
                0x0000041f       0x39 Middlewares/ST/STM32_USB_Device_Library/Core/Src/usbd_core.o
 .ARM.attributes
                0x00000458       0x39 Middlewares/ST/STM32_USB_Device_Library/Core/Src/usbd_ctlreq.o
 .ARM.attributes
                0x00000491       0x39 Middlewares/ST/STM32_USB_Device_Library/Core/Src/usbd_ioreq.o
 .ARM.attributes
                0x000004ca       0x39 Src/main.o
 .ARM.attributes
                0x00000503       0x39 Src/stm32f4xx_hal_msp.o
 .ARM.attributes
                0x0000053c       0x39 Src/stm32f4xx_it.o
 .ARM.attributes
                0x00000575       0x39 Src/system_stm32f4xx.o
 .ARM.attributes
                0x000005ae       0x39 Src/usb_device.o
 .ARM.attributes
                0x000005e7       0x39 Src/usbd_cdc_if.o
 .ARM.attributes
                0x00000620       0x39 Src/usbd_conf.o
 .ARM.attributes
                0x00000659       0x39 Src/usbd_desc.o
 .ARM.attributes
                0x00000692       0x21 startup/startup_stm32f429xx.o
 .ARM.attributes
                0x000006b3       0x22 d:/ac6/systemworkbench/plugins/fr.ac6.mcu.externaltools.arm-none.win32_1.15.0.201708311556/tools/compiler/bin/../lib/gcc/arm-none-eabi/6.3.1/thumb/v7e-m/fpv4-sp/hard\libgcc.a(_aeabi_uldivmod.o)
 .ARM.attributes
                0x000006d5       0x34 d:/ac6/systemworkbench/plugins/fr.ac6.mcu.externaltools.arm-none.win32_1.15.0.201708311556/tools/compiler/bin/../lib/gcc/arm-none-eabi/6.3.1/thumb/v7e-m/fpv4-sp/hard\libgcc.a(_udivmoddi4.o)
 .ARM.attributes
                0x00000709       0x22 d:/ac6/systemworkbench/plugins/fr.ac6.mcu.externaltools.arm-none.win32_1.15.0.201708311556/tools/compiler/bin/../lib/gcc/arm-none-eabi/6.3.1/thumb/v7e-m/fpv4-sp/hard\libgcc.a(_dvmd_tls.o)
 .ARM.attributes
                0x0000072b       0x34 d:/ac6/systemworkbench/plugins/fr.ac6.mcu.externaltools.arm-none.win32_1.15.0.201708311556/tools/compiler/bin/../lib/gcc/arm-none-eabi/6.3.1/../../../../arm-none-eabi/lib/thumb/v7e-m/fpv4-sp/hard\libc_nano.a(lib_a-exit.o)
 .ARM.attributes
                0x0000075f       0x34 d:/ac6/systemworkbench/plugins/fr.ac6.mcu.externaltools.arm-none.win32_1.15.0.201708311556/tools/compiler/bin/../lib/gcc/arm-none-eabi/6.3.1/../../../../arm-none-eabi/lib/thumb/v7e-m/fpv4-sp/hard\libc_nano.a(lib_a-impure.o)
 .ARM.attributes
                0x00000793       0x34 d:/ac6/systemworkbench/plugins/fr.ac6.mcu.externaltools.arm-none.win32_1.15.0.201708311556/tools/compiler/bin/../lib/gcc/arm-none-eabi/6.3.1/../../../../arm-none-eabi/lib/thumb/v7e-m/fpv4-sp/hard\libc_nano.a(lib_a-init.o)
 .ARM.attributes
                0x000007c7       0x34 d:/ac6/systemworkbench/plugins/fr.ac6.mcu.externaltools.arm-none.win32_1.15.0.201708311556/tools/compiler/bin/../lib/gcc/arm-none-eabi/6.3.1/../../../../arm-none-eabi/lib/thumb/v7e-m/fpv4-sp/hard\libc_nano.a(lib_a-malloc.o)
 .ARM.attributes
                0x000007fb       0x34 d:/ac6/systemworkbench/plugins/fr.ac6.mcu.externaltools.arm-none.win32_1.15.0.201708311556/tools/compiler/bin/../lib/gcc/arm-none-eabi/6.3.1/../../../../arm-none-eabi/lib/thumb/v7e-m/fpv4-sp/hard\libc_nano.a(lib_a-memcpy-stub.o)
 .ARM.attributes
                0x0000082f       0x34 d:/ac6/systemworkbench/plugins/fr.ac6.mcu.externaltools.arm-none.win32_1.15.0.201708311556/tools/compiler/bin/../lib/gcc/arm-none-eabi/6.3.1/../../../../arm-none-eabi/lib/thumb/v7e-m/fpv4-sp/hard\libc_nano.a(lib_a-memset.o)
 .ARM.attributes
                0x00000863       0x34 d:/ac6/systemworkbench/plugins/fr.ac6.mcu.externaltools.arm-none.win32_1.15.0.201708311556/tools/compiler/bin/../lib/gcc/arm-none-eabi/6.3.1/../../../../arm-none-eabi/lib/thumb/v7e-m/fpv4-sp/hard\libc_nano.a(lib_a-nano-freer.o)
 .ARM.attributes
                0x00000897       0x34 d:/ac6/systemworkbench/plugins/fr.ac6.mcu.externaltools.arm-none.win32_1.15.0.201708311556/tools/compiler/bin/../lib/gcc/arm-none-eabi/6.3.1/../../../../arm-none-eabi/lib/thumb/v7e-m/fpv4-sp/hard\libc_nano.a(lib_a-nano-mallocr.o)
 .ARM.attributes
                0x000008cb       0x34 d:/ac6/systemworkbench/plugins/fr.ac6.mcu.externaltools.arm-none.win32_1.15.0.201708311556/tools/compiler/bin/../lib/gcc/arm-none-eabi/6.3.1/../../../../arm-none-eabi/lib/thumb/v7e-m/fpv4-sp/hard\libc_nano.a(lib_a-sbrkr.o)
 .ARM.attributes
                0x000008ff       0x34 d:/ac6/systemworkbench/plugins/fr.ac6.mcu.externaltools.arm-none.win32_1.15.0.201708311556/tools/compiler/bin/../lib/gcc/arm-none-eabi/6.3.1/../../../../arm-none-eabi/lib/thumb/v7e-m/fpv4-sp/hard\libc_nano.a(lib_a-sprintf.o)
 .ARM.attributes
                0x00000933       0x20 d:/ac6/systemworkbench/plugins/fr.ac6.mcu.externaltools.arm-none.win32_1.15.0.201708311556/tools/compiler/bin/../lib/gcc/arm-none-eabi/6.3.1/../../../../arm-none-eabi/lib/thumb/v7e-m/fpv4-sp/hard\libc_nano.a(lib_a-strcmp.o)
 .ARM.attributes
                0x00000953       0x34 d:/ac6/systemworkbench/plugins/fr.ac6.mcu.externaltools.arm-none.win32_1.15.0.201708311556/tools/compiler/bin/../lib/gcc/arm-none-eabi/6.3.1/../../../../arm-none-eabi/lib/thumb/v7e-m/fpv4-sp/hard\libc_nano.a(lib_a-strcpy.o)
 .ARM.attributes
                0x00000987       0x1b d:/ac6/systemworkbench/plugins/fr.ac6.mcu.externaltools.arm-none.win32_1.15.0.201708311556/tools/compiler/bin/../lib/gcc/arm-none-eabi/6.3.1/../../../../arm-none-eabi/lib/thumb/v7e-m/fpv4-sp/hard\libc_nano.a(lib_a-strlen.o)
 .ARM.attributes
                0x000009a2       0x34 d:/ac6/systemworkbench/plugins/fr.ac6.mcu.externaltools.arm-none.win32_1.15.0.201708311556/tools/compiler/bin/../lib/gcc/arm-none-eabi/6.3.1/../../../../arm-none-eabi/lib/thumb/v7e-m/fpv4-sp/hard\libc_nano.a(lib_a-strtol.o)
 .ARM.attributes
                0x000009d6       0x34 d:/ac6/systemworkbench/plugins/fr.ac6.mcu.externaltools.arm-none.win32_1.15.0.201708311556/tools/compiler/bin/../lib/gcc/arm-none-eabi/6.3.1/../../../../arm-none-eabi/lib/thumb/v7e-m/fpv4-sp/hard\libc_nano.a(lib_a-locale.o)
 .ARM.attributes
                0x00000a0a       0x34 d:/ac6/systemworkbench/plugins/fr.ac6.mcu.externaltools.arm-none.win32_1.15.0.201708311556/tools/compiler/bin/../lib/gcc/arm-none-eabi/6.3.1/../../../../arm-none-eabi/lib/thumb/v7e-m/fpv4-sp/hard\libc_nano.a(lib_a-mbtowc_r.o)
 .ARM.attributes
                0x00000a3e       0x34 d:/ac6/systemworkbench/plugins/fr.ac6.mcu.externaltools.arm-none.win32_1.15.0.201708311556/tools/compiler/bin/../lib/gcc/arm-none-eabi/6.3.1/../../../../arm-none-eabi/lib/thumb/v7e-m/fpv4-sp/hard\libc_nano.a(lib_a-mlock.o)
 .ARM.attributes
                0x00000a72       0x34 d:/ac6/systemworkbench/plugins/fr.ac6.mcu.externaltools.arm-none.win32_1.15.0.201708311556/tools/compiler/bin/../lib/gcc/arm-none-eabi/6.3.1/../../../../arm-none-eabi/lib/thumb/v7e-m/fpv4-sp/hard\libc_nano.a(lib_a-nano-svfprintf.o)
 .ARM.attributes
                0x00000aa6       0x34 d:/ac6/systemworkbench/plugins/fr.ac6.mcu.externaltools.arm-none.win32_1.15.0.201708311556/tools/compiler/bin/../lib/gcc/arm-none-eabi/6.3.1/../../../../arm-none-eabi/lib/thumb/v7e-m/fpv4-sp/hard\libc_nano.a(lib_a-nano-vfprintf_i.o)
 .ARM.attributes
                0x00000ada       0x34 d:/ac6/systemworkbench/plugins/fr.ac6.mcu.externaltools.arm-none.win32_1.15.0.201708311556/tools/compiler/bin/../lib/gcc/arm-none-eabi/6.3.1/../../../../arm-none-eabi/lib/thumb/v7e-m/fpv4-sp/hard\libc_nano.a(lib_a-reent.o)
 .ARM.attributes
                0x00000b0e       0x34 d:/ac6/systemworkbench/plugins/fr.ac6.mcu.externaltools.arm-none.win32_1.15.0.201708311556/tools/compiler/bin/../lib/gcc/arm-none-eabi/6.3.1/../../../../arm-none-eabi/lib/thumb/v7e-m/fpv4-sp/hard\libc_nano.a(lib_a-wctomb_r.o)
 .ARM.attributes
                0x00000b42       0x34 d:/ac6/systemworkbench/plugins/fr.ac6.mcu.externaltools.arm-none.win32_1.15.0.201708311556/tools/compiler/bin/../lib/gcc/arm-none-eabi/6.3.1/../../../../arm-none-eabi/lib/thumb/v7e-m/fpv4-sp/hard\libc_nano.a(lib_a-ctype_.o)
 .ARM.attributes
                0x00000b76       0x20 d:/ac6/systemworkbench/plugins/fr.ac6.mcu.externaltools.arm-none.win32_1.15.0.201708311556/tools/compiler/bin/../lib/gcc/arm-none-eabi/6.3.1/../../../../arm-none-eabi/lib/thumb/v7e-m/fpv4-sp/hard\libc_nano.a(lib_a-memchr.o)
 .ARM.attributes
                0x00000b96       0x34 d:/ac6/systemworkbench/plugins/fr.ac6.mcu.externaltools.arm-none.win32_1.15.0.201708311556/tools/compiler/bin/../lib/gcc/arm-none-eabi/6.3.1/../../../../arm-none-eabi/lib/thumb/v7e-m/fpv4-sp/hard\libc_nano.a(lib_a-memmove.o)
 .ARM.attributes
                0x00000bca       0x34 d:/ac6/systemworkbench/plugins/fr.ac6.mcu.externaltools.arm-none.win32_1.15.0.201708311556/tools/compiler/bin/../lib/gcc/arm-none-eabi/6.3.1/../../../../arm-none-eabi/lib/thumb/v7e-m/fpv4-sp/hard\libc_nano.a(lib_a-nano-reallocr.o)
 .ARM.attributes
                0x00000bfe       0x34 d:/ac6/systemworkbench/plugins/fr.ac6.mcu.externaltools.arm-none.win32_1.15.0.201708311556/tools/compiler/bin/../lib/gcc/arm-none-eabi/6.3.1/../../../../arm-none-eabi/lib/thumb/v7e-m/fpv4-sp/hard\libc_nano.a(lib_a-nano-msizer.o)
 .ARM.attributes
                0x00000c32       0x34 d:/ac6/systemworkbench/plugins/fr.ac6.mcu.externaltools.arm-none.win32_1.15.0.201708311556/tools/compiler/bin/../lib/gcc/arm-none-eabi/6.3.1/../../../../arm-none-eabi/lib/thumb/v7e-m/fpv4-sp/hard\libnosys.a(sbrk.o)
 .ARM.attributes
                0x00000c66       0x34 d:/ac6/systemworkbench/plugins/fr.ac6.mcu.externaltools.arm-none.win32_1.15.0.201708311556/tools/compiler/bin/../lib/gcc/arm-none-eabi/6.3.1/../../../../arm-none-eabi/lib/thumb/v7e-m/fpv4-sp/hard\libnosys.a(_exit.o)
 .ARM.attributes
                0x00000c9a       0x22 d:/ac6/systemworkbench/plugins/fr.ac6.mcu.externaltools.arm-none.win32_1.15.0.201708311556/tools/compiler/bin/../lib/gcc/arm-none-eabi/6.3.1/thumb/v7e-m/fpv4-sp/hard/crtn.o
OUTPUT(FlightController.elf elf32-littlearm)

.debug_info     0x00000000    0x23d0d
 .debug_info    0x00000000     0x269c AT86RF212B/Src/AT86RF212B.o
 .debug_info    0x0000269c     0x1f4f AT86RF212B/Src/AT86RF212B_HAL.o
 .debug_info    0x000045eb      0x1a0 AT86RF212B/Src/MainController.o
 .debug_info    0x0000478b      0xa31 AT86RF212B/Src/errors_and_logging.o
 .debug_info    0x000051bc      0xb9d AT86RF212B/Src/generalHAL.o
 .debug_info    0x00005d59     0x1161 AT86RF212B/Src/interfaceHAL.o
 .debug_info    0x00006eba      0xf76 AT86RF212B/Src/rawMode.o
 .debug_info    0x00007e30     0x184e AT86RF212B/Src/terminal.o
 .debug_info    0x0000967e     0x1261 Drivers/STM32F4xx_HAL_Driver/Src/stm32f4xx_hal.o
 .debug_info    0x0000a8df     0x17a1 Drivers/STM32F4xx_HAL_Driver/Src/stm32f4xx_hal_cortex.o
 .debug_info    0x0000c080      0xfc2 Drivers/STM32F4xx_HAL_Driver/Src/stm32f4xx_hal_gpio.o
 .debug_info    0x0000d042     0x1cb6 Drivers/STM32F4xx_HAL_Driver/Src/stm32f4xx_hal_pcd.o
 .debug_info    0x0000ecf8      0xdea Drivers/STM32F4xx_HAL_Driver/Src/stm32f4xx_hal_pcd_ex.o
 .debug_info    0x0000fae2     0x128a Drivers/STM32F4xx_HAL_Driver/Src/stm32f4xx_hal_rcc.o
 .debug_info    0x00010d6c     0x221b Drivers/STM32F4xx_HAL_Driver/Src/stm32f4xx_hal_spi.o
 .debug_info    0x00012f87     0x1f2d Drivers/STM32F4xx_HAL_Driver/Src/stm32f4xx_ll_usb.o
 .debug_info    0x00014eb4     0x159b Middlewares/ST/STM32_USB_Device_Library/Class/CDC/Src/usbd_cdc.o
 .debug_info    0x0001644f     0x14a1 Middlewares/ST/STM32_USB_Device_Library/Core/Src/usbd_core.o
 .debug_info    0x000178f0     0x1677 Middlewares/ST/STM32_USB_Device_Library/Core/Src/usbd_ctlreq.o
 .debug_info    0x00018f67      0xfea Middlewares/ST/STM32_USB_Device_Library/Core/Src/usbd_ioreq.o
 .debug_info    0x00019f51     0x1c3e Src/main.o
 .debug_info    0x0001bb8f     0x14fa Src/stm32f4xx_hal_msp.o
 .debug_info    0x0001d089      0xe50 Src/stm32f4xx_it.o
 .debug_info    0x0001ded9      0xd5b Src/system_stm32f4xx.o
 .debug_info    0x0001ec34      0xea2 Src/usb_device.o
 .debug_info    0x0001fad6     0x1124 Src/usbd_cdc_if.o
 .debug_info    0x00020bfa     0x2310 Src/usbd_conf.o
 .debug_info    0x00022f0a      0xd7a Src/usbd_desc.o
 .debug_info    0x00023c84       0x89 startup/startup_stm32f429xx.o

.debug_abbrev   0x00000000     0x4cb1
 .debug_abbrev  0x00000000      0x41f AT86RF212B/Src/AT86RF212B.o
 .debug_abbrev  0x0000041f      0x31c AT86RF212B/Src/AT86RF212B_HAL.o
 .debug_abbrev  0x0000073b       0xbe AT86RF212B/Src/MainController.o
 .debug_abbrev  0x000007f9      0x251 AT86RF212B/Src/errors_and_logging.o
 .debug_abbrev  0x00000a4a      0x242 AT86RF212B/Src/generalHAL.o
 .debug_abbrev  0x00000c8c      0x2df AT86RF212B/Src/interfaceHAL.o
 .debug_abbrev  0x00000f6b      0x25b AT86RF212B/Src/rawMode.o
 .debug_abbrev  0x000011c6      0x309 AT86RF212B/Src/terminal.o
 .debug_abbrev  0x000014cf      0x2e3 Drivers/STM32F4xx_HAL_Driver/Src/stm32f4xx_hal.o
 .debug_abbrev  0x000017b2      0x3e5 Drivers/STM32F4xx_HAL_Driver/Src/stm32f4xx_hal_cortex.o
 .debug_abbrev  0x00001b97      0x2b6 Drivers/STM32F4xx_HAL_Driver/Src/stm32f4xx_hal_gpio.o
 .debug_abbrev  0x00001e4d      0x347 Drivers/STM32F4xx_HAL_Driver/Src/stm32f4xx_hal_pcd.o
 .debug_abbrev  0x00002194      0x25d Drivers/STM32F4xx_HAL_Driver/Src/stm32f4xx_hal_pcd_ex.o
 .debug_abbrev  0x000023f1      0x342 Drivers/STM32F4xx_HAL_Driver/Src/stm32f4xx_hal_rcc.o
 .debug_abbrev  0x00002733      0x301 Drivers/STM32F4xx_HAL_Driver/Src/stm32f4xx_hal_spi.o
 .debug_abbrev  0x00002a34      0x315 Drivers/STM32F4xx_HAL_Driver/Src/stm32f4xx_ll_usb.o
 .debug_abbrev  0x00002d49      0x312 Middlewares/ST/STM32_USB_Device_Library/Class/CDC/Src/usbd_cdc.o
 .debug_abbrev  0x0000305b      0x2d7 Middlewares/ST/STM32_USB_Device_Library/Core/Src/usbd_core.o
 .debug_abbrev  0x00003332      0x338 Middlewares/ST/STM32_USB_Device_Library/Core/Src/usbd_ctlreq.o
 .debug_abbrev  0x0000366a      0x224 Middlewares/ST/STM32_USB_Device_Library/Core/Src/usbd_ioreq.o
 .debug_abbrev  0x0000388e      0x2bc Src/main.o
 .debug_abbrev  0x00003b4a      0x263 Src/stm32f4xx_hal_msp.o
 .debug_abbrev  0x00003dad      0x261 Src/stm32f4xx_it.o
 .debug_abbrev  0x0000400e      0x216 Src/system_stm32f4xx.o
 .debug_abbrev  0x00004224      0x227 Src/usb_device.o
 .debug_abbrev  0x0000444b      0x311 Src/usbd_cdc_if.o
 .debug_abbrev  0x0000475c      0x2eb Src/usbd_conf.o
 .debug_abbrev  0x00004a47      0x258 Src/usbd_desc.o
 .debug_abbrev  0x00004c9f       0x12 startup/startup_stm32f429xx.o

.debug_loc      0x00000000     0x8ddd
 .debug_loc     0x00000000      0x853 AT86RF212B/Src/AT86RF212B.o
 .debug_loc     0x00000853      0x80a AT86RF212B/Src/AT86RF212B_HAL.o
 .debug_loc     0x0000105d       0x21 AT86RF212B/Src/MainController.o
 .debug_loc     0x0000107e       0x97 AT86RF212B/Src/errors_and_logging.o
 .debug_loc     0x00001115       0x8f AT86RF212B/Src/generalHAL.o
 .debug_loc     0x000011a4      0x18d AT86RF212B/Src/interfaceHAL.o
 .debug_loc     0x00001331       0x67 AT86RF212B/Src/rawMode.o
 .debug_loc     0x00001398      0x42d AT86RF212B/Src/terminal.o
 .debug_loc     0x000017c5      0x108 Drivers/STM32F4xx_HAL_Driver/Src/stm32f4xx_hal.o
 .debug_loc     0x000018cd      0x5ce Drivers/STM32F4xx_HAL_Driver/Src/stm32f4xx_hal_cortex.o
 .debug_loc     0x00001e9b      0x3fd Drivers/STM32F4xx_HAL_Driver/Src/stm32f4xx_hal_gpio.o
 .debug_loc     0x00002298      0xc84 Drivers/STM32F4xx_HAL_Driver/Src/stm32f4xx_hal_pcd.o
 .debug_loc     0x00002f1c       0xb7 Drivers/STM32F4xx_HAL_Driver/Src/stm32f4xx_hal_pcd_ex.o
 .debug_loc     0x00002fd3      0x3e6 Drivers/STM32F4xx_HAL_Driver/Src/stm32f4xx_hal_rcc.o
 .debug_loc     0x000033b9     0x1984 Drivers/STM32F4xx_HAL_Driver/Src/stm32f4xx_hal_spi.o
 .debug_loc     0x00004d3d     0x1582 Drivers/STM32F4xx_HAL_Driver/Src/stm32f4xx_ll_usb.o
 .debug_loc     0x000062bf      0x4b9 Middlewares/ST/STM32_USB_Device_Library/Class/CDC/Src/usbd_cdc.o
 .debug_loc     0x00006778      0x71c Middlewares/ST/STM32_USB_Device_Library/Core/Src/usbd_core.o
 .debug_loc     0x00006e94      0xb78 Middlewares/ST/STM32_USB_Device_Library/Core/Src/usbd_ctlreq.o
 .debug_loc     0x00007a0c      0x23c Middlewares/ST/STM32_USB_Device_Library/Core/Src/usbd_ioreq.o
 .debug_loc     0x00007c48       0x5b Src/stm32f4xx_hal_msp.o
 .debug_loc     0x00007ca3      0x13e Src/system_stm32f4xx.o
 .debug_loc     0x00007de1      0x15e Src/usbd_cdc_if.o
 .debug_loc     0x00007f3f      0xbe7 Src/usbd_conf.o
 .debug_loc     0x00008b26      0x2b7 Src/usbd_desc.o

.debug_aranges  0x00000000      0xf50
 .debug_aranges
                0x00000000      0x128 AT86RF212B/Src/AT86RF212B.o
 .debug_aranges
                0x00000128       0x50 AT86RF212B/Src/AT86RF212B_HAL.o
 .debug_aranges
                0x00000178       0x38 AT86RF212B/Src/MainController.o
 .debug_aranges
                0x000001b0       0x28 AT86RF212B/Src/errors_and_logging.o
 .debug_aranges
                0x000001d8       0x38 AT86RF212B/Src/generalHAL.o
 .debug_aranges
                0x00000210       0x58 AT86RF212B/Src/interfaceHAL.o
 .debug_aranges
                0x00000268       0x28 AT86RF212B/Src/rawMode.o
 .debug_aranges
                0x00000290       0xb8 AT86RF212B/Src/terminal.o
 .debug_aranges
                0x00000348       0xf0 Drivers/STM32F4xx_HAL_Driver/Src/stm32f4xx_hal.o
 .debug_aranges
                0x00000438       0xa8 Drivers/STM32F4xx_HAL_Driver/Src/stm32f4xx_hal_cortex.o
 .debug_aranges
                0x000004e0       0x58 Drivers/STM32F4xx_HAL_Driver/Src/stm32f4xx_hal_gpio.o
 .debug_aranges
                0x00000538      0x120 Drivers/STM32F4xx_HAL_Driver/Src/stm32f4xx_hal_pcd.o
 .debug_aranges
                0x00000658       0x28 Drivers/STM32F4xx_HAL_Driver/Src/stm32f4xx_hal_pcd_ex.o
 .debug_aranges
                0x00000680       0x88 Drivers/STM32F4xx_HAL_Driver/Src/stm32f4xx_hal_rcc.o
 .debug_aranges
                0x00000708      0x1c8 Drivers/STM32F4xx_HAL_Driver/Src/stm32f4xx_hal_spi.o
 .debug_aranges
                0x000008d0      0x180 Drivers/STM32F4xx_HAL_Driver/Src/stm32f4xx_ll_usb.o
 .debug_aranges
                0x00000a50       0x90 Middlewares/ST/STM32_USB_Device_Library/Class/CDC/Src/usbd_cdc.o
 .debug_aranges